Archive member included to satisfy reference by file (symbol)

C:/Users/sean/ncs/v1.4.0/toolchain/segger_embedded_studio/lib/libc_v7em_fpv4_sp_d16_hard_t_le_eabi.a(libc_asm.o)
                              C:/Users/sean/Documents/GitHub/nRF52-PlayOpus/PlayOpus/Output/Release/Obj/PlayOpus/PlayOpus_lto.o (__aeabi_uldivmod)
C:/Users/sean/ncs/v1.4.0/toolchain/segger_embedded_studio/lib/libc_v7em_fpv4_sp_d16_hard_t_le_eabi.a(libc2.o)
                              C:/Users/sean/Documents/GitHub/nRF52-PlayOpus/PlayOpus/Output/Release/Obj/PlayOpus/PlayOpus_lto.o (abs)
C:/Users/sean/ncs/v1.4.0/toolchain/segger_embedded_studio/lib/libc_v7em_fpv4_sp_d16_hard_t_le_eabi.a(libc2_asm.o)
                              C:/Users/sean/Documents/GitHub/nRF52-PlayOpus/PlayOpus/Output/Release/Obj/PlayOpus/PlayOpus_lto.o (memcpy)
C:/Users/sean/ncs/v1.4.0/toolchain/segger_embedded_studio/lib/libc_v7em_fpv4_sp_d16_hard_t_le_eabi.a(libvfprintf.o)
                              (__vfprintf_long)
C:/Users/sean/ncs/v1.4.0/toolchain/segger_embedded_studio/lib/libc_v7em_fpv4_sp_d16_hard_t_le_eabi.a(libvfscanf.o)
                              (__vfscanf_long)
C:/Users/sean/ncs/v1.4.0/toolchain/segger_embedded_studio/lib/libc_v7em_fpv4_sp_d16_hard_t_le_eabi.a(libc.o)
                              C:/Users/sean/ncs/v1.4.0/toolchain/segger_embedded_studio/lib/libc_v7em_fpv4_sp_d16_hard_t_le_eabi.a(libc2.o) (__heap_lock)
C:/Users/sean/ncs/v1.4.0/toolchain/segger_embedded_studio/lib/libdebugio_v7em_fpv4_sp_d16_hard_t_le_eabi.a(libdebugio.o)
                              Output/Release/Obj/PlayOpus/thumb_crt0.o (debug_fopen)
C:/Users/sean/ncs/v1.4.0/toolchain/segger_embedded_studio/lib/libdebugio_v7em_fpv4_sp_d16_hard_t_le_eabi.a(do_nv_debug_operation.o)
                              C:/Users/sean/ncs/v1.4.0/toolchain/segger_embedded_studio/lib/libdebugio_v7em_fpv4_sp_d16_hard_t_le_eabi.a(libdebugio.o) (__do_nvdebug_operation)
C:/Users/sean/ncs/v1.4.0/toolchain/segger_embedded_studio/lib/libdebugio_v7em_fpv4_sp_d16_hard_t_le_eabi.a(mempoll_debug_operations.o)
                              (__do_debug_operation_mempoll)
C:/Users/sean/ncs/v1.4.0/toolchain/segger_embedded_studio/lib/libm_v7em_fpv4_sp_d16_hard_t_le_eabi.a(libm_asm.o)
                              C:/Users/sean/ncs/v1.4.0/toolchain/segger_embedded_studio/lib/libc_v7em_fpv4_sp_d16_hard_t_le_eabi.a(libc2.o) (__aeabi_dadd)
C:/Users/sean/ncs/v1.4.0/toolchain/segger_embedded_studio/lib/libm_v7em_fpv4_sp_d16_hard_t_le_eabi.a(libm2.o)
                              C:/Users/sean/ncs/v1.4.0/toolchain/segger_embedded_studio/lib/libc_v7em_fpv4_sp_d16_hard_t_le_eabi.a(libvfprintf.o) (frexp)

Discarded input sections

 .text          0x0000000000000000        0x0 C:/Users/sean/Documents/GitHub/nRF52-PlayOpus/PlayOpus/Output/Release/Obj/PlayOpus/PlayOpus_lto.o
 .data          0x0000000000000000        0x0 C:/Users/sean/Documents/GitHub/nRF52-PlayOpus/PlayOpus/Output/Release/Obj/PlayOpus/PlayOpus_lto.o
 .bss           0x0000000000000000        0x0 C:/Users/sean/Documents/GitHub/nRF52-PlayOpus/PlayOpus/Output/Release/Obj/PlayOpus/PlayOpus_lto.o
 .text.bsp_board_init.part.0
                0x0000000000000000       0x20 C:/Users/sean/Documents/GitHub/nRF52-PlayOpus/PlayOpus/Output/Release/Obj/PlayOpus/PlayOpus_lto.o
 .text.bsp_board_led_invert
                0x0000000000000000       0x74 C:/Users/sean/Documents/GitHub/nRF52-PlayOpus/PlayOpus/Output/Release/Obj/PlayOpus/PlayOpus_lto.o
 .text.alert_timer_handler
                0x0000000000000000        0x8 C:/Users/sean/Documents/GitHub/nRF52-PlayOpus/PlayOpus/Output/Release/Obj/PlayOpus/PlayOpus_lto.o
 .text.leds_off.part.0
                0x0000000000000000       0x14 C:/Users/sean/Documents/GitHub/nRF52-PlayOpus/PlayOpus/Output/Release/Obj/PlayOpus/PlayOpus_lto.o
 .text.bsp_board_led_state_get.constprop.0
                0x0000000000000000       0x14 C:/Users/sean/Documents/GitHub/nRF52-PlayOpus/PlayOpus/Output/Release/Obj/PlayOpus/PlayOpus_lto.o
 .text.leds_timer_handler
                0x0000000000000000      0x2a8 C:/Users/sean/Documents/GitHub/nRF52-PlayOpus/PlayOpus/Output/Release/Obj/PlayOpus/PlayOpus_lto.o
 .text.puts     0x0000000000000000       0x14 C:/Users/sean/Documents/GitHub/nRF52-PlayOpus/PlayOpus/Output/Release/Obj/PlayOpus/PlayOpus_lto.o
 .text.__putchar
                0x0000000000000000       0x18 C:/Users/sean/Documents/GitHub/nRF52-PlayOpus/PlayOpus/Output/Release/Obj/PlayOpus/PlayOpus_lto.o
 .text.__getchar
                0x0000000000000000       0xcc C:/Users/sean/Documents/GitHub/nRF52-PlayOpus/PlayOpus/Output/Release/Obj/PlayOpus/PlayOpus_lto.o
 .bss.m_alert_on
                0x0000000000000000        0x1 C:/Users/sean/Documents/GitHub/nRF52-PlayOpus/PlayOpus/Output/Release/Obj/PlayOpus/PlayOpus_lto.o
 .bss.m_bsp_alert_tmr_data
                0x0000000000000000       0x20 C:/Users/sean/Documents/GitHub/nRF52-PlayOpus/PlayOpus/Output/Release/Obj/PlayOpus/PlayOpus_lto.o
 .bss.m_bsp_leds_tmr_data
[...]
Memory Configuration

Name             Origin             Length             Attributes
UNPLACED_SECTIONS 0x0000000100000000 0x0000000000000000 xw
RAM1             0x0000000020000000 0x0000000000040000 xw
FLASH            0x0000000000000000 0x0000000000100000 xw
*default*        0x0000000000000000 0xffffffffffffffff

Linker script and memory map

                0x0000000000000000                __do_debug_operation = __do_debug_operation_mempoll
                0x000000000001b138                __vfprintf = __vfprintf_long
                0x0000000000000000                __vfscanf = __vfscanf_long
                0x0000000020000000                __RAM1_segment_start__ = 0x20000000
                0x0000000020040000                __RAM1_segment_end__ = 0x20040000
                0x0000000000040000                __RAM1_segment_size__ = 0x40000
                0x0000000000000000                __FLASH_segment_start__ = 0x0
                0x0000000000100000                __FLASH_segment_end__ = 0x100000
                0x0000000000100000                __FLASH_segment_size__ = 0x100000
                0x0000000000008000                __HEAPSIZE__ = 0x8000
                0x0000000000000000                __STACKSIZE_PROCESS__ = 0x0
                0x0000000000008000                __STACKSIZE__ = 0x8000
                0x0000000020000000                __vectors_ram_load_start__ = 0x20000000

.vectors_ram    0x0000000020000000        0x0
                0x0000000020000000                __vectors_ram_start__ = .
                0x0000000020000000                __app_ram_start__ = __vectors_ram_start__
 *(.vectors_ram .vectors_ram.*)
                0x0000000020000000                __vectors_ram_end__ = (__vectors_ram_start__ + SIZEOF (.vectors_ram))
                0x0000000000000000                __vectors_ram_size__ = SIZEOF (.vectors_ram)
                0x0000000020000000                __vectors_ram_load_end__ = __vectors_ram_end__
                0x0000000000000001                . = ASSERT (((__vectors_ram_start__ == __vectors_ram_end__) || ((__vectors_ram_end__ - __RAM1_segment_start__) <= __RAM1_segment_size__)), error: .vectors_ram is too large to fit in RAM1 memory segment)
                0x0000000020000000                __nrf_sections_run_load_start__ = ALIGN (__vectors_ram_end__, 0x4)

.nrf_sections_run
                0x0000000020000000        0x0
                0x0000000020000000                __nrf_sections_run_start__ = .
                0x0000000020000000                __start_nrf_sections_run = __nrf_sections_run_start__
 *(.nrf_sections_run .nrf_sections_run.*)
                0x0000000020000000                __nrf_sections_run_end__ = (__nrf_sections_run_start__ + SIZEOF (.nrf_sections_run))
                0x0000000000000000                __nrf_sections_run_size__ = SIZEOF (.nrf_sections_run)
                0x0000000020000000                __nrf_sections_run_load_end__ = __nrf_sections_run_end__
                0x0000000000000001                . = ASSERT (((__nrf_sections_run_start__ == __nrf_sections_run_end__) || ((__nrf_sections_run_end__ - __RAM1_segment_start__) <= __RAM1_segment_size__)), error: .nrf_sections_run is too large to fit in RAM1 memory segment)
                0x0000000000000000                __vectors_load_start__ = 0x0

.vectors        0x0000000000000000      0x200
                0x0000000000000000                __vectors_start__ = .
 *(.vectors .vectors.*)
 .vectors       0x0000000000000000      0x200 Output/Release/Obj/PlayOpus/ses_startup_nrf52840.o
                0x0000000000000000                _vectors
                0x0000000000000200                __vectors_end__ = (__vectors_start__ + SIZEOF (.vectors))
                0x0000000000000200                __vectors_size__ = SIZEOF (.vectors)
                0x0000000000000200                __vectors_load_end__ = __vectors_end__
                0x0000000000000001                . = ASSERT (((__vectors_start__ == __vectors_end__) || ((__vectors_end__ - __FLASH_segment_start__) <= __FLASH_segment_size__)), error: .vectors is too large to fit in FLASH memory segment)
                0x0000000000000200                __init_load_start__ = ALIGN (__vectors_end__, 0x4)

.init           0x0000000000000200      0x1d0
                0x0000000000000200                __init_start__ = .
 *(.init .init.*)
 .init          0x0000000000000200      0x15c Output/Release/Obj/PlayOpus/thumb_crt0.o
                0x0000000000000200                _start
                0x00000000000002b4                exit
 .init          0x000000000000035c       0x18 Output/Release/Obj/PlayOpus/ses_startup_nrf52840.o
                0x000000000000035c                NMI_Handler
                0x0000000000000360                MemoryManagement_Handler
                0x0000000000000362                BusFault_Handler
                0x0000000000000364                UsageFault_Handler
                0x0000000000000366                SVC_Handler
                0x0000000000000368                DebugMon_Handler
                0x000000000000036a                PendSV_Handler
                0x000000000000036c                SysTick_Handler
                0x000000000000036e                PWM1_IRQHandler
                0x000000000000036e                SWI0_EGU0_IRQHandler
                0x000000000000036e                RADIO_IRQHandler
                0x000000000000036e                PDM_IRQHandler
                0x000000000000036e                TEMP_IRQHandler
                0x000000000000036e                QDEC_IRQHandler
                0x000000000000036e                TIMER3_IRQHandler
                0x000000000000036e                PWM3_IRQHandler
                0x000000000000036e                FPU_IRQHandler
                0x000000000000036e                RTC0_IRQHandler
                0x000000000000036e                SWI2_EGU2_IRQHandler
                0x000000000000036e                TIMER4_IRQHandler
                0x000000000000036e                CRYPTOCELL_IRQHandler
                0x000000000000036e                SWI4_EGU4_IRQHandler
                0x000000000000036e                TIMER0_IRQHandler
                0x000000000000036e                UARTE1_IRQHandler
                0x000000000000036e                Dummy_Handler
                0x000000000000036e                TIMER1_IRQHandler
                0x000000000000036e                SPIM3_IRQHandler
                0x000000000000036e                PWM2_IRQHandler
                0x000000000000036e                ECB_IRQHandler
                0x000000000000036e                SPIM1_SPIS1_TWIM1_TWIS1_SPI1_TWI1_IRQHandler
                0x000000000000036e                SAADC_IRQHandler
                0x000000000000036e                CCM_AAR_IRQHandler
                0x000000000000036e                WDT_IRQHandler
                0x000000000000036e                SPIM0_SPIS0_TWIM0_TWIS0_SPI0_TWI0_IRQHandler
                0x000000000000036e                SWI5_EGU5_IRQHandler
                0x000000000000036e                RNG_IRQHandler
                0x000000000000036e                RTC2_IRQHandler
                0x000000000000036e                PWM0_IRQHandler
                0x000000000000036e                SWI3_EGU3_IRQHandler
                0x000000000000036e                SWI1_EGU1_IRQHandler
                0x000000000000036e                SPIM2_SPIS2_SPI2_IRQHandler
                0x000000000000036e                NFCT_IRQHandler
                0x000000000000036e                TIMER2_IRQHandler
                0x000000000000036e                MWU_IRQHandler
                0x000000000000036e                COMP_LPCOMP_IRQHandler
                0x0000000000000370                nRFInitialize
 .init          0x0000000000000374       0x5c Output/Release/Obj/PlayOpus/ses_startup_nrf_common.o
                0x0000000000000374                Reset_Handler
                0x0000000000000378                afterInitialize
                0x000000000000039c                InitializeUserMemorySections
                0x00000000000003d0                __init_end__ = (__init_start__ + SIZEOF (.init))
                0x00000000000001d0                __init_size__ = SIZEOF (.init)
                0x00000000000003d0                __init_load_end__ = __init_end__
                0x0000000000000001                . = ASSERT (((__init_start__ == __init_end__) || ((__init_end__ - __FLASH_segment_start__) <= __FLASH_segment_size__)), error: .init is too large to fit in FLASH memory segment)
                0x00000000000003d0                __init_rodata_load_start__ = ALIGN (__init_end__, 0x4)

.init_rodata    0x00000000000003d0        0x0
                0x00000000000003d0                __init_rodata_start__ = .
 *(.init_rodata .init_rodata.*)
                0x00000000000003d0                __init_rodata_end__ = (__init_rodata_start__ + SIZEOF (.init_rodata))
                0x0000000000000000                __init_rodata_size__ = SIZEOF (.init_rodata)
                0x00000000000003d0                __init_rodata_load_end__ = __init_rodata_end__
                0x0000000000000001                . = ASSERT (((__init_rodata_start__ == __init_rodata_end__) || ((__init_rodata_end__ - __FLASH_segment_start__) <= __FLASH_segment_size__)), error: .init_rodata is too large to fit in FLASH memory segment)
                0x00000000000003d0                __text_load_start__ = ALIGN (__init_rodata_end__, 0x4)

.text           0x00000000000003d0    0x1b3a0
                0x00000000000003d0                __text_start__ = .
 *(.text .text.* .glue_7t .glue_7 .gnu.linkonce.t.* .gcc_except_table .ARM.extab* .gnu.linkonce.armextab.*)
 .glue_7        0x00000000000003d0        0x0 linker stubs
 .glue_7t       0x00000000000003d0        0x0 linker stubs
 .text.nrf_log_backend_rtt_flush
                0x00000000000003d0        0x4 C:/Users/sean/Documents/GitHub/nRF52-PlayOpus/PlayOpus/Output/Release/Obj/PlayOpus/PlayOpus_lto.o
 .text.invalid_packets_omit
                0x00000000000003d4       0x40 C:/Users/sean/Documents/GitHub/nRF52-PlayOpus/PlayOpus/Output/Release/Obj/PlayOpus/PlayOpus_lto.o
 .text.nrf_log_panic
                0x0000000000000414       0x28 C:/Users/sean/Documents/GitHub/nRF52-PlayOpus/PlayOpus/Output/Release/Obj/PlayOpus/PlayOpus_lto.o
 .text.app_error_handler
                0x000000000000043c       0x1c C:/Users/sean/Documents/GitHub/nRF52-PlayOpus/PlayOpus/Output/Release/Obj/PlayOpus/PlayOpus_lto.o
 .text.compare_func
                0x0000000000000458       0x18 C:/Users/sean/Documents/GitHub/nRF52-PlayOpus/PlayOpus/Output/Release/Obj/PlayOpus/PlayOpus_lto.o
 .text.app_usbd_sof_timestamp_get
                0x0000000000000470        0xc C:/Users/sean/Documents/GitHub/nRF52-PlayOpus/PlayOpus/Output/Release/Obj/PlayOpus/PlayOpus_lto.o
 .text.setup_data_handler_empty
                0x000000000000047c        0x4 C:/Users/sean/Documents/GitHub/nRF52-PlayOpus/PlayOpus/Output/Release/Obj/PlayOpus/PlayOpus_lto.o
 .text.__NVIC_SystemReset.lto_priv.0
                0x0000000000000480       0x24 C:/Users/sean/Documents/GitHub/nRF52-PlayOpus/PlayOpus/Output/Release/Obj/PlayOpus/PlayOpus_lto.o
 .text.nrf_atfifo_wspace_req.isra.0
                0x00000000000004a4       0x4c C:/Users/sean/Documents/GitHub/nRF52-PlayOpus/PlayOpus/Output/Release/Obj/PlayOpus/PlayOpus_lto.o
 .text.nrf_atfifo_rspace_req.isra.0
                0x00000000000004f0       0x4c C:/Users/sean/Documents/GitHub/nRF52-PlayOpus/PlayOpus/Output/Release/Obj/PlayOpus/PlayOpus_lto.o
 .text.clock_irq_handler
                0x000000000000053c       0x44 C:/Users/sean/Documents/GitHub/nRF52-PlayOpus/PlayOpus/Output/Release/Obj/PlayOpus/PlayOpus_lto.o
 .text.qspi_task_perform
                0x0000000000000580       0x54 C:/Users/sean/Documents/GitHub/nRF52-PlayOpus/PlayOpus/Output/Release/Obj/PlayOpus/PlayOpus_lto.o
 .text.ev_usbreset_handler
                0x00000000000005d4       0x34 C:/Users/sean/Documents/GitHub/nRF52-PlayOpus/PlayOpus/Output/Release/Obj/PlayOpus/PlayOpus_lto.o
 .text.ev_started_handler
                0x0000000000000608        0x4 C:/Users/sean/Documents/GitHub/nRF52-PlayOpus/PlayOpus/Output/Release/Obj/PlayOpus/PlayOpus_lto.o
 .text.msc_user_ev_handler
                0x000000000000060c        0x4 C:/Users/sean/Documents/GitHub/nRF52-PlayOpus/PlayOpus/Output/Release/Obj/PlayOpus/PlayOpus_lto.o
 .text._WriteNoCheck
                0x0000000000000610       0x48 C:/Users/sean/Documents/GitHub/nRF52-PlayOpus/PlayOpus/Output/Release/Obj/PlayOpus/PlayOpus_lto.o
 .text._DoInit  0x0000000000000658       0x60 C:/Users/sean/Documents/GitHub/nRF52-PlayOpus/PlayOpus/Output/Release/Obj/PlayOpus/PlayOpus_lto.o
 .text.default_wait_func
                0x00000000000006b8        0x4 C:/Users/sean/Documents/GitHub/nRF52-PlayOpus/PlayOpus/Output/Release/Obj/PlayOpus/PlayOpus_lto.o
 .text.get_ldnumber
                0x00000000000006bc       0x48 C:/Users/sean/Documents/GitHub/nRF52-PlayOpus/PlayOpus/Output/Release/Obj/PlayOpus/PlayOpus_lto.o
 .text.bitexact_log2tan
                0x0000000000000704       0x58 C:/Users/sean/Documents/GitHub/nRF52-PlayOpus/PlayOpus/Output/Release/Obj/PlayOpus/PlayOpus_lto.o
 .text.denormalise_bands
                0x000000000000075c      0x198 C:/Users/sean/Documents/GitHub/nRF52-PlayOpus/PlayOpus/Output/Release/Obj/PlayOpus/PlayOpus_lto.o
 .text.haar1    0x00000000000008f4       0x6c C:/Users/sean/Documents/GitHub/nRF52-PlayOpus/PlayOpus/Output/Release/Obj/PlayOpus/PlayOpus_lto.o
 .text.deinterleave_hadamard
                0x0000000000000960       0xbc C:/Users/sean/Documents/GitHub/nRF52-PlayOpus/PlayOpus/Output/Release/Obj/PlayOpus/PlayOpus_lto.o
 .text.silk_bwexpander
                0x0000000000000a1c       0x50 C:/Users/sean/Documents/GitHub/nRF52-PlayOpus/PlayOpus/Output/Release/Obj/PlayOpus/PlayOpus_lto.o
 .text.silk_bwexpander_32
                0x0000000000000a6c       0x50 C:/Users/sean/Documents/GitHub/nRF52-PlayOpus/PlayOpus/Output/Release/Obj/PlayOpus/PlayOpus_lto.o
 .text.deemphasis
                0x0000000000000abc      0x2b4 C:/Users/sean/Documents/GitHub/nRF52-PlayOpus/PlayOpus/Output/Release/Obj/PlayOpus/PlayOpus_lto.o
 .text.opus_custom_decoder_ctl
                0x0000000000000d70      0x1d8 C:/Users/sean/Documents/GitHub/nRF52-PlayOpus/PlayOpus/Output/Release/Obj/PlayOpus/PlayOpus_lto.o
 .text._celt_autocorr
                0x0000000000000f48      0x218 C:/Users/sean/Documents/GitHub/nRF52-PlayOpus/PlayOpus/Output/Release/Obj/PlayOpus/PlayOpus_lto.o
 .text.ec_tell_frac
                0x0000000000001160       0x38 C:/Users/sean/Documents/GitHub/nRF52-PlayOpus/PlayOpus/Output/Release/Obj/PlayOpus/PlayOpus_lto.o
 .text.ec_dec_normalize
                0x0000000000001198       0x5c C:/Users/sean/Documents/GitHub/nRF52-PlayOpus/PlayOpus/Output/Release/Obj/PlayOpus/PlayOpus_lto.o
 .text.ec_decode
                0x00000000000011f4       0x5c C:/Users/sean/Documents/GitHub/nRF52-PlayOpus/PlayOpus/Output/Release/Obj/PlayOpus/PlayOpus_lto.o
 .text.ec_dec_update
                0x0000000000001250       0x2c C:/Users/sean/Documents/GitHub/nRF52-PlayOpus/PlayOpus/Output/Release/Obj/PlayOpus/PlayOpus_lto.o
 .text.ec_dec_bit_logp
                0x000000000000127c       0x24 C:/Users/sean/Documents/GitHub/nRF52-PlayOpus/PlayOpus/Output/Release/Obj/PlayOpus/PlayOpus_lto.o
 .text.ec_dec_icdf
                0x00000000000012a0       0x38 C:/Users/sean/Documents/GitHub/nRF52-PlayOpus/PlayOpus/Output/Release/Obj/PlayOpus/PlayOpus_lto.o
 .text.ec_dec_bits
                0x00000000000012d8       0x60 C:/Users/sean/Documents/GitHub/nRF52-PlayOpus/PlayOpus/Output/Release/Obj/PlayOpus/PlayOpus_lto.o
 .text.ec_dec_uint
                0x0000000000001338       0x60 C:/Users/sean/Documents/GitHub/nRF52-PlayOpus/PlayOpus/Output/Release/Obj/PlayOpus/PlayOpus_lto.o
 .text.ec_encode
                0x0000000000001398       0xfc C:/Users/sean/Documents/GitHub/nRF52-PlayOpus/PlayOpus/Output/Release/Obj/PlayOpus/PlayOpus_lto.o
 .text.ec_enc_bits
                0x0000000000001494       0x74 C:/Users/sean/Documents/GitHub/nRF52-PlayOpus/PlayOpus/Output/Release/Obj/PlayOpus/PlayOpus_lto.o
 .text.quant_band_n1.isra.0
                0x0000000000001508       0x94 C:/Users/sean/Documents/GitHub/nRF52-PlayOpus/PlayOpus/Output/Release/Obj/PlayOpus/PlayOpus_lto.o
 .text.ec_enc_uint
                0x000000000000159c       0x44 C:/Users/sean/Documents/GitHub/nRF52-PlayOpus/PlayOpus/Output/Release/Obj/PlayOpus/PlayOpus_lto.o
 .text.isqrt32  0x00000000000015e0       0x30 C:/Users/sean/Documents/GitHub/nRF52-PlayOpus/PlayOpus/Output/Release/Obj/PlayOpus/PlayOpus_lto.o
 .text.celt_rsqrt_norm
                0x0000000000001610       0x68 C:/Users/sean/Documents/GitHub/nRF52-PlayOpus/PlayOpus/Output/Release/Obj/PlayOpus/PlayOpus_lto.o
 .text.celt_sqrt
                0x0000000000001678       0x88 C:/Users/sean/Documents/GitHub/nRF52-PlayOpus/PlayOpus/Output/Release/Obj/PlayOpus/PlayOpus_lto.o
 .text.intensity_stereo.isra.0
                0x0000000000001700       0xb0 C:/Users/sean/Documents/GitHub/nRF52-PlayOpus/PlayOpus/Output/Release/Obj/PlayOpus/PlayOpus_lto.o
 .text.celt_rcp
                0x00000000000017b0       0x7c C:/Users/sean/Documents/GitHub/nRF52-PlayOpus/PlayOpus/Output/Release/Obj/PlayOpus/PlayOpus_lto.o
 .text.frac_div32
                0x000000000000182c       0x78 C:/Users/sean/Documents/GitHub/nRF52-PlayOpus/PlayOpus/Output/Release/Obj/PlayOpus/PlayOpus_lto.o
 .text._celt_lpc
                0x00000000000018a4      0x164 C:/Users/sean/Documents/GitHub/nRF52-PlayOpus/PlayOpus/Output/Release/Obj/PlayOpus/PlayOpus_lto.o
 .text.silk_NLSF_unpack
                0x0000000000001a08       0x7c C:/Users/sean/Documents/GitHub/nRF52-PlayOpus/PlayOpus/Output/Release/Obj/PlayOpus/PlayOpus_lto.o
 .text.silk_decode_indices
                0x0000000000001a84      0x2cc C:/Users/sean/Documents/GitHub/nRF52-PlayOpus/PlayOpus/Output/Release/Obj/PlayOpus/PlayOpus_lto.o
 .text.opus_packet_get_samples_per_frame
                0x0000000000001d50       0x74 C:/Users/sean/Documents/GitHub/nRF52-PlayOpus/PlayOpus/Output/Release/Obj/PlayOpus/PlayOpus_lto.o
 .text.smooth_fade
                0x0000000000001dc4       0x74 C:/Users/sean/Documents/GitHub/nRF52-PlayOpus/PlayOpus/Output/Release/Obj/PlayOpus/PlayOpus_lto.o
 .text.find_best_pitch
                0x0000000000001e38      0x120 C:/Users/sean/Documents/GitHub/nRF52-PlayOpus/PlayOpus/Output/Release/Obj/PlayOpus/PlayOpus_lto.o
 .text.silk_init_decoder
                0x0000000000001f58       0x8c C:/Users/sean/Documents/GitHub/nRF52-PlayOpus/PlayOpus/Output/Release/Obj/PlayOpus/PlayOpus_lto.o
 .text.silk_InitDecoder
                0x0000000000001fe4       0x24 C:/Users/sean/Documents/GitHub/nRF52-PlayOpus/PlayOpus/Output/Release/Obj/PlayOpus/PlayOpus_lto.o
 .text.silk_resampler_private_down_FIR
                0x0000000000002008      0x5cc C:/Users/sean/Documents/GitHub/nRF52-PlayOpus/PlayOpus/Output/Release/Obj/PlayOpus/PlayOpus_lto.o
 .text.silk_resampler_private_up2_HQ
                0x00000000000025d4      0x138 C:/Users/sean/Documents/GitHub/nRF52-PlayOpus/PlayOpus/Output/Release/Obj/PlayOpus/PlayOpus_lto.o
 .text.silk_resampler_private_IIR_FIR
                0x000000000000270c      0x154 C:/Users/sean/Documents/GitHub/nRF52-PlayOpus/PlayOpus/Output/Release/Obj/PlayOpus/PlayOpus_lto.o
 .text.silk_stereo_decode_pred
                0x0000000000002860       0xc8 C:/Users/sean/Documents/GitHub/nRF52-PlayOpus/PlayOpus/Output/Release/Obj/PlayOpus/PlayOpus_lto.o
 .text.silk_sum_sqr_shift
                0x0000000000002928       0xc8 C:/Users/sean/Documents/GitHub/nRF52-PlayOpus/PlayOpus/Output/Release/Obj/PlayOpus/PlayOpus_lto.o
 .text.exp_rotation1
                0x00000000000029f0       0xa8 C:/Users/sean/Documents/GitHub/nRF52-PlayOpus/PlayOpus/Output/Release/Obj/PlayOpus/PlayOpus_lto.o
 .text.normalise_residual
                0x0000000000002a98       0x6c C:/Users/sean/Documents/GitHub/nRF52-PlayOpus/PlayOpus/Output/Release/Obj/PlayOpus/PlayOpus_lto.o
 .text.silk_LPC_analysis_filter.constprop.0
                0x0000000000002b04       0xe4 C:/Users/sean/Documents/GitHub/nRF52-PlayOpus/PlayOpus/Output/Release/Obj/PlayOpus/PlayOpus_lto.o
 .text.renormalise_vector.constprop.0
                0x0000000000002be8       0x84 C:/Users/sean/Documents/GitHub/nRF52-PlayOpus/PlayOpus/Output/Release/Obj/PlayOpus/PlayOpus_lto.o
 .text.clt_mdct_backward_c.constprop.0
                0x0000000000002c6c      0xa7c C:/Users/sean/Documents/GitHub/nRF52-PlayOpus/PlayOpus/Output/Release/Obj/PlayOpus/PlayOpus_lto.o
 .text.celt_synthesis
                0x00000000000036e8      0x310 C:/Users/sean/Documents/GitHub/nRF52-PlayOpus/PlayOpus/Output/Release/Obj/PlayOpus/PlayOpus_lto.o
 .text.comb_filter.constprop.0
                0x00000000000039f8      0x414 C:/Users/sean/Documents/GitHub/nRF52-PlayOpus/PlayOpus/Output/Release/Obj/PlayOpus/PlayOpus_lto.o
 .text.nrfx_atomic_u32_fetch_and.constprop.0
                0x0000000000003e0c       0x24 C:/Users/sean/Documents/GitHub/nRF52-PlayOpus/PlayOpus/Output/Release/Obj/PlayOpus/PlayOpus_lto.o
 .text.ev_dma_epout0_handler
                0x0000000000003e30       0x78 C:/Users/sean/Documents/GitHub/nRF52-PlayOpus/PlayOpus/Output/Release/Obj/PlayOpus/PlayOpus_lto.o
 .text.SEGGER_RTT_WriteNoLock.constprop.0
                0x0000000000003ea8       0xcc C:/Users/sean/Documents/GitHub/nRF52-PlayOpus/PlayOpus/Output/Release/Obj/PlayOpus/PlayOpus_lto.o
 .text.serial_tx
                0x0000000000003f74       0x54 C:/Users/sean/Documents/GitHub/nRF52-PlayOpus/PlayOpus/Output/Release/Obj/PlayOpus/PlayOpus_lto.o
 .text.nrfx_power_clock_irq_init.lto_priv.0
                0x0000000000003fc8       0x1c C:/Users/sean/Documents/GitHub/nRF52-PlayOpus/PlayOpus/Output/Release/Obj/PlayOpus/PlayOpus_lto.o
 .text.nrf_log_backend_rtt_panic_set
                0x0000000000003fe4        0x4 C:/Users/sean/Documents/GitHub/nRF52-PlayOpus/PlayOpus/Output/Release/Obj/PlayOpus/PlayOpus_lto.o
 .text.get_now  0x0000000000003fe8       0x40 C:/Users/sean/Documents/GitHub/nRF52-PlayOpus/PlayOpus/Output/Release/Obj/PlayOpus/PlayOpus_lto.o
 .text.silk_resampler
                0x0000000000004028       0xe4 C:/Users/sean/Documents/GitHub/nRF52-PlayOpus/PlayOpus/Output/Release/Obj/PlayOpus/PlayOpus_lto.o
 .text.nrf_memobj_get
                0x000000000000410c       0x20 C:/Users/sean/Documents/GitHub/nRF52-PlayOpus/PlayOpus/Output/Release/Obj/PlayOpus/PlayOpus_lto.o
 .text.timer_req_schedule
                0x000000000000412c       0x78 C:/Users/sean/Documents/GitHub/nRF52-PlayOpus/PlayOpus/Output/Release/Obj/PlayOpus/PlayOpus_lto.o
 .text.opus_decoder_get_size.part.0.constprop.0
                0x00000000000041a4        0x8 C:/Users/sean/Documents/GitHub/nRF52-PlayOpus/PlayOpus/Output/Release/Obj/PlayOpus/PlayOpus_lto.o
 .text.bsp_event_callback
                0x00000000000041ac       0x6c C:/Users/sean/Documents/GitHub/nRF52-PlayOpus/PlayOpus/Output/Release/Obj/PlayOpus/PlayOpus_lto.o
 .text.ev_dma_epin0_handler
                0x0000000000004218       0x40 C:/Users/sean/Documents/GitHub/nRF52-PlayOpus/PlayOpus/Output/Release/Obj/PlayOpus/PlayOpus_lto.o
 .text.silk_decode_pulses
                0x0000000000004258      0x480 C:/Users/sean/Documents/GitHub/nRF52-PlayOpus/PlayOpus/Output/Release/Obj/PlayOpus/PlayOpus_lto.o
 .text.celt_cos_norm
                0x00000000000046d8      0x100 C:/Users/sean/Documents/GitHub/nRF52-PlayOpus/PlayOpus/Output/Release/Obj/PlayOpus/PlayOpus_lto.o
 .text.extract_collapse_mask
                0x00000000000047d8       0x7c C:/Users/sean/Documents/GitHub/nRF52-PlayOpus/PlayOpus/Output/Release/Obj/PlayOpus/PlayOpus_lto.o
 .text.silk_LPC_inverse_pred_gain_c
                0x0000000000004854      0x428 C:/Users/sean/Documents/GitHub/nRF52-PlayOpus/PlayOpus/Output/Release/Obj/PlayOpus/PlayOpus_lto.o
 .text.silk_NLSF2A.constprop.0
                0x0000000000004c7c      0x350 C:/Users/sean/Documents/GitHub/nRF52-PlayOpus/PlayOpus/Output/Release/Obj/PlayOpus/PlayOpus_lto.o
 .text.exp_rotation.part.0
                0x0000000000004fcc      0x140 C:/Users/sean/Documents/GitHub/nRF52-PlayOpus/PlayOpus/Output/Release/Obj/PlayOpus/PlayOpus_lto.o
 .text.silk_CNG
                0x000000000000510c      0x628 C:/Users/sean/Documents/GitHub/nRF52-PlayOpus/PlayOpus/Output/Release/Obj/PlayOpus/PlayOpus_lto.o
 .text.silk_Decode
                0x0000000000005734     0x292c C:/Users/sean/Documents/GitHub/nRF52-PlayOpus/PlayOpus/Output/Release/Obj/PlayOpus/PlayOpus_lto.o
 .text.celt_decode_lost
                0x0000000000008060     0x1288 C:/Users/sean/Documents/GitHub/nRF52-PlayOpus/PlayOpus/Output/Release/Obj/PlayOpus/PlayOpus_lto.o
 .text.compute_theta
                0x00000000000092e8      0x95c C:/Users/sean/Documents/GitHub/nRF52-PlayOpus/PlayOpus/Output/Release/Obj/PlayOpus/PlayOpus_lto.o
 .text.quant_partition
                0x0000000000009c44      0x994 C:/Users/sean/Documents/GitHub/nRF52-PlayOpus/PlayOpus/Output/Release/Obj/PlayOpus/PlayOpus_lto.o
 .text.quant_band
                0x000000000000a5d8      0x41c C:/Users/sean/Documents/GitHub/nRF52-PlayOpus/PlayOpus/Output/Release/Obj/PlayOpus/PlayOpus_lto.o
 .text.quant_band_stereo
                0x000000000000a9f4      0x420 C:/Users/sean/Documents/GitHub/nRF52-PlayOpus/PlayOpus/Output/Release/Obj/PlayOpus/PlayOpus_lto.o
 .text.quant_all_bands.constprop.0
                0x000000000000ae14      0x6c0 C:/Users/sean/Documents/GitHub/nRF52-PlayOpus/PlayOpus/Output/Release/Obj/PlayOpus/PlayOpus_lto.o
 .text.celt_decode_with_ec
                0x000000000000b4d4     0x1ef8 C:/Users/sean/Documents/GitHub/nRF52-PlayOpus/PlayOpus/Output/Release/Obj/PlayOpus/PlayOpus_lto.o
 .text.opus_decode_frame
                0x000000000000d3cc      0x9a8 C:/Users/sean/Documents/GitHub/nRF52-PlayOpus/PlayOpus/Output/Release/Obj/PlayOpus/PlayOpus_lto.o
 .text.opus_decode_native.constprop.0
                0x000000000000dd74      0x2e8 C:/Users/sean/Documents/GitHub/nRF52-PlayOpus/PlayOpus/Output/Release/Obj/PlayOpus/PlayOpus_lto.o
 .text.OPUS_FetchAndDecodePage.part.0.constprop.0
                0x000000000000e05c       0x5c C:/Users/sean/Documents/GitHub/nRF52-PlayOpus/PlayOpus/Output/Release/Obj/PlayOpus/PlayOpus_lto.o
 .text.app_error_fault_handler
                0x000000000000e0b8      0x5b4 C:/Users/sean/Documents/GitHub/nRF52-PlayOpus/PlayOpus/Output/Release/Obj/PlayOpus/PlayOpus_lto.o
 .text.assert_nrf_callback
                0x000000000000e66c       0x1c C:/Users/sean/Documents/GitHub/nRF52-PlayOpus/PlayOpus/Output/Release/Obj/PlayOpus/PlayOpus_lto.o
 .text.nrf_gpio_pin_port_decode.lto_priv.0
                0x000000000000e688       0x50 C:/Users/sean/Documents/GitHub/nRF52-PlayOpus/PlayOpus/Output/Release/Obj/PlayOpus/PlayOpus_lto.o
 .text.button_get
                0x000000000000e6d8       0x48 C:/Users/sean/Documents/GitHub/nRF52-PlayOpus/PlayOpus/Output/Release/Obj/PlayOpus/PlayOpus_lto.o
 .text.usr_event
                0x000000000000e720       0x1c C:/Users/sean/Documents/GitHub/nRF52-PlayOpus/PlayOpus/Output/Release/Obj/PlayOpus/PlayOpus_lto.o
 .text.app_timer_start
                0x000000000000e73c       0x30 C:/Users/sean/Documents/GitHub/nRF52-PlayOpus/PlayOpus/Output/Release/Obj/PlayOpus/PlayOpus_lto.o
 .text.gpiote_event_handler.part.0
                0x000000000000e76c       0x18 C:/Users/sean/Documents/GitHub/nRF52-PlayOpus/PlayOpus/Output/Release/Obj/PlayOpus/PlayOpus_lto.o
 .text.bsp_button_event_handler
                0x000000000000e784       0x88 C:/Users/sean/Documents/GitHub/nRF52-PlayOpus/PlayOpus/Output/Release/Obj/PlayOpus/PlayOpus_lto.o
 .text.button_timer_handler
                0x000000000000e80c        0x8 C:/Users/sean/Documents/GitHub/nRF52-PlayOpus/PlayOpus/Output/Release/Obj/PlayOpus/PlayOpus_lto.o
 .text.app_usbd_ep_conf_access
                0x000000000000e814       0x4c C:/Users/sean/Documents/GitHub/nRF52-PlayOpus/PlayOpus/Output/Release/Obj/PlayOpus/PlayOpus_lto.o
 .text.class_event_handler
                0x000000000000e860       0x58 C:/Users/sean/Documents/GitHub/nRF52-PlayOpus/PlayOpus/Output/Release/Obj/PlayOpus/PlayOpus_lto.o
 .text.usbd_descriptor_conf_feeder
                0x000000000000e8b8      0x178 C:/Users/sean/Documents/GitHub/nRF52-PlayOpus/PlayOpus/Output/Release/Obj/PlayOpus/PlayOpus_lto.o
 .text.msc_feed_descriptors
                0x000000000000ea30      0x508 C:/Users/sean/Documents/GitHub/nRF52-PlayOpus/PlayOpus/Output/Release/Obj/PlayOpus/PlayOpus_lto.o
 .text.evt_pending
                0x000000000000ef38       0x30 C:/Users/sean/Documents/GitHub/nRF52-PlayOpus/PlayOpus/Output/Release/Obj/PlayOpus/PlayOpus_lto.o
 .text.block_dev_qspi_geometry
                0x000000000000ef68       0x20 C:/Users/sean/Documents/GitHub/nRF52-PlayOpus/PlayOpus/Output/Release/Obj/PlayOpus/PlayOpus_lto.o
 .text.nrf_fprintf_buffer_flush
                0x000000000000ef88       0x18 C:/Users/sean/Documents/GitHub/nRF52-PlayOpus/PlayOpus/Output/Release/Obj/PlayOpus/PlayOpus_lto.o
 .text.buffer_add
                0x000000000000efa0       0x30 C:/Users/sean/Documents/GitHub/nRF52-PlayOpus/PlayOpus/Output/Release/Obj/PlayOpus/PlayOpus_lto.o
 .text.unsigned_print
                0x000000000000efd0       0xc4 C:/Users/sean/Documents/GitHub/nRF52-PlayOpus/PlayOpus/Output/Release/Obj/PlayOpus/PlayOpus_lto.o
 .text.nrf_fprintf
                0x000000000000f094      0x3c8 C:/Users/sean/Documents/GitHub/nRF52-PlayOpus/PlayOpus/Output/Release/Obj/PlayOpus/PlayOpus_lto.o
 .text.prefix_process
                0x000000000000f45c      0x128 C:/Users/sean/Documents/GitHub/nRF52-PlayOpus/PlayOpus/Output/Release/Obj/PlayOpus/PlayOpus_lto.o
 .text.memobj_op
                0x000000000000f584       0xbc C:/Users/sean/Documents/GitHub/nRF52-PlayOpus/PlayOpus/Output/Release/Obj/PlayOpus/PlayOpus_lto.o
 .text.nrf_memobj_write
                0x000000000000f640       0x28 C:/Users/sean/Documents/GitHub/nRF52-PlayOpus/PlayOpus/Output/Release/Obj/PlayOpus/PlayOpus_lto.o
 .text.nrf_memobj_read
                0x000000000000f668       0x2c C:/Users/sean/Documents/GitHub/nRF52-PlayOpus/PlayOpus/Output/Release/Obj/PlayOpus/PlayOpus_lto.o
 .text.nrfx_qspi_read
                0x000000000000f694       0x5c C:/Users/sean/Documents/GitHub/nRF52-PlayOpus/PlayOpus/Output/Release/Obj/PlayOpus/PlayOpus_lto.o
 .text.block_dev_qspi_read_req
                0x000000000000f6f0       0xac C:/Users/sean/Documents/GitHub/nRF52-PlayOpus/PlayOpus/Output/Release/Obj/PlayOpus/PlayOpus_lto.o
 .text.nrfx_qspi_write
                0x000000000000f79c       0x5c C:/Users/sean/Documents/GitHub/nRF52-PlayOpus/PlayOpus/Output/Release/Obj/PlayOpus/PlayOpus_lto.o
 .text.block_dev_qspi_uninit
                0x000000000000f7f8       0xdc C:/Users/sean/Documents/GitHub/nRF52-PlayOpus/PlayOpus/Output/Release/Obj/PlayOpus/PlayOpus_lto.o
 .text.nrfx_usbd_ep_max_packet_size_set
                0x000000000000f8d4       0x5c C:/Users/sean/Documents/GitHub/nRF52-PlayOpus/PlayOpus/Output/Release/Obj/PlayOpus/PlayOpus_lto.o
 .text.ev_usbevent_handler
                0x000000000000f930       0xc8 C:/Users/sean/Documents/GitHub/nRF52-PlayOpus/PlayOpus/Output/Release/Obj/PlayOpus/PlayOpus_lto.o
 .text.nrfx_usbd_feeder_flash_zlp
                0x000000000000f9f8       0x68 C:/Users/sean/Documents/GitHub/nRF52-PlayOpus/PlayOpus/Output/Release/Obj/PlayOpus/PlayOpus_lto.o
 .text.nrfx_usbd_feeder_flash
                0x000000000000fa60       0x64 C:/Users/sean/Documents/GitHub/nRF52-PlayOpus/PlayOpus/Output/Release/Obj/PlayOpus/PlayOpus_lto.o
 .text.usbd_ep_data_handler
                0x000000000000fac4      0x174 C:/Users/sean/Documents/GitHub/nRF52-PlayOpus/PlayOpus/Output/Release/Obj/PlayOpus/PlayOpus_lto.o
 .text.ev_setup_data_handler
                0x000000000000fc38       0x38 C:/Users/sean/Documents/GitHub/nRF52-PlayOpus/PlayOpus/Output/Release/Obj/PlayOpus/PlayOpus_lto.o
 .text.nrfx_usbd_feeder_ram_zlp
                0x000000000000fc70       0x50 C:/Users/sean/Documents/GitHub/nRF52-PlayOpus/PlayOpus/Output/Release/Obj/PlayOpus/PlayOpus_lto.o
 .text.nrfx_usbd_feeder_ram
                0x000000000000fcc0       0x40 C:/Users/sean/Documents/GitHub/nRF52-PlayOpus/PlayOpus/Output/Release/Obj/PlayOpus/PlayOpus_lto.o
 .text.nrfx_usbd_consumer
                0x000000000000fd00       0x6c C:/Users/sean/Documents/GitHub/nRF52-PlayOpus/PlayOpus/Output/Release/Obj/PlayOpus/PlayOpus_lto.o
 .text.disk_status
                0x000000000000fd6c       0x3c C:/Users/sean/Documents/GitHub/nRF52-PlayOpus/PlayOpus/Output/Release/Obj/PlayOpus/PlayOpus_lto.o
 .text.validate
                0x000000000000fda8       0x30 C:/Users/sean/Documents/GitHub/nRF52-PlayOpus/PlayOpus/Output/Release/Obj/PlayOpus/PlayOpus_lto.o
 .text.block_dev_handler
                0x000000000000fdd8       0x40 C:/Users/sean/Documents/GitHub/nRF52-PlayOpus/PlayOpus/Output/Release/Obj/PlayOpus/PlayOpus_lto.o
 .text.ev_dma_epin8_handler
                0x000000000000fe18       0x74 C:/Users/sean/Documents/GitHub/nRF52-PlayOpus/PlayOpus/Output/Release/Obj/PlayOpus/PlayOpus_lto.o
 .text.ev_dma_epout8_handler
                0x000000000000fe8c       0x60 C:/Users/sean/Documents/GitHub/nRF52-PlayOpus/PlayOpus/Output/Release/Obj/PlayOpus/PlayOpus_lto.o
 .text.ev_sof_handler
                0x000000000000feec       0x44 C:/Users/sean/Documents/GitHub/nRF52-PlayOpus/PlayOpus/Output/Release/Obj/PlayOpus/PlayOpus_lto.o
 .text.block_dev_qspi_write_start.isra.0
                0x000000000000ff30       0x74 C:/Users/sean/Documents/GitHub/nRF52-PlayOpus/PlayOpus/Output/Release/Obj/PlayOpus/PlayOpus_lto.o
 .text.block_dev_qspi_ioctl
                0x000000000000ffa4       0x6c C:/Users/sean/Documents/GitHub/nRF52-PlayOpus/PlayOpus/Output/Release/Obj/PlayOpus/PlayOpus_lto.o
 .text.block_dev_qspi_eunit_write
                0x0000000000010010      0x144 C:/Users/sean/Documents/GitHub/nRF52-PlayOpus/PlayOpus/Output/Release/Obj/PlayOpus/PlayOpus_lto.o
 .text.qspi_handler
                0x0000000000010154      0x1d8 C:/Users/sean/Documents/GitHub/nRF52-PlayOpus/PlayOpus/Output/Release/Obj/PlayOpus/PlayOpus_lto.o
 .text.block_dev_qspi_write_req
                0x000000000001032c       0xd8 C:/Users/sean/Documents/GitHub/nRF52-PlayOpus/PlayOpus/Output/Release/Obj/PlayOpus/PlayOpus_lto.o
 .text.nrfx_qspi_cinstr_xfer.constprop.0
                0x0000000000010404      0x108 C:/Users/sean/Documents/GitHub/nRF52-PlayOpus/PlayOpus/Output/Release/Obj/PlayOpus/PlayOpus_lto.o
 .text.block_dev_qspi_init
                0x000000000001050c      0x29c C:/Users/sean/Documents/GitHub/nRF52-PlayOpus/PlayOpus/Output/Release/Obj/PlayOpus/PlayOpus_lto.o
 .text.app_usbd_prepare_string.constprop.0
                0x00000000000107a8       0x54 C:/Users/sean/Documents/GitHub/nRF52-PlayOpus/PlayOpus/Output/Release/Obj/PlayOpus/PlayOpus_lto.o
 .text.app_usbd_string_desc_get.constprop.0
                0x00000000000107fc       0x40 C:/Users/sean/Documents/GitHub/nRF52-PlayOpus/PlayOpus/Output/Release/Obj/PlayOpus/PlayOpus_lto.o
 .text.nrfx_usbd_ep_dtoggle_clear
                0x000000000001083c       0x50 C:/Users/sean/Documents/GitHub/nRF52-PlayOpus/PlayOpus/Output/Release/Obj/PlayOpus/PlayOpus_lto.o
 .text.nrf_sortlist_add.constprop.0
                0x000000000001088c       0x38 C:/Users/sean/Documents/GitHub/nRF52-PlayOpus/PlayOpus/Output/Release/Obj/PlayOpus/PlayOpus_lto.o
 .text.timer_expire
                0x00000000000108c4       0x78 C:/Users/sean/Documents/GitHub/nRF52-PlayOpus/PlayOpus/Output/Release/Obj/PlayOpus/PlayOpus_lto.o
 .text.rtc_irq  0x000000000001093c      0x384 C:/Users/sean/Documents/GitHub/nRF52-PlayOpus/PlayOpus/Output/Release/Obj/PlayOpus/PlayOpus_lto.o
 .text.app_util_critical_region_exit.constprop.0
                0x0000000000010cc0       0x34 C:/Users/sean/Documents/GitHub/nRF52-PlayOpus/PlayOpus/Output/Release/Obj/PlayOpus/PlayOpus_lto.o
 .text.app_util_critical_region_enter.constprop.0
                0x0000000000010cf4       0x34 C:/Users/sean/Documents/GitHub/nRF52-PlayOpus/PlayOpus/Output/Release/Obj/PlayOpus/PlayOpus_lto.o
 .text.nrf_drv_clock_hfclk_request.constprop.0
                0x0000000000010d28       0xc4 C:/Users/sean/Documents/GitHub/nRF52-PlayOpus/PlayOpus/Output/Release/Obj/PlayOpus/PlayOpus_lto.o
 .text.SEGGER_RTT_Write.constprop.0
                0x0000000000010dec       0x3c C:/Users/sean/Documents/GitHub/nRF52-PlayOpus/PlayOpus/Output/Release/Obj/PlayOpus/PlayOpus_lto.o
 .text.nrfx_usbd_ep_status_get
                0x0000000000010e28       0x58 C:/Users/sean/Documents/GitHub/nRF52-PlayOpus/PlayOpus/Output/Release/Obj/PlayOpus/PlayOpus_lto.o
 .text.nrfx_usbd_transfer_out_drop
                0x0000000000010e80       0xa8 C:/Users/sean/Documents/GitHub/nRF52-PlayOpus/PlayOpus/Output/Release/Obj/PlayOpus/PlayOpus_lto.o
 .text.nrf_drv_clock_hfclk_release
                0x0000000000010f28       0xa4 C:/Users/sean/Documents/GitHub/nRF52-PlayOpus/PlayOpus/Output/Release/Obj/PlayOpus/PlayOpus_lto.o
 .text.nrf_memobj_free
                0x0000000000010fcc       0x74 C:/Users/sean/Documents/GitHub/nRF52-PlayOpus/PlayOpus/Output/Release/Obj/PlayOpus/PlayOpus_lto.o
 .text.nrf_memobj_put
                0x0000000000011040       0x28 C:/Users/sean/Documents/GitHub/nRF52-PlayOpus/PlayOpus/Output/Release/Obj/PlayOpus/PlayOpus_lto.o
 .text.nrf_log_backend_rtt_put
                0x0000000000011068      0x290 C:/Users/sean/Documents/GitHub/nRF52-PlayOpus/PlayOpus/Output/Release/Obj/PlayOpus/PlayOpus_lto.o
 .text.nrf_balloc_alloc.constprop.0
                0x00000000000112f8       0x50 C:/Users/sean/Documents/GitHub/nRF52-PlayOpus/PlayOpus/Output/Release/Obj/PlayOpus/PlayOpus_lto.o
 .text.nrf_memobj_alloc.constprop.0
                0x0000000000011348       0x68 C:/Users/sean/Documents/GitHub/nRF52-PlayOpus/PlayOpus/Output/Release/Obj/PlayOpus/PlayOpus_lto.o
 .text.usbd_dmareq_process.part.0
                0x00000000000113b0      0x358 C:/Users/sean/Documents/GitHub/nRF52-PlayOpus/PlayOpus/Output/Release/Obj/PlayOpus/PlayOpus_lto.o
 .text.ev_epdata_handler
                0x0000000000011708       0x70 C:/Users/sean/Documents/GitHub/nRF52-PlayOpus/PlayOpus/Output/Release/Obj/PlayOpus/PlayOpus_lto.o
 .text.ev_dma_epout7_handler
                0x0000000000011778       0x74 C:/Users/sean/Documents/GitHub/nRF52-PlayOpus/PlayOpus/Output/Release/Obj/PlayOpus/PlayOpus_lto.o
 .text.disk_initialize
                0x00000000000117ec       0xb4 C:/Users/sean/Documents/GitHub/nRF52-PlayOpus/PlayOpus/Output/Release/Obj/PlayOpus/PlayOpus_lto.o
 .text.nrfx_usbd_ep_stall
                0x00000000000118a0       0x4c C:/Users/sean/Documents/GitHub/nRF52-PlayOpus/PlayOpus/Output/Release/Obj/PlayOpus/PlayOpus_lto.o
 .text.nrfx_usbd_ep_stall_check
                0x00000000000118ec       0x50 C:/Users/sean/Documents/GitHub/nRF52-PlayOpus/PlayOpus/Output/Release/Obj/PlayOpus/PlayOpus_lto.o
 .text.app_usbd_ep_transfer
                0x000000000001193c      0x1dc C:/Users/sean/Documents/GitHub/nRF52-PlayOpus/PlayOpus/Output/Release/Obj/PlayOpus/PlayOpus_lto.o
 .text.app_usbd_core_setup_rsp
                0x0000000000011b18       0x84 C:/Users/sean/Documents/GitHub/nRF52-PlayOpus/PlayOpus/Output/Release/Obj/PlayOpus/PlayOpus_lto.o
 .text.nrfx_usbd_ep_stall_clear
                0x0000000000011b9c       0x60 C:/Users/sean/Documents/GitHub/nRF52-PlayOpus/PlayOpus/Output/Release/Obj/PlayOpus/PlayOpus_lto.o
 .text.app_usbd_ep_enable
                0x0000000000011bfc      0x140 C:/Users/sean/Documents/GitHub/nRF52-PlayOpus/PlayOpus/Output/Release/Obj/PlayOpus/PlayOpus_lto.o
 .text.app_usbd_iface_select
                0x0000000000011d3c       0x74 C:/Users/sean/Documents/GitHub/nRF52-PlayOpus/PlayOpus/Output/Release/Obj/PlayOpus/PlayOpus_lto.o
 .text.disk_read
                0x0000000000011db0       0xe8 C:/Users/sean/Documents/GitHub/nRF52-PlayOpus/PlayOpus/Output/Release/Obj/PlayOpus/PlayOpus_lto.o
 .text.disk_write.constprop.0
                0x0000000000011e98       0xec C:/Users/sean/Documents/GitHub/nRF52-PlayOpus/PlayOpus/Output/Release/Obj/PlayOpus/PlayOpus_lto.o
 .text.sync_window.part.0
                0x0000000000011f84       0x50 C:/Users/sean/Documents/GitHub/nRF52-PlayOpus/PlayOpus/Output/Release/Obj/PlayOpus/PlayOpus_lto.o
 .text.move_window.part.0
                0x0000000000011fd4       0x30 C:/Users/sean/Documents/GitHub/nRF52-PlayOpus/PlayOpus/Output/Release/Obj/PlayOpus/PlayOpus_lto.o
 .text.check_fs
                0x0000000000012004       0x9c C:/Users/sean/Documents/GitHub/nRF52-PlayOpus/PlayOpus/Output/Release/Obj/PlayOpus/PlayOpus_lto.o
 .text.find_volume
                0x00000000000120a0      0x318 C:/Users/sean/Documents/GitHub/nRF52-PlayOpus/PlayOpus/Output/Release/Obj/PlayOpus/PlayOpus_lto.o
 .text.put_fat.part.0
                0x00000000000123b8      0x138 C:/Users/sean/Documents/GitHub/nRF52-PlayOpus/PlayOpus/Output/Release/Obj/PlayOpus/PlayOpus_lto.o
 .text.get_fat.isra.0
                0x00000000000124f0       0xd8 C:/Users/sean/Documents/GitHub/nRF52-PlayOpus/PlayOpus/Output/Release/Obj/PlayOpus/PlayOpus_lto.o
 .text.create_chain
                0x00000000000125c8       0xd4 C:/Users/sean/Documents/GitHub/nRF52-PlayOpus/PlayOpus/Output/Release/Obj/PlayOpus/PlayOpus_lto.o
 .text.f_lseek.constprop.0
                0x000000000001269c      0x170 C:/Users/sean/Documents/GitHub/nRF52-PlayOpus/PlayOpus/Output/Release/Obj/PlayOpus/PlayOpus_lto.o
 .text.f_read.constprop.0
                0x000000000001280c      0x184 C:/Users/sean/Documents/GitHub/nRF52-PlayOpus/PlayOpus/Output/Release/Obj/PlayOpus/PlayOpus_lto.o
 .text.dir_sdi.constprop.0
                0x0000000000012990       0x70 C:/Users/sean/Documents/GitHub/nRF52-PlayOpus/PlayOpus/Output/Release/Obj/PlayOpus/PlayOpus_lto.o
 .text.dir_next
                0x0000000000012a00      0x148 C:/Users/sean/Documents/GitHub/nRF52-PlayOpus/PlayOpus/Output/Release/Obj/PlayOpus/PlayOpus_lto.o
 .text.follow_path
                0x0000000000012b48      0x210 C:/Users/sean/Documents/GitHub/nRF52-PlayOpus/PlayOpus/Output/Release/Obj/PlayOpus/PlayOpus_lto.o
 .text.app_usbd_all_until_served_call
                0x0000000000012d58       0x60 C:/Users/sean/Documents/GitHub/nRF52-PlayOpus/PlayOpus/Output/Release/Obj/PlayOpus/PlayOpus_lto.o
 .text.transfer_in_start
                0x0000000000012db8       0x7c C:/Users/sean/Documents/GitHub/nRF52-PlayOpus/PlayOpus/Output/Release/Obj/PlayOpus/PlayOpus_lto.o
 .text.cbw_wait_start
                0x0000000000012e34       0x88 C:/Users/sean/Documents/GitHub/nRF52-PlayOpus/PlayOpus/Output/Release/Obj/PlayOpus/PlayOpus_lto.o
 .text.msc_blockdev_done_process.isra.0
                0x0000000000012ebc       0x64 C:/Users/sean/Documents/GitHub/nRF52-PlayOpus/PlayOpus/Output/Release/Obj/PlayOpus/PlayOpus_lto.o
 .text.csw_wait_start
                0x0000000000012f20       0xa4 C:/Users/sean/Documents/GitHub/nRF52-PlayOpus/PlayOpus/Output/Release/Obj/PlayOpus/PlayOpus_lto.o
 .text.bsp_board_led_on
                0x0000000000012fc4       0x70 C:/Users/sean/Documents/GitHub/nRF52-PlayOpus/PlayOpus/Output/Release/Obj/PlayOpus/PlayOpus_lto.o
 .text.bsp_board_led_off
                0x0000000000013034       0x70 C:/Users/sean/Documents/GitHub/nRF52-PlayOpus/PlayOpus/Output/Release/Obj/PlayOpus/PlayOpus_lto.o
 .text.bsp_board_leds_init
                0x00000000000130a4       0x58 C:/Users/sean/Documents/GitHub/nRF52-PlayOpus/PlayOpus/Output/Release/Obj/PlayOpus/PlayOpus_lto.o
 .text.bsp_board_leds_off
                0x00000000000130fc       0x14 C:/Users/sean/Documents/GitHub/nRF52-PlayOpus/PlayOpus/Output/Release/Obj/PlayOpus/PlayOpus_lto.o
 .text.ev_dma_epin7_handler
                0x0000000000013110       0x40 C:/Users/sean/Documents/GitHub/nRF52-PlayOpus/PlayOpus/Output/Release/Obj/PlayOpus/PlayOpus_lto.o
 .text.ev_dma_epin6_handler
                0x0000000000013150       0x40 C:/Users/sean/Documents/GitHub/nRF52-PlayOpus/PlayOpus/Output/Release/Obj/PlayOpus/PlayOpus_lto.o
 .text.ev_dma_epin5_handler
                0x0000000000013190       0x40 C:/Users/sean/Documents/GitHub/nRF52-PlayOpus/PlayOpus/Output/Release/Obj/PlayOpus/PlayOpus_lto.o
 .text.ev_dma_epin4_handler
                0x00000000000131d0       0x40 C:/Users/sean/Documents/GitHub/nRF52-PlayOpus/PlayOpus/Output/Release/Obj/PlayOpus/PlayOpus_lto.o
 .text.ev_dma_epin3_handler
                0x0000000000013210       0x40 C:/Users/sean/Documents/GitHub/nRF52-PlayOpus/PlayOpus/Output/Release/Obj/PlayOpus/PlayOpus_lto.o
 .text.ev_dma_epin2_handler
                0x0000000000013250       0x40 C:/Users/sean/Documents/GitHub/nRF52-PlayOpus/PlayOpus/Output/Release/Obj/PlayOpus/PlayOpus_lto.o
 .text.ev_dma_epin1_handler
                0x0000000000013290       0x40 C:/Users/sean/Documents/GitHub/nRF52-PlayOpus/PlayOpus/Output/Release/Obj/PlayOpus/PlayOpus_lto.o
 .text.nrfx_gpiote_in_is_set
                0x00000000000132d0       0x98 C:/Users/sean/Documents/GitHub/nRF52-PlayOpus/PlayOpus/Output/Release/Obj/PlayOpus/PlayOpus_lto.o
 .text.detection_delay_timeout_handler
                0x0000000000013368      0x1f0 C:/Users/sean/Documents/GitHub/nRF52-PlayOpus/PlayOpus/Output/Release/Obj/PlayOpus/PlayOpus_lto.o
 .text.gpiote_event_handler
                0x0000000000013558       0x38 C:/Users/sean/Documents/GitHub/nRF52-PlayOpus/PlayOpus/Output/Release/Obj/PlayOpus/PlayOpus_lto.o
 .text.ev_dma_epout4_handler
                0x0000000000013590       0x74 C:/Users/sean/Documents/GitHub/nRF52-PlayOpus/PlayOpus/Output/Release/Obj/PlayOpus/PlayOpus_lto.o
 .text.ev_dma_epout3_handler
                0x0000000000013604       0x74 C:/Users/sean/Documents/GitHub/nRF52-PlayOpus/PlayOpus/Output/Release/Obj/PlayOpus/PlayOpus_lto.o
 .text.ev_dma_epout2_handler
                0x0000000000013678       0x74 C:/Users/sean/Documents/GitHub/nRF52-PlayOpus/PlayOpus/Output/Release/Obj/PlayOpus/PlayOpus_lto.o
 .text.ev_dma_epout1_handler
                0x00000000000136ec       0x70 C:/Users/sean/Documents/GitHub/nRF52-PlayOpus/PlayOpus/Output/Release/Obj/PlayOpus/PlayOpus_lto.o
 .text.ev_dma_epout6_handler
                0x000000000001375c       0x70 C:/Users/sean/Documents/GitHub/nRF52-PlayOpus/PlayOpus/Output/Release/Obj/PlayOpus/PlayOpus_lto.o
 .text.ev_dma_epout5_handler
                0x00000000000137cc       0x74 C:/Users/sean/Documents/GitHub/nRF52-PlayOpus/PlayOpus/Output/Release/Obj/PlayOpus/PlayOpus_lto.o
 .text.usbd_ep_abort_all
                0x0000000000013840      0x254 C:/Users/sean/Documents/GitHub/nRF52-PlayOpus/PlayOpus/Output/Release/Obj/PlayOpus/PlayOpus_lto.o
 .text.nrfx_usbd_stop
                0x0000000000013a94       0x60 C:/Users/sean/Documents/GitHub/nRF52-PlayOpus/PlayOpus/Output/Release/Obj/PlayOpus/PlayOpus_lto.o
 .text.nrfx_usbd_suspend
                0x0000000000013af4       0x50 C:/Users/sean/Documents/GitHub/nRF52-PlayOpus/PlayOpus/Output/Release/Obj/PlayOpus/PlayOpus_lto.o
 .text.write_transfer_processor
                0x0000000000013b44      0x138 C:/Users/sean/Documents/GitHub/nRF52-PlayOpus/PlayOpus/Output/Release/Obj/PlayOpus/PlayOpus_lto.o
 .text.nrf_log_frontend_std_0
                0x0000000000013c7c      0x1d0 C:/Users/sean/Documents/GitHub/nRF52-PlayOpus/PlayOpus/Output/Release/Obj/PlayOpus/PlayOpus_lto.o
 .text.nrf_log_frontend_dequeue
                0x0000000000013e4c      0x224 C:/Users/sean/Documents/GitHub/nRF52-PlayOpus/PlayOpus/Output/Release/Obj/PlayOpus/PlayOpus_lto.o
 .text.nrf_log_frontend_std_1
                0x0000000000014070      0x1e0 C:/Users/sean/Documents/GitHub/nRF52-PlayOpus/PlayOpus/Output/Release/Obj/PlayOpus/PlayOpus_lto.o
 .text.fatfs_ls
                0x0000000000014250      0x458 C:/Users/sean/Documents/GitHub/nRF52-PlayOpus/PlayOpus/Output/Release/Obj/PlayOpus/PlayOpus_lto.o
 .text.fatfs_init
                0x00000000000146a8       0xf4 C:/Users/sean/Documents/GitHub/nRF52-PlayOpus/PlayOpus/Output/Release/Obj/PlayOpus/PlayOpus_lto.o
 .text.HardFault_c_handler
                0x000000000001479c      0x530 C:/Users/sean/Documents/GitHub/nRF52-PlayOpus/PlayOpus/Output/Release/Obj/PlayOpus/PlayOpus_lto.o
 .text.app_usbd_hfclk_ready
                0x0000000000014ccc       0xa4 C:/Users/sean/Documents/GitHub/nRF52-PlayOpus/PlayOpus/Output/Release/Obj/PlayOpus/PlayOpus_lto.o
 .text.app_usbd_event_handler
                0x0000000000014d70      0x100 C:/Users/sean/Documents/GitHub/nRF52-PlayOpus/PlayOpus/Output/Release/Obj/PlayOpus/PlayOpus_lto.o
 .text.nrfx_usbd_ep_disable
                0x0000000000014e70      0x2c4 C:/Users/sean/Documents/GitHub/nRF52-PlayOpus/PlayOpus/Output/Release/Obj/PlayOpus/PlayOpus_lto.o
 .text.app_usbd_all_iface_deselect
                0x0000000000015134       0xa0 C:/Users/sean/Documents/GitHub/nRF52-PlayOpus/PlayOpus/Output/Release/Obj/PlayOpus/PlayOpus_lto.o
 .text.read_blockmem_processor
                0x00000000000151d4      0x12c C:/Users/sean/Documents/GitHub/nRF52-PlayOpus/PlayOpus/Output/Release/Obj/PlayOpus/PlayOpus_lto.o
 .text.read_transfer_processor
                0x0000000000015300       0xf8 C:/Users/sean/Documents/GitHub/nRF52-PlayOpus/PlayOpus/Output/Release/Obj/PlayOpus/PlayOpus_lto.o
 .text.status_generic_error_stall
                0x00000000000153f8      0x480 C:/Users/sean/Documents/GitHub/nRF52-PlayOpus/PlayOpus/Output/Release/Obj/PlayOpus/PlayOpus_lto.o
 .text.status_unsupported_start
                0x0000000000015878       0x4c C:/Users/sean/Documents/GitHub/nRF52-PlayOpus/PlayOpus/Output/Release/Obj/PlayOpus/PlayOpus_lto.o
 .text.cmd_read_start
                0x00000000000158c4       0x8c C:/Users/sean/Documents/GitHub/nRF52-PlayOpus/PlayOpus/Output/Release/Obj/PlayOpus/PlayOpus_lto.o
 .text.cmd_write_start
                0x0000000000015950       0x88 C:/Users/sean/Documents/GitHub/nRF52-PlayOpus/PlayOpus/Output/Release/Obj/PlayOpus/PlayOpus_lto.o
 .text.write_blockmem_processor
                0x00000000000159d8      0x13c C:/Users/sean/Documents/GitHub/nRF52-PlayOpus/PlayOpus/Output/Release/Obj/PlayOpus/PlayOpus_lto.o
 .text.msc_blockdev_ev_handler
                0x0000000000015b14      0x1a4 C:/Users/sean/Documents/GitHub/nRF52-PlayOpus/PlayOpus/Output/Release/Obj/PlayOpus/PlayOpus_lto.o
 .text.app_usbd_power_event_handler
                0x0000000000015cb8      0x1b0 C:/Users/sean/Documents/GitHub/nRF52-PlayOpus/PlayOpus/Output/Release/Obj/PlayOpus/PlayOpus_lto.o
 .text.ev_setup_handler
                0x0000000000015e68      0x274 C:/Users/sean/Documents/GitHub/nRF52-PlayOpus/PlayOpus/Output/Release/Obj/PlayOpus/PlayOpus_lto.o
 .text.usbd_user_ev_handler
                0x00000000000160dc      0x58c C:/Users/sean/Documents/GitHub/nRF52-PlayOpus/PlayOpus/Output/Release/Obj/PlayOpus/PlayOpus_lto.o
 .text.app_usbd_event_execute
                0x0000000000016668      0x988 C:/Users/sean/Documents/GitHub/nRF52-PlayOpus/PlayOpus/Output/Release/Obj/PlayOpus/PlayOpus_lto.o
 .text.usbd_core_state_set.part.0
                0x0000000000016ff0       0x24 C:/Users/sean/Documents/GitHub/nRF52-PlayOpus/PlayOpus/Output/Release/Obj/PlayOpus/PlayOpus_lto.o
 .text.msc_event_handler
                0x0000000000017014     0x106c C:/Users/sean/Documents/GitHub/nRF52-PlayOpus/PlayOpus/Output/Release/Obj/PlayOpus/PlayOpus_lto.o
 .text.app_usbd_core_event_handler
                0x0000000000018080      0x77c C:/Users/sean/Documents/GitHub/nRF52-PlayOpus/PlayOpus/Output/Release/Obj/PlayOpus/PlayOpus_lto.o
 .text.RTC1_IRQHandler
                0x00000000000187fc       0x14 C:/Users/sean/Documents/GitHub/nRF52-PlayOpus/PlayOpus/Output/Release/Obj/PlayOpus/PlayOpus_lto.o
                0x00000000000187fc                RTC1_IRQHandler
 .text.HardFault_Handler
                0x0000000000018810       0x34 C:/Users/sean/Documents/GitHub/nRF52-PlayOpus/PlayOpus/Output/Release/Obj/PlayOpus/PlayOpus_lto.o
                0x0000000000018810                HardFault_Handler
 .text.GPIOTE_IRQHandler
                0x0000000000018844      0x280 C:/Users/sean/Documents/GitHub/nRF52-PlayOpus/PlayOpus/Output/Release/Obj/PlayOpus/PlayOpus_lto.o
                0x0000000000018844                GPIOTE_IRQHandler
 .text.POWER_CLOCK_IRQHandler
                0x0000000000018ac4      0x190 C:/Users/sean/Documents/GitHub/nRF52-PlayOpus/PlayOpus/Output/Release/Obj/PlayOpus/PlayOpus_lto.o
                0x0000000000018ac4                POWER_CLOCK_IRQHandler
 .text.UARTE0_UART0_IRQHandler
                0x0000000000018c54       0x18 C:/Users/sean/Documents/GitHub/nRF52-PlayOpus/PlayOpus/Output/Release/Obj/PlayOpus/PlayOpus_lto.o
                0x0000000000018c54                UARTE0_UART0_IRQHandler
 .text.QSPI_IRQHandler
                0x0000000000018c6c       0x20 C:/Users/sean/Documents/GitHub/nRF52-PlayOpus/PlayOpus/Output/Release/Obj/PlayOpus/PlayOpus_lto.o
                0x0000000000018c6c                QSPI_IRQHandler
 .text.USBD_IRQHandler
                0x0000000000018c8c       0xbc C:/Users/sean/Documents/GitHub/nRF52-PlayOpus/PlayOpus/Output/Release/Obj/PlayOpus/PlayOpus_lto.o
                0x0000000000018c8c                USBD_IRQHandler
 .text.I2S_IRQHandler
                0x0000000000018d48      0x110 C:/Users/sean/Documents/GitHub/nRF52-PlayOpus/PlayOpus/Output/Release/Obj/PlayOpus/PlayOpus_lto.o
                0x0000000000018d48                I2S_IRQHandler
 .text.printf   0x0000000000018e58       0x40 C:/Users/sean/Documents/GitHub/nRF52-PlayOpus/PlayOpus/Output/Release/Obj/PlayOpus/PlayOpus_lto.o
                0x0000000000018e58                printf
 .text.OPUS_Stop
                0x0000000000018e98      0x23c C:/Users/sean/Documents/GitHub/nRF52-PlayOpus/PlayOpus/Output/Release/Obj/PlayOpus/PlayOpus_lto.o
 .text.OPUS_DataHandler
                0x00000000000190d4      0x120 C:/Users/sean/Documents/GitHub/nRF52-PlayOpus/PlayOpus/Output/Release/Obj/PlayOpus/PlayOpus_lto.o
 .text.OggReadPageHeader.constprop.0
                0x00000000000191f4       0x84 C:/Users/sean/Documents/GitHub/nRF52-PlayOpus/PlayOpus/Output/Release/Obj/PlayOpus/PlayOpus_lto.o
 .text.OggGetNextDataPage.constprop.0
                0x0000000000019278       0x6c C:/Users/sean/Documents/GitHub/nRF52-PlayOpus/PlayOpus/Output/Release/Obj/PlayOpus/PlayOpus_lto.o
 .text.OPUS_ProcessAudio.part.0
                0x00000000000192e4       0x30 C:/Users/sean/Documents/GitHub/nRF52-PlayOpus/PlayOpus/Output/Release/Obj/PlayOpus/PlayOpus_lto.o
 *fill*         0x0000000000019314        0x4 
 .text.startup.main
                0x0000000000019318     0x108c C:/Users/sean/Documents/GitHub/nRF52-PlayOpus/PlayOpus/Output/Release/Obj/PlayOpus/PlayOpus_lto.o
                0x0000000000019318                main
 .text.SystemInit
                0x000000000001a3a4      0x210 C:/Users/sean/Documents/GitHub/nRF52-PlayOpus/PlayOpus/Output/Release/Obj/PlayOpus/PlayOpus_lto.o
                0x000000000001a3a4                SystemInit
 .text          0x000000000001a5b4      0x2f2 Output/Release/Obj/PlayOpus/celt_pitch_xcorr_arm_gcc.o
                0x000000000001a694                celt_pitch_xcorr_edsp
 *fill*         0x000000000001a8a6        0x2 
 .text.libc.__RAL_ascii_isctype
                0x000000000001a8a8       0x1c C:/Users/sean/ncs/v1.4.0/toolchain/segger_embedded_studio/lib/libc_v7em_fpv4_sp_d16_hard_t_le_eabi.a(libc2.o)
 .text.libc.__RAL_ascii_toupper
                0x000000000001a8c4        0xc C:/Users/sean/ncs/v1.4.0/toolchain/segger_embedded_studio/lib/libc_v7em_fpv4_sp_d16_hard_t_le_eabi.a(libc2.o)
 .text.libc.__RAL_ascii_tolower
                0x000000000001a8d0        0xc C:/Users/sean/ncs/v1.4.0/toolchain/segger_embedded_studio/lib/libc_v7em_fpv4_sp_d16_hard_t_le_eabi.a(libc2.o)
 .text.libc.__RAL_ascii_iswctype
                0x000000000001a8dc       0x1c C:/Users/sean/ncs/v1.4.0/toolchain/segger_embedded_studio/lib/libc_v7em_fpv4_sp_d16_hard_t_le_eabi.a(libc2.o)
 .text.libc.__RAL_ascii_towupper
                0x000000000001a8f8        0xc C:/Users/sean/ncs/v1.4.0/toolchain/segger_embedded_studio/lib/libc_v7em_fpv4_sp_d16_hard_t_le_eabi.a(libc2.o)
 .text.libc.__RAL_ascii_towlower
                0x000000000001a904        0xc C:/Users/sean/ncs/v1.4.0/toolchain/segger_embedded_studio/lib/libc_v7em_fpv4_sp_d16_hard_t_le_eabi.a(libc2.o)
 .text.libc.__RAL_ascii_wctomb
                0x000000000001a910        0xe C:/Users/sean/ncs/v1.4.0/toolchain/segger_embedded_studio/lib/libc_v7em_fpv4_sp_d16_hard_t_le_eabi.a(libc2.o)
                0x000000000001a910                __RAL_ascii_wctomb
 .text.libc.__RAL_ascii_mbtowc
                0x000000000001a91e       0x24 C:/Users/sean/ncs/v1.4.0/toolchain/segger_embedded_studio/lib/libc_v7em_fpv4_sp_d16_hard_t_le_eabi.a(libc2.o)
                0x000000000001a91e                __RAL_ascii_mbtowc
 .text.libc.__putc
                0x000000000001a942       0x34 C:/Users/sean/ncs/v1.4.0/toolchain/segger_embedded_studio/lib/libc_v7em_fpv4_sp_d16_hard_t_le_eabi.a(libc2.o)
                0x000000000001a942                __putc
 .text.libc.__RAL_print_padding
                0x000000000001a976       0x1c C:/Users/sean/ncs/v1.4.0/toolchain/segger_embedded_studio/lib/libc_v7em_fpv4_sp_d16_hard_t_le_eabi.a(libc2.o)
                0x000000000001a976                __RAL_print_padding
 .text.libc.__RAL_pre_padding
                0x000000000001a992       0x1a C:/Users/sean/ncs/v1.4.0/toolchain/segger_embedded_studio/lib/libc_v7em_fpv4_sp_d16_hard_t_le_eabi.a(libc2.o)
                0x000000000001a992                __RAL_pre_padding
 .text.libc.abs
                0x000000000001a9ac        0x8 C:/Users/sean/ncs/v1.4.0/toolchain/segger_embedded_studio/lib/libc_v7em_fpv4_sp_d16_hard_t_le_eabi.a(libc2.o)
                0x000000000001a9ac                abs
 .text.libc.__RAL_isctype
                0x000000000001a9b4       0x14 C:/Users/sean/ncs/v1.4.0/toolchain/segger_embedded_studio/lib/libc_v7em_fpv4_sp_d16_hard_t_le_eabi.a(libc2.o)
                0x000000000001a9b4                __RAL_isctype
 .text.libc.isxdigit
                0x000000000001a9c8        0xa C:/Users/sean/ncs/v1.4.0/toolchain/segger_embedded_studio/lib/libc_v7em_fpv4_sp_d16_hard_t_le_eabi.a(libc2.o)
                0x000000000001a9c8                isxdigit
 .text.libc.isprint
                0x000000000001a9d2        0xa C:/Users/sean/ncs/v1.4.0/toolchain/segger_embedded_studio/lib/libc_v7em_fpv4_sp_d16_hard_t_le_eabi.a(libc2.o)
                0x000000000001a9d2                isprint
 .text.libc.malloc
                0x000000000001a9dc       0x90 C:/Users/sean/ncs/v1.4.0/toolchain/segger_embedded_studio/lib/libc_v7em_fpv4_sp_d16_hard_t_le_eabi.a(libc2.o)
                0x000000000001a9dc                malloc
 .text.libc.free
                0x000000000001aa6c       0xac C:/Users/sean/ncs/v1.4.0/toolchain/segger_embedded_studio/lib/libc_v7em_fpv4_sp_d16_hard_t_le_eabi.a(libc2.o)
                0x000000000001aa6c                free
 .text.libc.memcmp
                0x000000000001ab18       0x66 C:/Users/sean/ncs/v1.4.0/toolchain/segger_embedded_studio/lib/libc_v7em_fpv4_sp_d16_hard_t_le_eabi.a(libc2.o)
                0x000000000001ab18                memcmp
 .text.libc.memmove
                0x000000000001ab7e       0x3a C:/Users/sean/ncs/v1.4.0/toolchain/segger_embedded_studio/lib/libc_v7em_fpv4_sp_d16_hard_t_le_eabi.a(libc2.o)
                0x000000000001ab7e                __aeabi_memmove8
                0x000000000001ab7e                __aeabi_memmove
                0x000000000001ab7e                __aeabi_memmove4
                0x000000000001ab7e                memmove
 .text.libc.strncpy
                0x000000000001abb8       0x30 C:/Users/sean/ncs/v1.4.0/toolchain/segger_embedded_studio/lib/libc_v7em_fpv4_sp_d16_hard_t_le_eabi.a(libc2.o)
                0x000000000001abb8                strncpy
 .text.libc.strnlen
                0x000000000001abe8       0x22 C:/Users/sean/ncs/v1.4.0/toolchain/segger_embedded_studio/lib/libc_v7em_fpv4_sp_d16_hard_t_le_eabi.a(libc2.o)
                0x000000000001abe8                strnlen
 .text.libc.vsnprintf
                0x000000000001ac0a       0x1c C:/Users/sean/ncs/v1.4.0/toolchain/segger_embedded_studio/lib/libc_v7em_fpv4_sp_d16_hard_t_le_eabi.a(libc2.o)
                0x000000000001ac0a                vsnprintf
 .text.libc.memcpy
                0x000000000001ac26       0x52 C:/Users/sean/ncs/v1.4.0/toolchain/segger_embedded_studio/lib/libc_v7em_fpv4_sp_d16_hard_t_le_eabi.a(libc2_asm.o)
                0x000000000001ac26                __aeabi_memcpy
                0x000000000001ac26                memcpy
                0x000000000001ac32                __aeabi_memcpy8
                0x000000000001ac32                __aeabi_memcpy4
 *fill*         0x000000000001ac78        0x8 
 .text.libc.memcpy_fast
                0x000000000001ac80      0x3ac C:/Users/sean/ncs/v1.4.0/toolchain/segger_embedded_studio/lib/libc_v7em_fpv4_sp_d16_hard_t_le_eabi.a(libc2_asm.o)
                0x000000000001ac80                memcpy_fast
 .text.libc.memset
                0x000000000001b02c       0x66 C:/Users/sean/ncs/v1.4.0/toolchain/segger_embedded_studio/lib/libc_v7em_fpv4_sp_d16_hard_t_le_eabi.a(libc2_asm.o)
                0x000000000001b02c                memset
 .text.libc.strcpy
                0x000000000001b092       0x44 C:/Users/sean/ncs/v1.4.0/toolchain/segger_embedded_studio/lib/libc_v7em_fpv4_sp_d16_hard_t_le_eabi.a(libc2_asm.o)
                0x000000000001b092                strcpy
 .text.libc.strlen
                0x000000000001b0d6       0x60 C:/Users/sean/ncs/v1.4.0/toolchain/segger_embedded_studio/lib/libc_v7em_fpv4_sp_d16_hard_t_le_eabi.a(libc2_asm.o)
                0x000000000001b0d6                strlen
 *fill*         0x000000000001b136        0x2 
 .text.libc.__vfprintf_long
                0x000000000001b138      0x634 C:/Users/sean/ncs/v1.4.0/toolchain/segger_embedded_studio/lib/libc_v7em_fpv4_sp_d16_hard_t_le_eabi.a(libvfprintf.o)
                0x000000000001b138                __vfprintf_long
 .text.libc.__heap_lock
                0x000000000001b76c        0x2 C:/Users/sean/ncs/v1.4.0/toolchain/segger_embedded_studio/lib/libc_v7em_fpv4_sp_d16_hard_t_le_eabi.a(libc.o)
                0x000000000001b76c                __heap_lock
 .text.libc.__heap_unlock
                0x000000000001b76e        0x2 C:/Users/sean/ncs/v1.4.0/toolchain/segger_embedded_studio/lib/libc_v7em_fpv4_sp_d16_hard_t_le_eabi.a(libc.o)
                0x000000000001b76e                __heap_unlock
                0x000000000001b770                __text_end__ = (__text_start__ + SIZEOF (.text))
                0x000000000001b3a0                __text_size__ = SIZEOF (.text)
                0x000000000001b770                __text_load_end__ = __text_end__

.vfp11_veneer   0x0000000100000000        0x0
 .vfp11_veneer  0x0000000100000000        0x0 linker stubs

.v4_bx          0x0000000100000000        0x0
 .v4_bx         0x0000000100000000        0x0 linker stubs

.iplt           0x0000000100000000        0x0
 .iplt          0x0000000100000000        0x0 C:/Users/sean/Documents/GitHub/nRF52-PlayOpus/PlayOpus/Output/Release/Obj/PlayOpus/PlayOpus_lto.o
                0x0000000000000001                . = ASSERT (((__text_start__ == __text_end__) || ((__text_end__ - __FLASH_segment_start__) <= __FLASH_segment_size__)), error: .text is too large to fit in FLASH memory segment)
                0x000000000001b770                __log_const_data_load_start__ = ALIGN (__text_end__, 0x4)

.log_const_data
                0x000000000001b770       0x70
                0x000000000001b770                __log_const_data_start__ = .
                0x000000000001b770                __start_log_const_data = __log_const_data_start__
 *(SORT_BY_NAME(.log_const_data*))
 .log_const_data_CLOCK
                0x000000000001b770        0x8 C:/Users/sean/Documents/GitHub/nRF52-PlayOpus/PlayOpus/Output/Release/Obj/PlayOpus/PlayOpus_lto.o
                0x000000000001b770                m_nrf_log_CLOCK_logs_data_const
 .log_const_data_GPIOTE
                0x000000000001b778        0x8 C:/Users/sean/Documents/GitHub/nRF52-PlayOpus/PlayOpus/Output/Release/Obj/PlayOpus/PlayOpus_lto.o
                0x000000000001b778                m_nrf_log_GPIOTE_logs_data_const
 .log_const_data_I2S
                0x000000000001b780        0x8 C:/Users/sean/Documents/GitHub/nRF52-PlayOpus/PlayOpus/Output/Release/Obj/PlayOpus/PlayOpus_lto.o
                0x000000000001b780                m_nrf_log_I2S_logs_data_const
 .log_const_data_PRS
                0x000000000001b788        0x8 C:/Users/sean/Documents/GitHub/nRF52-PlayOpus/PlayOpus/Output/Release/Obj/PlayOpus/PlayOpus_lto.o
                0x000000000001b788                m_nrf_log_PRS_logs_data_const
 .log_const_data_USBD
                0x000000000001b790        0x8 C:/Users/sean/Documents/GitHub/nRF52-PlayOpus/PlayOpus/Output/Release/Obj/PlayOpus/PlayOpus_lto.o
                0x000000000001b790                m_nrf_log_USBD_logs_data_const
 .log_const_data_app
                0x000000000001b798        0x8 C:/Users/sean/Documents/GitHub/nRF52-PlayOpus/PlayOpus/Output/Release/Obj/PlayOpus/PlayOpus_lto.o
                0x000000000001b798                m_nrf_log_app_logs_data_const
 .log_const_data_app_button
                0x000000000001b7a0        0x8 C:/Users/sean/Documents/GitHub/nRF52-PlayOpus/PlayOpus/Output/Release/Obj/PlayOpus/PlayOpus_lto.o
                0x000000000001b7a0                m_nrf_log_app_button_logs_data_const
 .log_const_data_app_timer
                0x000000000001b7a8        0x8 C:/Users/sean/Documents/GitHub/nRF52-PlayOpus/PlayOpus/Output/Release/Obj/PlayOpus/PlayOpus_lto.o
                0x000000000001b7a8                m_nrf_log_app_timer_logs_data_const
 .log_const_data_app_usbd
                0x000000000001b7b0        0x8 C:/Users/sean/Documents/GitHub/nRF52-PlayOpus/PlayOpus/Output/Release/Obj/PlayOpus/PlayOpus_lto.o
                0x000000000001b7b0                m_nrf_log_app_usbd_logs_data_const
 .log_const_data_app_usbd_core
                0x000000000001b7b8        0x8 C:/Users/sean/Documents/GitHub/nRF52-PlayOpus/PlayOpus/Output/Release/Obj/PlayOpus/PlayOpus_lto.o
                0x000000000001b7b8                m_nrf_log_app_usbd_core_logs_data_const
 .log_const_data_clock
                0x000000000001b7c0        0x8 C:/Users/sean/Documents/GitHub/nRF52-PlayOpus/PlayOpus/Output/Release/Obj/PlayOpus/PlayOpus_lto.o
                0x000000000001b7c0                m_nrf_log_clock_logs_data_const
 .log_const_data_hardfault
                0x000000000001b7c8        0x8 C:/Users/sean/Documents/GitHub/nRF52-PlayOpus/PlayOpus/Output/Release/Obj/PlayOpus/PlayOpus_lto.o
                0x000000000001b7c8                m_nrf_log_hardfault_logs_data_const
 .log_const_data_sortlist
                0x000000000001b7d0        0x8 C:/Users/sean/Documents/GitHub/nRF52-PlayOpus/PlayOpus/Output/Release/Obj/PlayOpus/PlayOpus_lto.o
                0x000000000001b7d0                m_nrf_log_sortlist_logs_data_const
 .log_const_data_usbd_msc
                0x000000000001b7d8        0x8 C:/Users/sean/Documents/GitHub/nRF52-PlayOpus/PlayOpus/Output/Release/Obj/PlayOpus/PlayOpus_lto.o
                0x000000000001b7d8                m_nrf_log_usbd_msc_logs_data_const
                0x000000000001b7e0                __log_const_data_end__ = (__log_const_data_start__ + SIZEOF (.log_const_data))
                0x0000000000000070                __log_const_data_size__ = SIZEOF (.log_const_data)
                0x000000000001b7e0                __stop_log_const_data = __log_const_data_end__
                0x000000000001b7e0                __log_const_data_load_end__ = __log_const_data_end__
                0x0000000000000001                . = ASSERT (((__log_const_data_start__ == __log_const_data_end__) || ((__log_const_data_end__ - __FLASH_segment_start__) <= __FLASH_segment_size__)), error: .log_const_data is too large to fit in FLASH memory segment)
                0x000000000001b7e0                __log_backends_load_start__ = ALIGN (__log_const_data_end__, 0x4)

.log_backends   0x000000000001b7e0       0x10
                0x000000000001b7e0                __log_backends_start__ = .
                0x000000000001b7e0                __start_log_backends = __log_backends_start__
 *(SORT_BY_NAME(.log_backends*))
 .log_backends  0x000000000001b7e0       0x10 C:/Users/sean/Documents/GitHub/nRF52-PlayOpus/PlayOpus/Output/Release/Obj/PlayOpus/PlayOpus_lto.o
                0x000000000001b7f0                __log_backends_end__ = (__log_backends_start__ + SIZEOF (.log_backends))
                0x0000000000000010                __log_backends_size__ = SIZEOF (.log_backends)
                0x000000000001b7f0                __stop_log_backends = __log_backends_end__
                0x000000000001b7f0                __log_backends_load_end__ = __log_backends_end__
                0x0000000000000001                . = ASSERT (((__log_backends_start__ == __log_backends_end__) || ((__log_backends_end__ - __FLASH_segment_start__) <= __FLASH_segment_size__)), error: .log_backends is too large to fit in FLASH memory segment)
                0x000000000001b7f0                __nrf_balloc_load_start__ = ALIGN (__log_backends_end__, 0x4)

.nrf_balloc     0x000000000001b7f0       0x14
                0x000000000001b7f0                __nrf_balloc_start__ = .
                0x000000000001b7f0                __start_nrf_balloc = __nrf_balloc_start__
 *(.nrf_balloc*)
 .nrf_balloc    0x000000000001b7f0       0x14 C:/Users/sean/Documents/GitHub/nRF52-PlayOpus/PlayOpus/Output/Release/Obj/PlayOpus/PlayOpus_lto.o
                0x000000000001b7f0                log_mempool
                0x000000000001b804                __nrf_balloc_end__ = (__nrf_balloc_start__ + SIZEOF (.nrf_balloc))
                0x0000000000000014                __nrf_balloc_size__ = SIZEOF (.nrf_balloc)
                0x000000000001b804                __stop_nrf_balloc = __nrf_balloc_end__
                0x000000000001b804                __nrf_balloc_load_end__ = __nrf_balloc_end__
                0x0000000000000001                . = ASSERT (((__nrf_balloc_start__ == __nrf_balloc_end__) || ((__nrf_balloc_end__ - __FLASH_segment_start__) <= __FLASH_segment_size__)), error: .nrf_balloc is too large to fit in FLASH memory segment)
                0x000000000001b804                __nrf_sections_load_start__ = ALIGN (__nrf_balloc_end__, 0x4)

.nrf_sections   0x000000000001b804        0x0
                0x000000000001b804                __nrf_sections_start__ = .
                0x000000000001b804                __start_nrf_sections = __nrf_sections_start__
 *(.nrf_sections .nrf_sections.*)
                0x000000000001b804                __nrf_sections_end__ = (__nrf_sections_start__ + SIZEOF (.nrf_sections))
                0x0000000000000000                __nrf_sections_size__ = SIZEOF (.nrf_sections)
                0x000000000001b804                __nrf_sections_load_end__ = __nrf_sections_end__
                0x0000000000000001                . = ASSERT (((__nrf_sections_start__ == __nrf_sections_end__) || ((__nrf_sections_end__ - __FLASH_segment_start__) <= __FLASH_segment_size__)), error: .nrf_sections is too large to fit in FLASH memory segment)
                0x000000000001b804                __log_dynamic_data_load_start__ = ALIGN (__nrf_sections_end__, 0x4)

.log_dynamic_data
                0x0000000020000000        0x0 load address 0x000000000001b804
                0x0000000020000000                __log_dynamic_data_start__ = .
 *(SORT_BY_NAME(.log_dynamic_data*))
                0x0000000020000000                __log_dynamic_data_end__ = (__log_dynamic_data_start__ + SIZEOF (.log_dynamic_data))
                0x0000000000000000                __log_dynamic_data_size__ = SIZEOF (.log_dynamic_data)
                0x000000000001b804                __log_dynamic_data_load_end__ = (__log_dynamic_data_load_start__ + SIZEOF (.log_dynamic_data))
                0x0000000000000001                . = ASSERT (((__log_dynamic_data_load_start__ == __log_dynamic_data_load_end__) || ((__log_dynamic_data_load_end__ - __FLASH_segment_start__) <= __FLASH_segment_size__)), error: .log_dynamic_data is too large to fit in FLASH memory segment)

.log_dynamic_data_run
                0x0000000020000000        0x0
                0x0000000020000000                __log_dynamic_data_run_start__ = .
                0x0000000020000000                __start_log_dynamic_data = __log_dynamic_data_run_start__
                0x0000000020000000                . = MAX ((__log_dynamic_data_run_start__ + SIZEOF (.log_dynamic_data)), .)
                0x0000000020000000                __log_dynamic_data_run_end__ = (__log_dynamic_data_run_start__ + SIZEOF (.log_dynamic_data_run))
                0x0000000000000000                __log_dynamic_data_run_size__ = SIZEOF (.log_dynamic_data_run)
                0x0000000020000000                __stop_log_dynamic_data = __log_dynamic_data_run_end__
                0x0000000020000000                __log_dynamic_data_run_load_end__ = __log_dynamic_data_run_end__
                0x0000000000000001                . = ASSERT (((__log_dynamic_data_run_start__ == __log_dynamic_data_run_end__) || ((__log_dynamic_data_run_end__ - __RAM1_segment_start__) <= __RAM1_segment_size__)), error: .log_dynamic_data_run is too large to fit in RAM1 memory segment)
                0x000000000001b804                __log_filter_data_load_start__ = ALIGN ((__log_dynamic_data_load_start__ + SIZEOF (.log_dynamic_data)), 0x4)

.log_filter_data
                0x0000000020000000        0x0 load address 0x000000000001b804
                0x0000000020000000                __log_filter_data_start__ = .
 *(SORT_BY_NAME(.log_filter_data*))
                0x0000000020000000                __log_filter_data_end__ = (__log_filter_data_start__ + SIZEOF (.log_filter_data))
                0x0000000000000000                __log_filter_data_size__ = SIZEOF (.log_filter_data)
                0x000000000001b804                __log_filter_data_load_end__ = (__log_filter_data_load_start__ + SIZEOF (.log_filter_data))
                0x0000000000000001                . = ASSERT (((__log_filter_data_load_start__ == __log_filter_data_load_end__) || ((__log_filter_data_load_end__ - __FLASH_segment_start__) <= __FLASH_segment_size__)), error: .log_filter_data is too large to fit in FLASH memory segment)

.log_filter_data_run
                0x0000000020000000        0x0
                0x0000000020000000                __log_filter_data_run_start__ = .
                0x0000000020000000                __start_log_filter_data = __log_filter_data_run_start__
                0x0000000020000000                . = MAX ((__log_filter_data_run_start__ + SIZEOF (.log_filter_data)), .)
                0x0000000020000000                __log_filter_data_run_end__ = (__log_filter_data_run_start__ + SIZEOF (.log_filter_data_run))
                0x0000000000000000                __log_filter_data_run_size__ = SIZEOF (.log_filter_data_run)
                0x0000000020000000                __stop_log_filter_data = __log_filter_data_run_end__
                0x0000000020000000                __log_filter_data_run_load_end__ = __log_filter_data_run_end__
                0x0000000000000001                . = ASSERT (((__log_filter_data_run_start__ == __log_filter_data_run_end__) || ((__log_filter_data_run_end__ - __RAM1_segment_start__) <= __RAM1_segment_size__)), error: .log_filter_data_run is too large to fit in RAM1 memory segment)
                0x0000000020000000                __nrf_sections_run_end_load_start__ = ALIGN (__log_filter_data_run_end__, 0x4)

.nrf_sections_run_end
                0x0000000020000000        0x0
                0x0000000020000000                __nrf_sections_run_end_start__ = .
                0x0000000020000000                __end_nrf_sections_run = __nrf_sections_run_end_start__
 *(.nrf_sections_run_end .nrf_sections_run_end.*)
                0x0000000020000000                __nrf_sections_run_end_end__ = (__nrf_sections_run_end_start__ + SIZEOF (.nrf_sections_run_end))
                0x0000000000000000                __nrf_sections_run_end_size__ = SIZEOF (.nrf_sections_run_end)
                0x0000000020000000                __nrf_sections_run_end_load_end__ = __nrf_sections_run_end_end__
                0x0000000000000001                . = ASSERT (((__nrf_sections_run_end_start__ == __nrf_sections_run_end_end__) || ((__nrf_sections_run_end_end__ - __RAM1_segment_start__) <= __RAM1_segment_size__)), error: .nrf_sections_run_end is too large to fit in RAM1 memory segment)
                0x000000000001b804                __dtors_load_start__ = ALIGN ((__log_filter_data_load_start__ + SIZEOF (.log_filter_data)), 0x4)

.dtors          0x000000000001b804        0x0
                0x000000000001b804                __dtors_start__ = .
 *(SORT_BY_NAME(.dtors.*))
 *(.dtors)
 *(.fini_array)
 *(SORT_BY_NAME(.fini_array.*))
                0x000000000001b804                __dtors_end__ = (__dtors_start__ + SIZEOF (.dtors))
                0x0000000000000000                __dtors_size__ = SIZEOF (.dtors)
                0x000000000001b804                __dtors_load_end__ = __dtors_end__
                0x0000000000000001                . = ASSERT (((__dtors_start__ == __dtors_end__) || ((__dtors_end__ - __FLASH_segment_start__) <= __FLASH_segment_size__)), error: .dtors is too large to fit in FLASH memory segment)
                0x000000000001b804                __ctors_load_start__ = ALIGN (__dtors_end__, 0x4)

.ctors          0x000000000001b804        0x0
                0x000000000001b804                __ctors_start__ = .
 *(SORT_BY_NAME(.ctors.*))
 *(.ctors)
 *(.init_array)
 *(SORT_BY_NAME(.init_array.*))
                0x000000000001b804                __ctors_end__ = (__ctors_start__ + SIZEOF (.ctors))
                0x0000000000000000                __ctors_size__ = SIZEOF (.ctors)
                0x000000000001b804                __ctors_load_end__ = __ctors_end__
                0x0000000000000001                . = ASSERT (((__ctors_start__ == __ctors_end__) || ((__ctors_end__ - __FLASH_segment_start__) <= __FLASH_segment_size__)), error: .ctors is too large to fit in FLASH memory segment)
                0x000000000001b804                __rodata_load_start__ = ALIGN (__ctors_end__, 0x4)

.rodata         0x000000000001b804     0x753b
                0x000000000001b804                __rodata_start__ = .
 *(.rodata .rodata.* .gnu.linkonce.r.*)
 .rodata._DoInit.str1.4
                0x000000000001b804       0x17 C:/Users/sean/Documents/GitHub/nRF52-PlayOpus/PlayOpus/Output/Release/Obj/PlayOpus/PlayOpus_lto.o
 *fill*         0x000000000001b81b        0x1 
 .rodata.app_error_fault_handler.str1.4
                0x000000000001b81c       0xd0 C:/Users/sean/Documents/GitHub/nRF52-PlayOpus/PlayOpus/Output/Release/Obj/PlayOpus/PlayOpus_lto.o
 .rodata.nrf_gpio_pin_port_decode.lto_priv.0.str1.4
                0x000000000001b8ec       0x4c C:/Users/sean/Documents/GitHub/nRF52-PlayOpus/PlayOpus/Output/Release/Obj/PlayOpus/PlayOpus_lto.o
 .rodata.button_get.str1.4
                0x000000000001b938       0x59 C:/Users/sean/Documents/GitHub/nRF52-PlayOpus/PlayOpus/Output/Release/Obj/PlayOpus/PlayOpus_lto.o
 *fill*         0x000000000001b991        0x3 
 .rodata.app_usbd_ep_conf_access.str1.4
                0x000000000001b994       0x55 C:/Users/sean/Documents/GitHub/nRF52-PlayOpus/PlayOpus/Output/Release/Obj/PlayOpus/PlayOpus_lto.o
 *fill*         0x000000000001b9e9        0x3 
 .rodata.usbd_descriptor_conf_feeder.str1.4
                0x000000000001b9ec       0xb2 C:/Users/sean/Documents/GitHub/nRF52-PlayOpus/PlayOpus/Output/Release/Obj/PlayOpus/PlayOpus_lto.o
 *fill*         0x000000000001ba9e        0x2 
 .rodata.msc_feed_descriptors.str1.4
                0x000000000001baa0       0xc4 C:/Users/sean/Documents/GitHub/nRF52-PlayOpus/PlayOpus/Output/Release/Obj/PlayOpus/PlayOpus_lto.o
 .rodata.evt_pending.str1.4
                0x000000000001bb64       0x55 C:/Users/sean/Documents/GitHub/nRF52-PlayOpus/PlayOpus/Output/Release/Obj/PlayOpus/PlayOpus_lto.o
 *fill*         0x000000000001bbb9        0x3 
 .rodata.block_dev_qspi_geometry.str1.4
                0x000000000001bbbc       0x69 C:/Users/sean/Documents/GitHub/nRF52-PlayOpus/PlayOpus/Output/Release/Obj/PlayOpus/PlayOpus_lto.o
 *fill*         0x000000000001bc25        0x3 
 .rodata.nrf_fprintf.str1.4
                0x000000000001bc28       0xa6 C:/Users/sean/Documents/GitHub/nRF52-PlayOpus/PlayOpus/Output/Release/Obj/PlayOpus/PlayOpus_lto.o
 *fill*         0x000000000001bcce        0x2 
 .rodata.prefix_process.str1.4
                0x000000000001bcd0       0x5a C:/Users/sean/Documents/GitHub/nRF52-PlayOpus/PlayOpus/Output/Release/Obj/PlayOpus/PlayOpus_lto.o
 *fill*         0x000000000001bd2a        0x2 
 .rodata.memobj_op.str1.4
                0x000000000001bd2c       0x59 C:/Users/sean/Documents/GitHub/nRF52-PlayOpus/PlayOpus/Output/Release/Obj/PlayOpus/PlayOpus_lto.o
 *fill*         0x000000000001bd85        0x3 
 .rodata.nrfx_qspi_read.str1.4
                0x000000000001bd88       0x55 C:/Users/sean/Documents/GitHub/nRF52-PlayOpus/PlayOpus/Output/Release/Obj/PlayOpus/PlayOpus_lto.o
 *fill*         0x000000000001bddd        0x3 
 .rodata.nrfx_usbd_ep_max_packet_size_set.str1.4
                0x000000000001bde0       0x55 C:/Users/sean/Documents/GitHub/nRF52-PlayOpus/PlayOpus/Output/Release/Obj/PlayOpus/PlayOpus_lto.o
 *fill*         0x000000000001be35        0x3 
 .rodata.disk_status.str1.4
                0x000000000001be38       0x54 C:/Users/sean/Documents/GitHub/nRF52-PlayOpus/PlayOpus/Output/Release/Obj/PlayOpus/PlayOpus_lto.o
 .rodata.block_dev_qspi_init.str1.4
                0x000000000001be8c       0x4d C:/Users/sean/Documents/GitHub/nRF52-PlayOpus/PlayOpus/Output/Release/Obj/PlayOpus/PlayOpus_lto.o
 *fill*         0x000000000001bed9        0x3 
 .rodata.app_usbd_prepare_string.constprop.0.str1.4
                0x000000000001bedc       0x61 C:/Users/sean/Documents/GitHub/nRF52-PlayOpus/PlayOpus/Output/Release/Obj/PlayOpus/PlayOpus_lto.o
 *fill*         0x000000000001bf3d        0x3 
 .rodata.nrfx_usbd_ep_dtoggle_clear.str1.4
                0x000000000001bf40       0x4c C:/Users/sean/Documents/GitHub/nRF52-PlayOpus/PlayOpus/Output/Release/Obj/PlayOpus/PlayOpus_lto.o
 .rodata.nrf_sortlist_add.constprop.0.str1.4
                0x000000000001bf8c       0x5d C:/Users/sean/Documents/GitHub/nRF52-PlayOpus/PlayOpus/Output/Release/Obj/PlayOpus/PlayOpus_lto.o
 *fill*         0x000000000001bfe9        0x3 
 .rodata.timer_expire.str1.4
                0x000000000001bfec       0x58 C:/Users/sean/Documents/GitHub/nRF52-PlayOpus/PlayOpus/Output/Release/Obj/PlayOpus/PlayOpus_lto.o
 .rodata.app_util_critical_region_exit.constprop.0.str1.4
                0x000000000001c044       0x5e C:/Users/sean/Documents/GitHub/nRF52-PlayOpus/PlayOpus/Output/Release/Obj/PlayOpus/PlayOpus_lto.o
 *fill*         0x000000000001c0a2        0x2 
 .rodata.nrf_drv_clock_hfclk_request.constprop.0.str1.4
                0x000000000001c0a4       0xae C:/Users/sean/Documents/GitHub/nRF52-PlayOpus/PlayOpus/Output/Release/Obj/PlayOpus/PlayOpus_lto.o
 *fill*         0x000000000001c152        0x2 
 .rodata.nrf_memobj_free.str1.4
                0x000000000001c154       0x59 C:/Users/sean/Documents/GitHub/nRF52-PlayOpus/PlayOpus/Output/Release/Obj/PlayOpus/PlayOpus_lto.o
 *fill*         0x000000000001c1ad        0x3 
 .rodata.nrf_log_backend_rtt_put.str1.4
                0x000000000001c1b0       0x13 C:/Users/sean/Documents/GitHub/nRF52-PlayOpus/PlayOpus/Output/Release/Obj/PlayOpus/PlayOpus_lto.o
                                         0x1a (size before relaxing)
 *fill*         0x000000000001c1c3        0x1 
 .rodata.disk_initialize.str1.4
                0x000000000001c1c4       0x5f C:/Users/sean/Documents/GitHub/nRF52-PlayOpus/PlayOpus/Output/Release/Obj/PlayOpus/PlayOpus_lto.o
 *fill*         0x000000000001c223        0x1 
 .rodata.follow_path.str1.4
                0x000000000001c224        0xf C:/Users/sean/Documents/GitHub/nRF52-PlayOpus/PlayOpus/Output/Release/Obj/PlayOpus/PlayOpus_lto.o
 *fill*         0x000000000001c233        0x1 
 .rodata.bsp_board_led_on.str1.4
                0x000000000001c234       0x4b C:/Users/sean/Documents/GitHub/nRF52-PlayOpus/PlayOpus/Output/Release/Obj/PlayOpus/PlayOpus_lto.o
 *fill*         0x000000000001c27f        0x1 
 .rodata.nrfx_gpiote_in_is_set.str1.4
                0x000000000001c280       0x57 C:/Users/sean/Documents/GitHub/nRF52-PlayOpus/PlayOpus/Output/Release/Obj/PlayOpus/PlayOpus_lto.o
 *fill*         0x000000000001c2d7        0x1 
 .rodata.nrf_log_frontend_dequeue.str1.4
                0x000000000001c2d8       0x11 C:/Users/sean/Documents/GitHub/nRF52-PlayOpus/PlayOpus/Output/Release/Obj/PlayOpus/PlayOpus_lto.o
 *fill*         0x000000000001c2e9        0x3 
 .rodata.fatfs_ls.str1.4
                0x000000000001c2ec       0xc0 C:/Users/sean/Documents/GitHub/nRF52-PlayOpus/PlayOpus/Output/Release/Obj/PlayOpus/PlayOpus_lto.o
 .rodata.fatfs_init.str1.4
                0x000000000001c3ac       0x9e C:/Users/sean/Documents/GitHub/nRF52-PlayOpus/PlayOpus/Output/Release/Obj/PlayOpus/PlayOpus_lto.o
                                         0xa2 (size before relaxing)
 *fill*         0x000000000001c44a        0x2 
 .rodata.HardFault_c_handler.str1.4
                0x000000000001c44c      0x136 C:/Users/sean/Documents/GitHub/nRF52-PlayOpus/PlayOpus/Output/Release/Obj/PlayOpus/PlayOpus_lto.o
 *fill*         0x000000000001c582        0x2 
 .rodata.usbd_user_ev_handler.str1.4
                0x000000000001c584       0x56 C:/Users/sean/Documents/GitHub/nRF52-PlayOpus/PlayOpus/Output/Release/Obj/PlayOpus/PlayOpus_lto.o
 *fill*         0x000000000001c5da        0x2 
 .rodata.POWER_CLOCK_IRQHandler.str1.4
                0x000000000001c5dc       0x56 C:/Users/sean/Documents/GitHub/nRF52-PlayOpus/PlayOpus/Output/Release/Obj/PlayOpus/PlayOpus_lto.o
 *fill*         0x000000000001c632        0x2 
 .rodata.UARTE0_UART0_IRQHandler.str1.4
                0x000000000001c634       0x58 C:/Users/sean/Documents/GitHub/nRF52-PlayOpus/PlayOpus/Output/Release/Obj/PlayOpus/PlayOpus_lto.o
 .rodata.OPUS_Stop.str1.4
                0x000000000001c68c       0x5c C:/Users/sean/Documents/GitHub/nRF52-PlayOpus/PlayOpus/Output/Release/Obj/PlayOpus/PlayOpus_lto.o
 .rodata.OPUS_DataHandler.str1.4
                0x000000000001c6e8       0x25 C:/Users/sean/Documents/GitHub/nRF52-PlayOpus/PlayOpus/Output/Release/Obj/PlayOpus/PlayOpus_lto.o
 *fill*         0x000000000001c70d        0x3 
 .rodata.OggReadPageHeader.constprop.0.str1.4
                0x000000000001c710       0x1a C:/Users/sean/Documents/GitHub/nRF52-PlayOpus/PlayOpus/Output/Release/Obj/PlayOpus/PlayOpus_lto.o
 *fill*         0x000000000001c72a        0x2 
 .rodata.OPUS_ProcessAudio.part.0.str1.4
                0x000000000001c72c        0xa C:/Users/sean/Documents/GitHub/nRF52-PlayOpus/PlayOpus/Output/Release/Obj/PlayOpus/PlayOpus_lto.o
 *fill*         0x000000000001c736        0x2 
 .rodata.main.str1.4
                0x000000000001c738      0x21c C:/Users/sean/Documents/GitHub/nRF52-PlayOpus/PlayOpus/Output/Release/Obj/PlayOpus/PlayOpus_lto.o
 .rodata.str1.4
                0x000000000001c954      0x988 C:/Users/sean/Documents/GitHub/nRF52-PlayOpus/PlayOpus/Output/Release/Obj/PlayOpus/PlayOpus_lto.o
                                        0x990 (size before relaxing)
 .rodata        0x000000000001d2dc       0x16 C:/Users/sean/Documents/GitHub/nRF52-PlayOpus/PlayOpus/Output/Release/Obj/PlayOpus/PlayOpus_lto.o
 *fill*         0x000000000001d2f2        0x2 
 .rodata.CELT_PVQ_U_DATA
                0x000000000001d2f4     0x13e0 C:/Users/sean/Documents/GitHub/nRF52-PlayOpus/PlayOpus/Output/Release/Obj/PlayOpus/PlayOpus_lto.o
 .rodata.CELT_PVQ_U_ROW
                0x000000000001e6d4       0x3c C:/Users/sean/Documents/GitHub/nRF52-PlayOpus/PlayOpus/Output/Release/Obj/PlayOpus/PlayOpus_lto.o
 .rodata.CSWTCH.228
                0x000000000001e710        0x4 C:/Users/sean/Documents/GitHub/nRF52-PlayOpus/PlayOpus/Output/Release/Obj/PlayOpus/PlayOpus_lto.o
 .rodata.CSWTCH.6
                0x000000000001e714        0x4 C:/Users/sean/Documents/GitHub/nRF52-PlayOpus/PlayOpus/Output/Release/Obj/PlayOpus/PlayOpus_lto.o
 .rodata.CSWTCH.72
                0x000000000001e718        0x7 C:/Users/sean/Documents/GitHub/nRF52-PlayOpus/PlayOpus/Output/Release/Obj/PlayOpus/PlayOpus_lto.o
 *fill*         0x000000000001e71f        0x1 
 .rodata.CSWTCH.94
                0x000000000001e720       0x10 C:/Users/sean/Documents/GitHub/nRF52-PlayOpus/PlayOpus/Output/Release/Obj/PlayOpus/PlayOpus_lto.o
 .rodata.HARM_ATT_Q15
                0x000000000001e730        0x4 C:/Users/sean/Documents/GitHub/nRF52-PlayOpus/PlayOpus/Output/Release/Obj/PlayOpus/PlayOpus_lto.o
 .rodata.LOG2_FRAC_TABLE
                0x000000000001e734       0x18 C:/Users/sean/Documents/GitHub/nRF52-PlayOpus/PlayOpus/Output/Release/Obj/PlayOpus/PlayOpus_lto.o
 .rodata.PLC_RAND_ATTENUATE_UV_Q15
                0x000000000001e74c        0x4 C:/Users/sean/Documents/GitHub/nRF52-PlayOpus/PlayOpus/Output/Release/Obj/PlayOpus/PlayOpus_lto.o
 .rodata.PLC_RAND_ATTENUATE_V_Q15
                0x000000000001e750        0x4 C:/Users/sean/Documents/GitHub/nRF52-PlayOpus/PlayOpus/Output/Release/Obj/PlayOpus/PlayOpus_lto.o
 .rodata.SMALL_DIV_TABLE
                0x000000000001e754      0x204 C:/Users/sean/Documents/GitHub/nRF52-PlayOpus/PlayOpus/Output/Release/Obj/PlayOpus/PlayOpus_lto.o
 .rodata.SPREAD_FACTOR.9133
                0x000000000001e958        0xc C:/Users/sean/Documents/GitHub/nRF52-PlayOpus/PlayOpus/Output/Release/Obj/PlayOpus/PlayOpus_lto.o
 .rodata.__compound_literal.1
                0x000000000001e964        0x6 C:/Users/sean/Documents/GitHub/nRF52-PlayOpus/PlayOpus/Output/Release/Obj/PlayOpus/PlayOpus_lto.o
 *fill*         0x000000000001e96a        0x2 
 .rodata.__compound_literal.2
                0x000000000001e96c       0x15 C:/Users/sean/Documents/GitHub/nRF52-PlayOpus/PlayOpus/Output/Release/Obj/PlayOpus/PlayOpus_lto.o
 *fill*         0x000000000001e981        0x3 
 .rodata.__compound_literal.3
                0x000000000001e984       0x13 C:/Users/sean/Documents/GitHub/nRF52-PlayOpus/PlayOpus/Output/Release/Obj/PlayOpus/PlayOpus_lto.o
 *fill*         0x000000000001e997        0x1 
 .rodata.__compound_literal.4
                0x000000000001e998        0xd C:/Users/sean/Documents/GitHub/nRF52-PlayOpus/PlayOpus/Output/Release/Obj/PlayOpus/PlayOpus_lto.o
 *fill*         0x000000000001e9a5        0x3 
 .rodata.__compound_literal.5
                0x000000000001e9a8       0x16 C:/Users/sean/Documents/GitHub/nRF52-PlayOpus/PlayOpus/Output/Release/Obj/PlayOpus/PlayOpus_lto.o
 *fill*         0x000000000001e9be        0x2 
 .rodata.__compound_literal.6
                0x000000000001e9c0        0x7 C:/Users/sean/Documents/GitHub/nRF52-PlayOpus/PlayOpus/Output/Release/Obj/PlayOpus/PlayOpus_lto.o
 *fill*         0x000000000001e9c7        0x1 
 .rodata._aV2C.7885
                0x000000000001e9c8       0x10 C:/Users/sean/Documents/GitHub/nRF52-PlayOpus/PlayOpus/Output/Release/Obj/PlayOpus/PlayOpus_lto.o
 .rodata.app_buttons
                0x000000000001e9d8        0x8 C:/Users/sean/Documents/GitHub/nRF52-PlayOpus/PlayOpus/Output/Release/Obj/PlayOpus/PlayOpus_lto.o
 .rodata.app_usbd_core_inst
                0x000000000001e9e0       0x10 C:/Users/sean/Documents/GitHub/nRF52-PlayOpus/PlayOpus/Output/Release/Obj/PlayOpus/PlayOpus_lto.o
 .rodata.app_usbd_msc_class_methods
                0x000000000001e9f0       0x14 C:/Users/sean/Documents/GitHub/nRF52-PlayOpus/PlayOpus/Output/Release/Obj/PlayOpus/PlayOpus_lto.o
 .rodata.band_allocation
                0x000000000001ea04       0xe7 C:/Users/sean/Documents/GitHub/nRF52-PlayOpus/PlayOpus/Output/Release/Obj/PlayOpus/PlayOpus_lto.o
 *fill*         0x000000000001eaeb        0x1 
 .rodata.beta_coef
                0x000000000001eaec        0x8 C:/Users/sean/Documents/GitHub/nRF52-PlayOpus/PlayOpus/Output/Release/Obj/PlayOpus/PlayOpus_lto.o
 .rodata.bit_deinterleave_table.9671
                0x000000000001eaf4       0x10 C:/Users/sean/Documents/GitHub/nRF52-PlayOpus/PlayOpus/Output/Release/Obj/PlayOpus/PlayOpus_lto.o
 .rodata.bit_interleave_table.9661
                0x000000000001eb04       0x10 C:/Users/sean/Documents/GitHub/nRF52-PlayOpus/PlayOpus/Output/Release/Obj/PlayOpus/PlayOpus_lto.o
 .rodata.cache_bits50
                0x000000000001eb14      0x188 C:/Users/sean/Documents/GitHub/nRF52-PlayOpus/PlayOpus/Output/Release/Obj/PlayOpus/PlayOpus_lto.o
 .rodata.cache_caps50
                0x000000000001ec9c       0xa8 C:/Users/sean/Documents/GitHub/nRF52-PlayOpus/PlayOpus/Output/Release/Obj/PlayOpus/PlayOpus_lto.o
 .rodata.cache_index50
                0x000000000001ed44       0xd2 C:/Users/sean/Documents/GitHub/nRF52-PlayOpus/PlayOpus/Output/Release/Obj/PlayOpus/PlayOpus_lto.o
 *fill*         0x000000000001ee16        0x2 
 .rodata.cfsr_msgs.8484
                0x000000000001ee18       0x68 C:/Users/sean/Documents/GitHub/nRF52-PlayOpus/PlayOpus/Output/Release/Obj/PlayOpus/PlayOpus_lto.o
 .rodata.correction.8155
                0x000000000001ee80       0x20 C:/Users/sean/Documents/GitHub/nRF52-PlayOpus/PlayOpus/Output/Release/Obj/PlayOpus/PlayOpus_lto.o
 .rodata.delay_machine_code.7957.lto_priv.0
                0x000000000001eea0        0x6 C:/Users/sean/Documents/GitHub/nRF52-PlayOpus/PlayOpus/Output/Release/Obj/PlayOpus/PlayOpus_lto.o
 *fill*         0x000000000001eea6        0xa 
 .rodata.delay_machine_code.7957.lto_priv.1
                0x000000000001eeb0        0x6 C:/Users/sean/Documents/GitHub/nRF52-PlayOpus/PlayOpus/Output/Release/Obj/PlayOpus/PlayOpus_lto.o
 *fill*         0x000000000001eeb6        0xa 
 .rodata.delay_machine_code.8565
                0x000000000001eec0        0x6 C:/Users/sean/Documents/GitHub/nRF52-PlayOpus/PlayOpus/Output/Release/Obj/PlayOpus/PlayOpus_lto.o
 *fill*         0x000000000001eec6        0x2 
 .rodata.delay_matrix_dec
                0x000000000001eec8        0xf C:/Users/sean/Documents/GitHub/nRF52-PlayOpus/PlayOpus/Output/Release/Obj/PlayOpus/PlayOpus_lto.o
 *fill*         0x000000000001eed7        0x1 
 .rodata.eMeans
                0x000000000001eed8       0x19 C:/Users/sean/Documents/GitHub/nRF52-PlayOpus/PlayOpus/Output/Release/Obj/PlayOpus/PlayOpus_lto.o
 *fill*         0x000000000001eef1        0x3 
 .rodata.e_prob_model
                0x000000000001eef4      0x150 C:/Users/sean/Documents/GitHub/nRF52-PlayOpus/PlayOpus/Output/Release/Obj/PlayOpus/PlayOpus_lto.o
 .rodata.eband5ms