Archive member included to satisfy reference by file (symbol)

C:/Users/sean/ncs/v1.4.0/toolchain/segger_embedded_studio/lib/libc_v7em_fpv4_sp_d16_hard_t_le_eabi.a(libc_asm.o)
                              Output/Release/Obj/PlayOpus/bsp.o (__aeabi_uldivmod)
C:/Users/sean/ncs/v1.4.0/toolchain/segger_embedded_studio/lib/libc_v7em_fpv4_sp_d16_hard_t_le_eabi.a(libc2.o)
                              Output/Release/Obj/PlayOpus/app_usbd_msc.o (isxdigit)
C:/Users/sean/ncs/v1.4.0/toolchain/segger_embedded_studio/lib/libc_v7em_fpv4_sp_d16_hard_t_le_eabi.a(libc2_asm.o)
                              Output/Release/Obj/PlayOpus/nrf_log_frontend.o (memcpy)
C:/Users/sean/ncs/v1.4.0/toolchain/segger_embedded_studio/lib/libc_v7em_fpv4_sp_d16_hard_t_le_eabi.a(libvfprintf.o)
                              (__vfprintf_long)
C:/Users/sean/ncs/v1.4.0/toolchain/segger_embedded_studio/lib/libc_v7em_fpv4_sp_d16_hard_t_le_eabi.a(libvfscanf.o)
                              (__vfscanf_long)
C:/Users/sean/ncs/v1.4.0/toolchain/segger_embedded_studio/lib/libc_v7em_fpv4_sp_d16_hard_t_le_eabi.a(libc.o)
                              C:/Users/sean/ncs/v1.4.0/toolchain/segger_embedded_studio/lib/libc_v7em_fpv4_sp_d16_hard_t_le_eabi.a(libc2.o) (__heap_lock)
C:/Users/sean/ncs/v1.4.0/toolchain/segger_embedded_studio/lib/libdebugio_v7em_fpv4_sp_d16_hard_t_le_eabi.a(libdebugio.o)
                              Output/Release/Obj/PlayOpus/thumb_crt0.o (debug_fopen)
C:/Users/sean/ncs/v1.4.0/toolchain/segger_embedded_studio/lib/libdebugio_v7em_fpv4_sp_d16_hard_t_le_eabi.a(do_nv_debug_operation.o)
                              C:/Users/sean/ncs/v1.4.0/toolchain/segger_embedded_studio/lib/libdebugio_v7em_fpv4_sp_d16_hard_t_le_eabi.a(libdebugio.o) (__do_nvdebug_operation)
C:/Users/sean/ncs/v1.4.0/toolchain/segger_embedded_studio/lib/libdebugio_v7em_fpv4_sp_d16_hard_t_le_eabi.a(mempoll_debug_operations.o)
                              (__do_debug_operation_mempoll)
C:/Users/sean/ncs/v1.4.0/toolchain/segger_embedded_studio/lib/libm_v7em_fpv4_sp_d16_hard_t_le_eabi.a(libm_asm.o)
                              C:/Users/sean/ncs/v1.4.0/toolchain/segger_embedded_studio/lib/libc_v7em_fpv4_sp_d16_hard_t_le_eabi.a(libc2.o) (__aeabi_dadd)
C:/Users/sean/ncs/v1.4.0/toolchain/segger_embedded_studio/lib/libm_v7em_fpv4_sp_d16_hard_t_le_eabi.a(libm2.o)
                              C:/Users/sean/ncs/v1.4.0/toolchain/segger_embedded_studio/lib/libc_v7em_fpv4_sp_d16_hard_t_le_eabi.a(libvfprintf.o) (frexp)

Discarded input sections

 .text          0x0000000000000000        0x0 Output/Release/Obj/PlayOpus/thumb_crt0.o
 .data          0x0000000000000000        0x0 Output/Release/Obj/PlayOpus/thumb_crt0.o
 .bss           0x0000000000000000        0x0 Output/Release/Obj/PlayOpus/thumb_crt0.o
 .text.__aeabi_read_tp
                0x0000000000000000        0x8 Output/Release/Obj/PlayOpus/thumb_crt0.o
 .text.abort    0x0000000000000000        0x2 Output/Release/Obj/PlayOpus/thumb_crt0.o
 .text.__assert
                0x0000000000000000        0x2 Output/Release/Obj/PlayOpus/thumb_crt0.o
 .text.__assert_func
                0x0000000000000000        0x2 Output/Release/Obj/PlayOpus/thumb_crt0.o
 .text.__aeabi_assert
                0x0000000000000000        0x2 Output/Release/Obj/PlayOpus/thumb_crt0.o
 .text.__sync_synchronize
                0x0000000000000000        0x2 Output/Release/Obj/PlayOpus/thumb_crt0.o
 .text.__getchar
                0x0000000000000000        0x4 Output/Release/Obj/PlayOpus/thumb_crt0.o
 .text.__putchar
                0x0000000000000000        0x4 Output/Release/Obj/PlayOpus/thumb_crt0.o
 .text.__open   0x0000000000000000        0x4 Output/Release/Obj/PlayOpus/thumb_crt0.o
 .text.__close  0x0000000000000000        0x4 Output/Release/Obj/PlayOpus/thumb_crt0.o
 .text.__write  0x0000000000000000        0xa Output/Release/Obj/PlayOpus/thumb_crt0.o
 .text.__read   0x0000000000000000        0xa Output/Release/Obj/PlayOpus/thumb_crt0.o
 .text.__seek   0x0000000000000000       0x1a Output/Release/Obj/PlayOpus/thumb_crt0.o
 .bss.__user_locale_name_buffer
                0x0000000000000000        0x4 Output/Release/Obj/PlayOpus/thumb_crt0.o
 .stack         0x0000000000000000        0x0 Output/Release/Obj/PlayOpus/thumb_crt0.o
 .stack_process
                0x0000000000000000        0x0 Output/Release/Obj/PlayOpus/thumb_crt0.o
 .heap          0x0000000000000000        0x0 Output/Release/Obj/PlayOpus/thumb_crt0.o
 .group         0x0000000000000000        0xc Output/Release/Obj/PlayOpus/nrf_log_backend_rtt.o
 .group         0x0000000000000000        0xc Output/Release/Obj/PlayOpus/nrf_log_backend_rtt.o
 .group         0x0000000000000000        0xc Output/Release/Obj/PlayOpus/nrf_log_backend_rtt.o
 .group         0x0000000000000000        0xc Output/Release/Obj/PlayOpus/nrf_log_backend_rtt.o
 .group         0x0000000000000000        0xc Output/Release/Obj/PlayOpus/nrf_log_backend_rtt.o
[...]
Memory Configuration

Name             Origin             Length             Attributes
UNPLACED_SECTIONS 0x0000000100000000 0x0000000000000000 xw
FLASH            0x0000000000000000 0x0000000000100000 xr
RAM1             0x0000000020000000 0x0000000000040000 xw
*default*        0x0000000000000000 0xffffffffffffffff

Linker script and memory map

                0x0000000000000000                __do_debug_operation = __do_debug_operation_mempoll
                0x0000000000000000                __vfprintf = __vfprintf_long
                0x0000000000000000                __vfscanf = __vfscanf_long
                0x0000000000000000                __FLASH_segment_start__ = 0x0
                0x0000000000100000                __FLASH_segment_end__ = 0x100000
                0x0000000000100000                __FLASH_segment_size__ = 0x100000
                0x0000000020000000                __RAM1_segment_start__ = 0x20000000
                0x0000000020040000                __RAM1_segment_end__ = 0x20040000
                0x0000000000040000                __RAM1_segment_size__ = 0x40000
                0x0000000000002000                __HEAPSIZE__ = 0x2000
                0x0000000000000000                __STACKSIZE_PROCESS__ = 0x0
                0x0000000000002000                __STACKSIZE__ = 0x2000
START GROUP
LOAD Output/Release/Obj/PlayOpus/thumb_crt0.o
LOAD Output/Release/Obj/PlayOpus/nrf_log_backend_rtt.o
LOAD Output/Release/Obj/PlayOpus/nrf_log_backend_serial.o
LOAD Output/Release/Obj/PlayOpus/nrf_log_backend_uart.o
LOAD Output/Release/Obj/PlayOpus/nrf_log_default_backends.o
LOAD Output/Release/Obj/PlayOpus/nrf_log_frontend.o
LOAD Output/Release/Obj/PlayOpus/nrf_log_str_formatter.o
LOAD Output/Release/Obj/PlayOpus/boards.o
LOAD Output/Release/Obj/PlayOpus/app_button.o
LOAD Output/Release/Obj/PlayOpus/app_error.o
LOAD Output/Release/Obj/PlayOpus/app_error_handler_gcc.o
LOAD Output/Release/Obj/PlayOpus/app_error_weak.o
LOAD Output/Release/Obj/PlayOpus/app_fifo.o
LOAD Output/Release/Obj/PlayOpus/app_scheduler.o
LOAD Output/Release/Obj/PlayOpus/app_sdcard.o
LOAD Output/Release/Obj/PlayOpus/app_timer2.o
LOAD Output/Release/Obj/PlayOpus/app_uart_fifo.o
LOAD Output/Release/Obj/PlayOpus/app_usbd.o
LOAD Output/Release/Obj/PlayOpus/app_usbd_core.o
LOAD Output/Release/Obj/PlayOpus/app_usbd_msc.o
LOAD Output/Release/Obj/PlayOpus/app_usbd_string_desc.o
LOAD Output/Release/Obj/PlayOpus/app_util_platform.o
LOAD Output/Release/Obj/PlayOpus/drv_rtc.o
LOAD Output/Release/Obj/PlayOpus/hardfault_handler_gcc.o
LOAD Output/Release/Obj/PlayOpus/hardfault_implementation.o
LOAD Output/Release/Obj/PlayOpus/nrf_assert.o
LOAD Output/Release/Obj/PlayOpus/nrf_atfifo.o
LOAD Output/Release/Obj/PlayOpus/nrf_atomic.o
LOAD Output/Release/Obj/PlayOpus/nrf_balloc.o
LOAD Output/Release/Obj/PlayOpus/nrf_block_dev_empty.o
LOAD Output/Release/Obj/PlayOpus/nrf_block_dev_qspi.o
LOAD Output/Release/Obj/PlayOpus/nrf_block_dev_ram.o
LOAD Output/Release/Obj/PlayOpus/nrf_block_dev_sdc.o
LOAD Output/Release/Obj/PlayOpus/nrf_fprintf.o
LOAD Output/Release/Obj/PlayOpus/nrf_fprintf_format.o
LOAD Output/Release/Obj/PlayOpus/nrf_memobj.o
LOAD Output/Release/Obj/PlayOpus/nrf_ringbuf.o
LOAD Output/Release/Obj/PlayOpus/nrf_serial_flash_params.o
LOAD Output/Release/Obj/PlayOpus/nrf_sortlist.o
LOAD Output/Release/Obj/PlayOpus/nrf_strerror.o
LOAD Output/Release/Obj/PlayOpus/nrf_drv_clock.o
LOAD Output/Release/Obj/PlayOpus/nrf_drv_power.o
LOAD Output/Release/Obj/PlayOpus/nrf_drv_spi.o
LOAD Output/Release/Obj/PlayOpus/nrf_drv_uart.o
LOAD Output/Release/Obj/PlayOpus/nrf_nvic.o
LOAD Output/Release/Obj/PlayOpus/nrf_soc.o
LOAD Output/Release/Obj/PlayOpus/nrfx_atomic.o
LOAD Output/Release/Obj/PlayOpus/nrfx_clock.o
LOAD Output/Release/Obj/PlayOpus/nrfx_gpiote.o
LOAD Output/Release/Obj/PlayOpus/nrfx_power.o
LOAD Output/Release/Obj/PlayOpus/nrfx_prs.o
LOAD Output/Release/Obj/PlayOpus/nrfx_qspi.o
LOAD Output/Release/Obj/PlayOpus/nrfx_spi.o
LOAD Output/Release/Obj/PlayOpus/nrfx_spim.o
LOAD Output/Release/Obj/PlayOpus/nrfx_systick.o
LOAD Output/Release/Obj/PlayOpus/nrfx_uart.o
LOAD Output/Release/Obj/PlayOpus/nrfx_uarte.o
LOAD Output/Release/Obj/PlayOpus/nrfx_usbd.o
LOAD Output/Release/Obj/PlayOpus/bsp.o
LOAD Output/Release/Obj/PlayOpus/main.o
LOAD Output/Release/Obj/PlayOpus/SEGGER_RTT.o
LOAD Output/Release/Obj/PlayOpus/SEGGER_RTT_Syscalls_SES.o
LOAD Output/Release/Obj/PlayOpus/SEGGER_RTT_printf.o
LOAD Output/Release/Obj/PlayOpus/diskio_blkdev.o
LOAD Output/Release/Obj/PlayOpus/ff.o
LOAD Output/Release/Obj/PlayOpus/ses_startup_nrf52840.o
LOAD Output/Release/Obj/PlayOpus/ses_startup_nrf_common.o
LOAD Output/Release/Obj/PlayOpus/system_nrf52840.o
LOAD Output/Release/Obj/PlayOpus/utf.o
LOAD C:/Users/sean/ncs/v1.4.0/toolchain/segger_embedded_studio/lib/libm_v7em_fpv4_sp_d16_hard_t_le_eabi.a
LOAD C:/Users/sean/ncs/v1.4.0/toolchain/segger_embedded_studio/lib/libc_v7em_fpv4_sp_d16_hard_t_le_eabi.a
LOAD C:/Users/sean/ncs/v1.4.0/toolchain/segger_embedded_studio/lib/libdebugio_v7em_fpv4_sp_d16_hard_t_le_eabi.a
END GROUP
OUTPUT(Output/Release/Exe/PlayOpus.elf elf32-littlearm)
LOAD linker stubs

.glue_7         0x0000000100000000        0x0
 .glue_7        0x0000000100000000        0x0 linker stubs

.glue_7t        0x0000000100000000        0x0
 .glue_7t       0x0000000100000000        0x0 linker stubs

.vfp11_veneer   0x0000000100000000        0x0
 .vfp11_veneer  0x0000000100000000        0x0 linker stubs

.v4_bx          0x0000000100000000        0x0
 .v4_bx         0x0000000100000000        0x0 linker stubs

.init           0x0000000100000000      0x1d0
 .init          0x0000000100000000      0x15c Output/Release/Obj/PlayOpus/thumb_crt0.o
                0x0000000100000000                _start
                0x00000001000000b4                exit
 .init          0x000000010000015c       0x18 Output/Release/Obj/PlayOpus/ses_startup_nrf52840.o
                0x000000010000015c                NMI_Handler
                0x0000000100000160                MemoryManagement_Handler
                0x0000000100000162                BusFault_Handler
                0x0000000100000164                UsageFault_Handler
                0x0000000100000166                SVC_Handler
                0x0000000100000168                DebugMon_Handler
                0x000000010000016a                PendSV_Handler
                0x000000010000016c                SysTick_Handler
                0x000000010000016e                PWM1_IRQHandler
                0x000000010000016e                RTC0_IRQHandler
                0x000000010000016e                RADIO_IRQHandler
                0x000000010000016e                SWI2_EGU2_IRQHandler
                0x000000010000016e                TEMP_IRQHandler
                0x000000010000016e                QDEC_IRQHandler
                0x000000010000016e                TIMER3_IRQHandler
                0x000000010000016e                PWM3_IRQHandler
                0x000000010000016e                FPU_IRQHandler
                0x000000010000016e                PDM_IRQHandler
                0x000000010000016e                TIMER4_IRQHandler
                0x000000010000016e                CRYPTOCELL_IRQHandler
                0x000000010000016e                I2S_IRQHandler
                0x000000010000016e                SWI4_EGU4_IRQHandler
                0x000000010000016e                TIMER0_IRQHandler
                0x000000010000016e                UARTE1_IRQHandler
                0x000000010000016e                Dummy_Handler
                0x000000010000016e                TIMER1_IRQHandler
                0x000000010000016e                SPIM3_IRQHandler
                0x000000010000016e                PWM2_IRQHandler
                0x000000010000016e                ECB_IRQHandler
                0x000000010000016e                SPIM1_SPIS1_TWIM1_TWIS1_SPI1_TWI1_IRQHandler
                0x000000010000016e                SAADC_IRQHandler
                0x000000010000016e                CCM_AAR_IRQHandler
                0x000000010000016e                WDT_IRQHandler
                0x000000010000016e                SWI0_EGU0_IRQHandler
                0x000000010000016e                SWI5_EGU5_IRQHandler
                0x000000010000016e                RNG_IRQHandler
                0x000000010000016e                RTC2_IRQHandler
                0x000000010000016e                PWM0_IRQHandler
                0x000000010000016e                SWI3_EGU3_IRQHandler
                0x000000010000016e                SWI1_EGU1_IRQHandler
                0x000000010000016e                SPIM2_SPIS2_SPI2_IRQHandler
                0x000000010000016e                NFCT_IRQHandler
                0x000000010000016e                TIMER2_IRQHandler
                0x000000010000016e                MWU_IRQHandler
                0x000000010000016e                COMP_LPCOMP_IRQHandler
                0x0000000100000170                nRFInitialize
 .init          0x0000000100000174       0x5c Output/Release/Obj/PlayOpus/ses_startup_nrf_common.o
                0x0000000100000174                Reset_Handler
                0x0000000100000178                afterInitialize
                0x000000010000019c                InitializeUserMemorySections

.iplt           0x00000001000001d0        0x0
 .iplt          0x00000001000001d0        0x0 Output/Release/Obj/PlayOpus/thumb_crt0.o

.text.nrf_log_backend_serial_put
                0x00000001000001d0       0xc2
 .text.nrf_log_backend_serial_put
                0x00000001000001d0       0xc2 Output/Release/Obj/PlayOpus/nrf_log_backend_serial.o
                0x00000001000001d0                nrf_log_backend_serial_put

.text.uart_evt_handler
                0x0000000100000294       0x40
 .text.uart_evt_handler
                0x0000000100000294        0xc Output/Release/Obj/PlayOpus/nrf_log_backend_uart.o
 .text.uart_evt_handler
                0x00000001000002a0       0x34 Output/Release/Obj/PlayOpus/nrf_drv_uart.o

.text.nrf_log_backend_uart_flush
                0x00000001000002d4        0x2
 .text.nrf_log_backend_uart_flush
                0x00000001000002d4        0x2 Output/Release/Obj/PlayOpus/nrf_log_backend_uart.o

.text.uart_init
                0x00000001000002d8       0x64
 .text.uart_init
                0x00000001000002d8       0x64 Output/Release/Obj/PlayOpus/nrf_log_backend_uart.o

.text.nrf_log_backend_uart_put
                0x000000010000033c       0x1c
 .text.nrf_log_backend_uart_put
                0x000000010000033c       0x1c Output/Release/Obj/PlayOpus/nrf_log_backend_uart.o

.text.serial_tx
                0x0000000100000358       0x50
 .text.serial_tx
                0x0000000100000358       0x50 Output/Release/Obj/PlayOpus/nrf_log_backend_uart.o

.text.nrf_log_backend_uart_panic_set
                0x00000001000003a8       0x2c
 .text.nrf_log_backend_uart_panic_set
                0x00000001000003a8       0x2c Output/Release/Obj/PlayOpus/nrf_log_backend_uart.o

.text.nrf_log_backend_uart_init
                0x00000001000003d4        0x6
 .text.nrf_log_backend_uart_init
                0x00000001000003d4        0x6 Output/Release/Obj/PlayOpus/nrf_log_backend_uart.o
                0x00000001000003d4                nrf_log_backend_uart_init

.text.nrf_log_default_backends_init
                0x00000001000003dc       0x30
 .text.nrf_log_default_backends_init
                0x00000001000003dc       0x30 Output/Release/Obj/PlayOpus/nrf_log_default_backends.o
                0x00000001000003dc                nrf_log_default_backends_init

.text.invalid_packets_omit
                0x000000010000040c       0x3a
 .text.invalid_packets_omit
                0x000000010000040c       0x3a Output/Release/Obj/PlayOpus/nrf_log_frontend.o

.text.buf_prealloc
                0x0000000100000448      0x124
 .text.buf_prealloc
                0x0000000100000448      0x124 Output/Release/Obj/PlayOpus/nrf_log_frontend.o

.text.nrf_log_init
                0x000000010000056c       0x3c
 .text.nrf_log_init
                0x000000010000056c       0x3c Output/Release/Obj/PlayOpus/nrf_log_frontend.o
                0x000000010000056c                nrf_log_init

.text.nrf_log_module_name_get
                0x00000001000005a8       0x38
 .text.nrf_log_module_name_get
                0x00000001000005a8       0x38 Output/Release/Obj/PlayOpus/nrf_log_frontend.o
                0x00000001000005a8                nrf_log_module_name_get

.text.nrf_log_color_id_get
                0x00000001000005e0       0x2c
 .text.nrf_log_color_id_get
                0x00000001000005e0       0x2c Output/Release/Obj/PlayOpus/nrf_log_frontend.o
                0x00000001000005e0                nrf_log_color_id_get

.text.buffer_is_empty
                0x000000010000060c       0x14
 .text.buffer_is_empty
                0x000000010000060c       0x14 Output/Release/Obj/PlayOpus/nrf_log_frontend.o
                0x000000010000060c                buffer_is_empty

.text.nrf_log_frontend_dequeue
                0x0000000100000620      0x1fc
 .text.nrf_log_frontend_dequeue
                0x0000000100000620      0x1fc Output/Release/Obj/PlayOpus/nrf_log_frontend.o
                0x0000000100000620                nrf_log_frontend_dequeue

.text.std_n     0x000000010000081c       0xc0
 .text.std_n    0x000000010000081c       0xc0 Output/Release/Obj/PlayOpus/nrf_log_frontend.o

.text.nrf_log_frontend_std_0
                0x00000001000008dc        0x8
 .text.nrf_log_frontend_std_0
                0x00000001000008dc        0x8 Output/Release/Obj/PlayOpus/nrf_log_frontend.o
                0x00000001000008dc                nrf_log_frontend_std_0

.text.nrf_log_frontend_std_1
                0x00000001000008e4       0x12
 .text.nrf_log_frontend_std_1
                0x00000001000008e4       0x12 Output/Release/Obj/PlayOpus/nrf_log_frontend.o
                0x00000001000008e4                nrf_log_frontend_std_1

.text.nrf_log_frontend_std_2
                0x00000001000008f6       0x14
 .text.nrf_log_frontend_std_2
                0x00000001000008f6       0x14 Output/Release/Obj/PlayOpus/nrf_log_frontend.o
                0x00000001000008f6                nrf_log_frontend_std_2

.text.nrf_log_frontend_std_3
                0x000000010000090a       0x18
 .text.nrf_log_frontend_std_3
                0x000000010000090a       0x18 Output/Release/Obj/PlayOpus/nrf_log_frontend.o
                0x000000010000090a                nrf_log_frontend_std_3

.text.nrf_log_frontend_std_4
                0x0000000100000922       0x1c
 .text.nrf_log_frontend_std_4
                0x0000000100000922       0x1c Output/Release/Obj/PlayOpus/nrf_log_frontend.o
                0x0000000100000922                nrf_log_frontend_std_4

.text.nrf_log_frontend_std_5
                0x000000010000093e       0x20
 .text.nrf_log_frontend_std_5
                0x000000010000093e       0x20 Output/Release/Obj/PlayOpus/nrf_log_frontend.o
                0x000000010000093e                nrf_log_frontend_std_5

.text.nrf_log_backend_add
                0x0000000100000960       0x44
 .text.nrf_log_backend_add
                0x0000000100000960       0x44 Output/Release/Obj/PlayOpus/nrf_log_frontend.o
                0x0000000100000960                nrf_log_backend_add

.text.nrf_log_panic
                0x00000001000009a4       0x28
 .text.nrf_log_panic
                0x00000001000009a4       0x28 Output/Release/Obj/PlayOpus/nrf_log_frontend.o
                0x00000001000009a4                nrf_log_panic

.text.postfix_process
                0x00000001000009cc       0x44
 .text.postfix_process
                0x00000001000009cc       0x44 Output/Release/Obj/PlayOpus/nrf_log_str_formatter.o

.text.prefix_process
                0x0000000100000a10       0xdc
 .text.prefix_process
                0x0000000100000a10       0xdc Output/Release/Obj/PlayOpus/nrf_log_str_formatter.o

.text.nrf_log_std_entry_process
                0x0000000100000aec       0xc8
 .text.nrf_log_std_entry_process
                0x0000000100000aec       0xc8 Output/Release/Obj/PlayOpus/nrf_log_str_formatter.o
                0x0000000100000aec                nrf_log_std_entry_process

.text.nrf_log_hexdump_entry_process
                0x0000000100000bb4       0xb8
 .text.nrf_log_hexdump_entry_process
                0x0000000100000bb4       0xb8 Output/Release/Obj/PlayOpus/nrf_log_str_formatter.o
                0x0000000100000bb4                nrf_log_hexdump_entry_process

.text.nrf_log_str_formatter_timestamp_freq_set
                0x0000000100000c6c       0x30
 .text.nrf_log_str_formatter_timestamp_freq_set
                0x0000000100000c6c       0x30 Output/Release/Obj/PlayOpus/nrf_log_str_formatter.o
                0x0000000100000c6c                nrf_log_str_formatter_timestamp_freq_set

.text.nrf_gpio_pin_port_decode
                0x0000000100000c9c      0x164
 .text.nrf_gpio_pin_port_decode
                0x0000000100000c9c       0x4c Output/Release/Obj/PlayOpus/boards.o
 .text.nrf_gpio_pin_port_decode
                0x0000000100000ce8       0x34 Output/Release/Obj/PlayOpus/nrfx_gpiote.o
 .text.nrf_gpio_pin_port_decode
                0x0000000100000d1c       0x4c Output/Release/Obj/PlayOpus/nrfx_spim.o
 .text.nrf_gpio_pin_port_decode
                0x0000000100000d68       0x4c Output/Release/Obj/PlayOpus/nrfx_uart.o
 .text.nrf_gpio_pin_port_decode
                0x0000000100000db4       0x4c Output/Release/Obj/PlayOpus/nrfx_uarte.o

.text.bsp_board_led_state_get
                0x0000000100000e00       0x38
 .text.bsp_board_led_state_get
                0x0000000100000e00       0x38 Output/Release/Obj/PlayOpus/boards.o
                0x0000000100000e00                bsp_board_led_state_get

.text.bsp_board_led_on
                0x0000000100000e38       0x34
 .text.bsp_board_led_on
                0x0000000100000e38       0x34 Output/Release/Obj/PlayOpus/boards.o
                0x0000000100000e38                bsp_board_led_on

.text.bsp_board_led_off
                0x0000000100000e6c       0x34
 .text.bsp_board_led_off
                0x0000000100000e6c       0x34 Output/Release/Obj/PlayOpus/boards.o
                0x0000000100000e6c                bsp_board_led_off

.text.bsp_board_leds_off
                0x0000000100000ea0       0x1e
 .text.bsp_board_leds_off
                0x0000000100000ea0       0x1e Output/Release/Obj/PlayOpus/boards.o
                0x0000000100000ea0                bsp_board_leds_off

.text.bsp_board_leds_on
                0x0000000100000ebe       0x1e
 .text.bsp_board_leds_on
                0x0000000100000ebe       0x1e Output/Release/Obj/PlayOpus/boards.o
                0x0000000100000ebe                bsp_board_leds_on

.text.bsp_board_led_invert
                0x0000000100000edc       0x40
 .text.bsp_board_led_invert
                0x0000000100000edc       0x40 Output/Release/Obj/PlayOpus/boards.o
                0x0000000100000edc                bsp_board_led_invert

.text.bsp_board_pin_to_button_idx
                0x0000000100000f1c       0x24
 .text.bsp_board_pin_to_button_idx
                0x0000000100000f1c       0x24 Output/Release/Obj/PlayOpus/boards.o
                0x0000000100000f1c                bsp_board_pin_to_button_idx

.text.bsp_board_init
                0x0000000100000f40       0x60
 .text.bsp_board_init
                0x0000000100000f40       0x60 Output/Release/Obj/PlayOpus/boards.o
                0x0000000100000f40                bsp_board_init

.text.state_set
                0x0000000100000fa0       0x24
 .text.state_set
                0x0000000100000fa0       0x24 Output/Release/Obj/PlayOpus/app_button.o

.text.timer_start
                0x0000000100000fc4       0x18
 .text.timer_start
                0x0000000100000fc4       0x18 Output/Release/Obj/PlayOpus/app_button.o

.text.button_get
                0x0000000100000fdc       0x3c
 .text.button_get
                0x0000000100000fdc       0x3c Output/Release/Obj/PlayOpus/app_button.o

.text.usr_event
                0x0000000100001018       0x20
 .text.usr_event
                0x0000000100001018       0x20 Output/Release/Obj/PlayOpus/app_button.o

.text.gpiote_event_handler
                0x0000000100001038       0x34
 .text.gpiote_event_handler
                0x0000000100001038       0x34 Output/Release/Obj/PlayOpus/app_button.o

.text.evt_handle
                0x000000010000106c       0xd8
 .text.evt_handle
                0x000000010000106c       0xd8 Output/Release/Obj/PlayOpus/app_button.o
                0x000000010000106c                evt_handle

.text.detection_delay_timeout_handler
                0x0000000100001144       0x5c
 .text.detection_delay_timeout_handler
                0x0000000100001144       0x5c Output/Release/Obj/PlayOpus/app_button.o

.text.app_button_init
                0x00000001000011a0       0xac
 .text.app_button_init
                0x00000001000011a0       0xac Output/Release/Obj/PlayOpus/app_button.o
                0x00000001000011a0                app_button_init

.text.app_button_enable
                0x000000010000124c       0x3c
 .text.app_button_enable
                0x000000010000124c       0x3c Output/Release/Obj/PlayOpus/app_button.o
                0x000000010000124c                app_button_enable

.text.app_error_save_and_stop
                0x0000000100001288       0x58
 .text.app_error_save_and_stop
                0x0000000100001288       0x58 Output/Release/Obj/PlayOpus/app_error.o
                0x0000000100001288                app_error_save_and_stop

.text.app_error_handler
                0x00000001000012e0       0x1a
 .text.app_error_handler
                0x00000001000012e0       0x1a Output/Release/Obj/PlayOpus/app_error_handler_gcc.o
                0x00000001000012e0                app_error_handler

.text.app_error_fault_handler
                0x00000001000012fc       0xb0
 .text.app_error_fault_handler
                0x00000001000012fc       0xb0 Output/Release/Obj/PlayOpus/app_error_weak.o
                0x00000001000012fc                app_error_fault_handler

.text.compare_func
                0x00000001000013ac       0x16
 .text.compare_func
                0x00000001000013ac       0x16 Output/Release/Obj/PlayOpus/app_timer2.o

.text.get_now   0x00000001000013c4       0x3c
 .text.get_now  0x00000001000013c4       0x3c Output/Release/Obj/PlayOpus/app_timer2.o

.text.timer_req_schedule
                0x0000000100001400       0x38
 .text.timer_req_schedule
                0x0000000100001400       0x38 Output/Release/Obj/PlayOpus/app_timer2.o

.text.timer_expire
                0x0000000100001438       0x78
 .text.timer_expire
                0x0000000100001438       0x78 Output/Release/Obj/PlayOpus/app_timer2.o

.text.app_timer_init
                0x00000001000014b0       0x64
 .text.app_timer_init
                0x00000001000014b0       0x64 Output/Release/Obj/PlayOpus/app_timer2.o
                0x00000001000014b0                app_timer_init

.text.app_timer_create
                0x0000000100001514       0x38
 .text.app_timer_create
                0x0000000100001514       0x38 Output/Release/Obj/PlayOpus/app_timer2.o
                0x0000000100001514                app_timer_create

.text.app_timer_start
                0x000000010000154c       0x44
 .text.app_timer_start
                0x000000010000154c       0x44 Output/Release/Obj/PlayOpus/app_timer2.o
                0x000000010000154c                app_timer_start

.text.app_timer_stop
                0x0000000100001590       0x24
 .text.app_timer_stop
                0x0000000100001590       0x24 Output/Release/Obj/PlayOpus/app_timer2.o
                0x0000000100001590                app_timer_stop

.text.app_timer_cnt_get
                0x00000001000015b4        0xc
 .text.app_timer_cnt_get
                0x00000001000015b4        0xc Output/Release/Obj/PlayOpus/app_timer2.o
                0x00000001000015b4                app_timer_cnt_get

.text.rtc_irq   0x00000001000015c0      0x1dc
 .text.rtc_irq  0x00000001000015c0      0x1dc Output/Release/Obj/PlayOpus/app_timer2.o

.text.user_event_state_proc
                0x000000010000179c       0x10
 .text.user_event_state_proc
                0x000000010000179c       0x10 Output/Release/Obj/PlayOpus/app_usbd.o

.text.app_usbd_core_handler_call
                0x00000001000017ac       0x10
 .text.app_usbd_core_handler_call
                0x00000001000017ac       0x10 Output/Release/Obj/PlayOpus/app_usbd.o

.text.app_usbd_class_iface_ep_get
                0x00000001000017bc       0x50
 .text.app_usbd_class_iface_ep_get
                0x00000001000017bc       0x28 Output/Release/Obj/PlayOpus/app_usbd.o
 .text.app_usbd_class_iface_ep_get
                0x00000001000017e4       0x28 Output/Release/Obj/PlayOpus/app_usbd_msc.o

.text.app_usbd_class_iface_get
                0x000000010000180c       0x50
 .text.app_usbd_class_iface_get
                0x000000010000180c       0x28 Output/Release/Obj/PlayOpus/app_usbd.o
 .text.app_usbd_class_iface_get
                0x0000000100001834       0x28 Output/Release/Obj/PlayOpus/app_usbd_msc.o

.text.class_event_handler
                0x000000010000185c       0x44
 .text.class_event_handler
                0x000000010000185c       0x44 Output/Release/Obj/PlayOpus/app_usbd.o

.text.app_usbd_class_next_get
                0x00000001000018a0       0x38
 .text.app_usbd_class_next_get
                0x00000001000018a0       0x1c Output/Release/Obj/PlayOpus/app_usbd.o
 .text.app_usbd_class_next_get
                0x00000001000018bc       0x1c Output/Release/Obj/PlayOpus/app_usbd_core.o

.text.app_usbd_ep_conf_access
                0x00000001000018d8       0x44
 .text.app_usbd_ep_conf_access
                0x00000001000018d8       0x44 Output/Release/Obj/PlayOpus/app_usbd.o

.text.app_usbd_ep_instance_set
                0x000000010000191c       0x30
 .text.app_usbd_ep_instance_set
                0x000000010000191c       0x30 Output/Release/Obj/PlayOpus/app_usbd.o

.text.sustate_set
                0x000000010000194c       0x80
 .text.sustate_set
                0x000000010000194c       0x80 Output/Release/Obj/PlayOpus/app_usbd.o

.text.app_usbd_event_add
                0x00000001000019cc       0xfc
 .text.app_usbd_event_add
                0x00000001000019cc       0xfc Output/Release/Obj/PlayOpus/app_usbd.o

.text.app_usbd_event_handler
                0x0000000100001ac8        0x4
 .text.app_usbd_event_handler
                0x0000000100001ac8        0x4 Output/Release/Obj/PlayOpus/app_usbd.o

.text.app_usbd_power_event_handler
                0x0000000100001acc       0x34
 .text.app_usbd_power_event_handler
                0x0000000100001acc       0x34 Output/Release/Obj/PlayOpus/app_usbd.o

.text.app_usbd_hfclk_ready
                0x0000000100001b00       0x20
 .text.app_usbd_hfclk_ready
                0x0000000100001b00       0x20 Output/Release/Obj/PlayOpus/app_usbd.o

.text.app_usbd_class_descriptor_find
                0x0000000100001b20       0xa8
 .text.app_usbd_class_descriptor_find
                0x0000000100001b20       0xa8 Output/Release/Obj/PlayOpus/app_usbd.o
                0x0000000100001b20                app_usbd_class_descriptor_find

.text.app_usbd_sof_timestamp_get
                0x0000000100001bc8        0xc
 .text.app_usbd_sof_timestamp_get
                0x0000000100001bc8        0xc Output/Release/Obj/PlayOpus/app_usbd.o
                0x0000000100001bc8                app_usbd_sof_timestamp_get

.text.app_usbd_init
                0x0000000100001bd4       0xf8
 .text.app_usbd_init
                0x0000000100001bd4       0xf8 Output/Release/Obj/PlayOpus/app_usbd.o
                0x0000000100001bd4                app_usbd_init

.text.app_usbd_power_events_enable
                0x0000000100001ccc       0x3c
 .text.app_usbd_power_events_enable
                0x0000000100001ccc       0x3c Output/Release/Obj/PlayOpus/app_usbd.o
                0x0000000100001ccc                app_usbd_power_events_enable

.text.app_usbd_enable
                0x0000000100001d08        0x4
 .text.app_usbd_enable
                0x0000000100001d08        0x4 Output/Release/Obj/PlayOpus/app_usbd.o
                0x0000000100001d08                app_usbd_enable

.text.app_usbd_disable
                0x0000000100001d0c       0x20
 .text.app_usbd_disable
                0x0000000100001d0c       0x20 Output/Release/Obj/PlayOpus/app_usbd.o
                0x0000000100001d0c                app_usbd_disable

.text.app_usbd_start
                0x0000000100001d2c       0x3c
 .text.app_usbd_start
                0x0000000100001d2c       0x3c Output/Release/Obj/PlayOpus/app_usbd.o
                0x0000000100001d2c                app_usbd_start

.text.app_usbd_stop
                0x0000000100001d68       0x14
 .text.app_usbd_stop
                0x0000000100001d68       0x14 Output/Release/Obj/PlayOpus/app_usbd.o
                0x0000000100001d68                app_usbd_stop

.text.app_usbd_class_append
                0x0000000100001d7c       0xf0
 .text.app_usbd_class_append
                0x0000000100001d7c       0xf0 Output/Release/Obj/PlayOpus/app_usbd.o
                0x0000000100001d7c                app_usbd_class_append

.text.app_usbd_class_rwu_enabled_check
                0x0000000100001e6c       0x10
 .text.app_usbd_class_rwu_enabled_check
                0x0000000100001e6c       0x10 Output/Release/Obj/PlayOpus/app_usbd.o
                0x0000000100001e6c                app_usbd_class_rwu_enabled_check

.text.app_usbd_ep_enable
                0x0000000100001e7c       0x1c
 .text.app_usbd_ep_enable
                0x0000000100001e7c       0x1c Output/Release/Obj/PlayOpus/app_usbd.o
                0x0000000100001e7c                app_usbd_ep_enable

.text.app_usbd_ep_disable
                0x0000000100001e98        0x4
 .text.app_usbd_ep_disable
                0x0000000100001e98        0x4 Output/Release/Obj/PlayOpus/app_usbd.o
                0x0000000100001e98                app_usbd_ep_disable

.text.app_usbd_class_first_get
                0x0000000100001e9c        0xc
 .text.app_usbd_class_first_get
                0x0000000100001e9c        0xc Output/Release/Obj/PlayOpus/app_usbd.o
                0x0000000100001e9c                app_usbd_class_first_get

.text.app_usbd_iface_find
                0x0000000100001ea8       0x48
 .text.app_usbd_iface_find
                0x0000000100001ea8       0x48 Output/Release/Obj/PlayOpus/app_usbd.o
                0x0000000100001ea8                app_usbd_iface_find

.text.app_usbd_iface_call
                0x0000000100001ef0        0x6
 .text.app_usbd_iface_call
                0x0000000100001ef0        0x6 Output/Release/Obj/PlayOpus/app_usbd.o
                0x0000000100001ef0                app_usbd_iface_call

.text.app_usbd_ep_call
                0x0000000100001ef6       0x28
 .text.app_usbd_ep_call
                0x0000000100001ef6       0x28 Output/Release/Obj/PlayOpus/app_usbd.o
                0x0000000100001ef6                app_usbd_ep_call

.text.app_usbd_all_call
                0x0000000100001f20       0x24
 .text.app_usbd_all_call
                0x0000000100001f20       0x24 Output/Release/Obj/PlayOpus/app_usbd.o
                0x0000000100001f20                app_usbd_all_call

.text.app_usbd_all_until_served_call
                0x0000000100001f44       0x28
 .text.app_usbd_all_until_served_call
                0x0000000100001f44       0x28 Output/Release/Obj/PlayOpus/app_usbd.o
                0x0000000100001f44                app_usbd_all_until_served_call

.text.app_usbd_ep_transfer
                0x0000000100001f6c       0x2c
 .text.app_usbd_ep_transfer
                0x0000000100001f6c       0x2c Output/Release/Obj/PlayOpus/app_usbd.o
                0x0000000100001f6c                app_usbd_ep_transfer

.text.app_usbd_ep_handled_transfer
                0x0000000100001f98       0x2c
 .text.app_usbd_ep_handled_transfer
                0x0000000100001f98       0x2c Output/Release/Obj/PlayOpus/app_usbd.o
                0x0000000100001f98                app_usbd_ep_handled_transfer

.text.app_usbd_iface_select
                0x0000000100001fc4       0x58
 .text.app_usbd_iface_select
                0x0000000100001fc4       0x58 Output/Release/Obj/PlayOpus/app_usbd.o
                0x0000000100001fc4                app_usbd_iface_select

.text.app_usbd_iface_deselect
                0x000000010000201c       0x48
 .text.app_usbd_iface_deselect
                0x000000010000201c       0x48 Output/Release/Obj/PlayOpus/app_usbd.o
                0x000000010000201c                app_usbd_iface_deselect

.text.app_usbd_iface_selection_get
                0x0000000100002064        0xc
 .text.app_usbd_iface_selection_get
                0x0000000100002064        0xc Output/Release/Obj/PlayOpus/app_usbd.o
                0x0000000100002064                app_usbd_iface_selection_get

.text.app_usbd_all_iface_select_0
                0x0000000100002070       0x40
 .text.app_usbd_all_iface_select_0
                0x0000000100002070       0x40 Output/Release/Obj/PlayOpus/app_usbd.o
                0x0000000100002070                app_usbd_all_iface_select_0

.text.app_usbd_all_iface_deselect
                0x00000001000020b0       0x2c
 .text.app_usbd_all_iface_deselect
                0x00000001000020b0       0x2c Output/Release/Obj/PlayOpus/app_usbd.o
                0x00000001000020b0                app_usbd_all_iface_deselect

.text.app_usbd_event_execute
                0x00000001000020dc      0x27c
 .text.app_usbd_event_execute
                0x00000001000020dc      0x27c Output/Release/Obj/PlayOpus/app_usbd.o
                0x00000001000020dc                app_usbd_event_execute

.text.app_usbd_event_queue_process
                0x0000000100002358       0xa0
 .text.app_usbd_event_queue_process
                0x0000000100002358       0xa0 Output/Release/Obj/PlayOpus/app_usbd.o
                0x0000000100002358                app_usbd_event_queue_process

.text.setup_data_handler_empty
                0x00000001000023f8        0x4
 .text.setup_data_handler_empty
                0x00000001000023f8        0x4 Output/Release/Obj/PlayOpus/app_usbd_core.o

.text.usbd_descriptor_conf_feeder
                0x00000001000023fc      0x110
 .text.usbd_descriptor_conf_feeder
                0x00000001000023fc      0x110 Output/Release/Obj/PlayOpus/app_usbd_core.o

.text.usbd_core_state_set
                0x000000010000250c       0x30
 .text.usbd_core_state_set
                0x000000010000250c       0x30 Output/Release/Obj/PlayOpus/app_usbd_core.o

.text.app_usbd_core_ep0_enable
                0x000000010000253c       0x12
 .text.app_usbd_core_ep0_enable
                0x000000010000253c       0x12 Output/Release/Obj/PlayOpus/app_usbd_core.o
                0x000000010000253c                app_usbd_core_ep0_enable

.text.app_usbd_core_ep0_disable
                0x000000010000254e       0x12
 .text.app_usbd_core_ep0_disable
                0x000000010000254e       0x12 Output/Release/Obj/PlayOpus/app_usbd_core.o
                0x000000010000254e                app_usbd_core_ep0_disable

.text.app_usbd_core_setup_data_handler_set
                0x0000000100002560       0x24
 .text.app_usbd_core_setup_data_handler_set
                0x0000000100002560       0x24 Output/Release/Obj/PlayOpus/app_usbd_core.o
                0x0000000100002560                app_usbd_core_setup_data_handler_set

.text.app_usbd_core_setup_rsp
                0x0000000100002584       0x60
 .text.app_usbd_core_setup_rsp
                0x0000000100002584       0x60 Output/Release/Obj/PlayOpus/app_usbd_core.o
                0x0000000100002584                app_usbd_core_setup_rsp

.text.app_usbd_core_event_handler
                0x00000001000025e4      0x4ec
 .text.app_usbd_core_event_handler
                0x00000001000025e4      0x4ec Output/Release/Obj/PlayOpus/app_usbd_core.o

.text.app_usbd_core_setup_transfer_buff_get
                0x0000000100002ad0       0x10
 .text.app_usbd_core_setup_transfer_buff_get
                0x0000000100002ad0       0x10 Output/Release/Obj/PlayOpus/app_usbd_core.o
                0x0000000100002ad0                app_usbd_core_setup_transfer_buff_get

.text.uint32_decode
                0x0000000100002ae0        0x4
 .text.uint32_decode
                0x0000000100002ae0        0x4 Output/Release/Obj/PlayOpus/app_usbd_msc.o

.text.ep_in_addr_get
                0x0000000100002ae4       0x12
 .text.ep_in_addr_get
                0x0000000100002ae4       0x12 Output/Release/Obj/PlayOpus/app_usbd_msc.o

.text.ep_out_addr_get
                0x0000000100002af6       0x12
 .text.ep_out_addr_get
                0x0000000100002af6       0x12 Output/Release/Obj/PlayOpus/app_usbd_msc.o

.text.msc_feed_descriptors
                0x0000000100002b08      0x2e4
 .text.msc_feed_descriptors
                0x0000000100002b08      0x2e4 Output/Release/Obj/PlayOpus/app_usbd_msc.o

.text.msc_ctx_get
                0x0000000100002dec       0x24
 .text.msc_ctx_get
                0x0000000100002dec       0x24 Output/Release/Obj/PlayOpus/app_usbd_msc.o

.text.nrf_blk_dev_ioctl
                0x0000000100002e10       0x30
 .text.nrf_blk_dev_ioctl
                0x0000000100002e10       0x30 Output/Release/Obj/PlayOpus/app_usbd_msc.o

.text.nrf_blk_dev_geometry
                0x0000000100002e40       0x24
 .text.nrf_blk_dev_geometry
                0x0000000100002e40       0x24 Output/Release/Obj/PlayOpus/app_usbd_msc.o

.text.msc_buff_put
                0x0000000100002e64       0x54
 .text.msc_buff_put
                0x0000000100002e64       0x54 Output/Release/Obj/PlayOpus/app_usbd_msc.o

.text.msc_buff_free
                0x0000000100002eb8       0x68
 .text.msc_buff_free
                0x0000000100002eb8       0x68 Output/Release/Obj/PlayOpus/app_usbd_msc.o

.text.msc_get.part.0
                0x0000000100002f20        0xc
 .text.msc_get.part.0
                0x0000000100002f20        0xc Output/Release/Obj/PlayOpus/app_usbd_msc.o

.text.transfer_in_start
                0x0000000100002f2c       0x38
 .text.transfer_in_start
                0x0000000100002f2c       0x38 Output/Release/Obj/PlayOpus/app_usbd_msc.o

.text.csw_wait_start
                0x0000000100002f64       0x5c
 .text.csw_wait_start
                0x0000000100002f64       0x5c Output/Release/Obj/PlayOpus/app_usbd_msc.o

.text.cbw_wait_start
                0x0000000100002fc0       0x42
 .text.cbw_wait_start
                0x0000000100002fc0       0x42 Output/Release/Obj/PlayOpus/app_usbd_msc.o

.text.status_generic_error_stall
                0x0000000100003002       0x40
 .text.status_generic_error_stall
                0x0000000100003002       0x40 Output/Release/Obj/PlayOpus/app_usbd_msc.o

.text.msc_blockdev_done_process.isra.0
                0x0000000100003042       0x40
 .text.msc_blockdev_done_process.isra.0
                0x0000000100003042       0x40 Output/Release/Obj/PlayOpus/app_usbd_msc.o

.text.status_unsupported_start
                0x0000000100003082       0x30
 .text.status_unsupported_start
                0x0000000100003082       0x30 Output/Release/Obj/PlayOpus/app_usbd_msc.o

.text.msc_buff_get
                0x00000001000030b2       0x32
 .text.msc_buff_get
                0x00000001000030b2       0x32 Output/Release/Obj/PlayOpus/app_usbd_msc.o

.text.write_blockmem_processor
                0x00000001000030e4      0x10c
 .text.write_blockmem_processor
                0x00000001000030e4      0x10c Output/Release/Obj/PlayOpus/app_usbd_msc.o

.text.msc_buff_alloc
                0x00000001000031f0       0x50
 .text.msc_buff_alloc
                0x00000001000031f0       0x50 Output/Release/Obj/PlayOpus/app_usbd_msc.o

.text.write_transfer_processor
                0x0000000100003240       0x8c
 .text.write_transfer_processor
                0x0000000100003240       0x8c Output/Release/Obj/PlayOpus/app_usbd_msc.o

.text.cmd_write_start
                0x00000001000032cc       0x72
 .text.cmd_write_start
                0x00000001000032cc       0x72 Output/Release/Obj/PlayOpus/app_usbd_msc.o

.text.read_transfer_processor
                0x0000000100003340       0xa8
 .text.read_transfer_processor
                0x0000000100003340       0xa8 Output/Release/Obj/PlayOpus/app_usbd_msc.o

.text.read_blockmem_processor
                0x00000001000033e8       0xe4
 .text.read_blockmem_processor
                0x00000001000033e8       0xe4 Output/Release/Obj/PlayOpus/app_usbd_msc.o

.text.msc_blockdev_ev_handler
                0x00000001000034cc       0x9a
 .text.msc_blockdev_ev_handler
                0x00000001000034cc       0x9a Output/Release/Obj/PlayOpus/app_usbd_msc.o

.text.cmd_read_start
                0x0000000100003566       0x72
 .text.cmd_read_start
                0x0000000100003566       0x72 Output/Release/Obj/PlayOpus/app_usbd_msc.o

.text.msc_event_handler
                0x00000001000035d8      0x8a4
 .text.msc_event_handler
                0x00000001000035d8      0x8a4 Output/Release/Obj/PlayOpus/app_usbd_msc.o

.text.app_usbd_prepare_string.constprop.0
                0x0000000100003e7c       0x54
 .text.app_usbd_prepare_string.constprop.0
                0x0000000100003e7c       0x54 Output/Release/Obj/PlayOpus/app_usbd_string_desc.o

.text.app_usbd_string_desc_get
                0x0000000100003ed0       0x3c
 .text.app_usbd_string_desc_get
                0x0000000100003ed0       0x3c Output/Release/Obj/PlayOpus/app_usbd_string_desc.o
                0x0000000100003ed0                app_usbd_string_desc_get

.text.app_util_disable_irq
                0x0000000100003f0c       0x10
 .text.app_util_disable_irq
                0x0000000100003f0c       0x10 Output/Release/Obj/PlayOpus/app_util_platform.o
                0x0000000100003f0c                app_util_disable_irq

.text.app_util_enable_irq
                0x0000000100003f1c       0x14
 .text.app_util_enable_irq
                0x0000000100003f1c       0x14 Output/Release/Obj/PlayOpus/app_util_platform.o
                0x0000000100003f1c                app_util_enable_irq

.text.privilege_level_get
                0x0000000100003f30       0x1a
 .text.privilege_level_get
                0x0000000100003f30       0x1a Output/Release/Obj/PlayOpus/app_util_platform.o
                0x0000000100003f30                privilege_level_get

.text.app_util_critical_region_enter
                0x0000000100003f4c       0x20
 .text.app_util_critical_region_enter
                0x0000000100003f4c       0x20 Output/Release/Obj/PlayOpus/app_util_platform.o
                0x0000000100003f4c                app_util_critical_region_enter

.text.app_util_critical_region_exit
                0x0000000100003f6c       0x20
 .text.app_util_critical_region_exit
                0x0000000100003f6c       0x20 Output/Release/Obj/PlayOpus/app_util_platform.o
                0x0000000100003f6c                app_util_critical_region_exit

.text.current_int_priority_get
                0x0000000100003f8c       0x38
 .text.current_int_priority_get
                0x0000000100003f8c       0x38 Output/Release/Obj/PlayOpus/app_util_platform.o
                0x0000000100003f8c                current_int_priority_get

.text.evt_disable
                0x0000000100003fc4       0x20
 .text.evt_disable
                0x0000000100003fc4       0x20 Output/Release/Obj/PlayOpus/drv_rtc.o

.text.evt_enable
                0x0000000100003fe4       0x24
 .text.evt_enable
                0x0000000100003fe4       0x24 Output/Release/Obj/PlayOpus/drv_rtc.o

.text.evt_pending
                0x0000000100004008       0x2c
 .text.evt_pending
                0x0000000100004008       0x2c Output/Release/Obj/PlayOpus/drv_rtc.o

.text.drv_rtc_init
                0x0000000100004034      0x104
 .text.drv_rtc_init
                0x0000000100004034      0x104 Output/Release/Obj/PlayOpus/drv_rtc.o
                0x0000000100004034                drv_rtc_init

.text.drv_rtc_start
                0x0000000100004138       0x1c
 .text.drv_rtc_start
                0x0000000100004138       0x1c Output/Release/Obj/PlayOpus/drv_rtc.o
                0x0000000100004138                drv_rtc_start

.text.drv_rtc_stop
                0x0000000100004154       0x1c
 .text.drv_rtc_stop
                0x0000000100004154       0x1c Output/Release/Obj/PlayOpus/drv_rtc.o
                0x0000000100004154                drv_rtc_stop

.text.drv_rtc_compare_set
                0x0000000100004170       0x5c
 .text.drv_rtc_compare_set
                0x0000000100004170       0x5c Output/Release/Obj/PlayOpus/drv_rtc.o
                0x0000000100004170                drv_rtc_compare_set

.text.drv_rtc_windowed_compare_set
                0x00000001000041cc       0xfc
 .text.drv_rtc_windowed_compare_set
                0x00000001000041cc       0xfc Output/Release/Obj/PlayOpus/drv_rtc.o
                0x00000001000041cc                drv_rtc_windowed_compare_set

.text.drv_rtc_overflow_enable
                0x00000001000042c8        0x8
 .text.drv_rtc_overflow_enable
                0x00000001000042c8        0x8 Output/Release/Obj/PlayOpus/drv_rtc.o
                0x00000001000042c8                drv_rtc_overflow_enable

.text.drv_rtc_overflow_pending
                0x00000001000042d0        0x8
 .text.drv_rtc_overflow_pending
                0x00000001000042d0        0x8 Output/Release/Obj/PlayOpus/drv_rtc.o
                0x00000001000042d0                drv_rtc_overflow_pending

.text.drv_rtc_compare_disable
                0x00000001000042d8        0xc
 .text.drv_rtc_compare_disable
                0x00000001000042d8        0xc Output/Release/Obj/PlayOpus/drv_rtc.o
                0x00000001000042d8                drv_rtc_compare_disable

.text.drv_rtc_compare_pending
                0x00000001000042e4        0xa
 .text.drv_rtc_compare_pending
                0x00000001000042e4        0xa Output/Release/Obj/PlayOpus/drv_rtc.o
                0x00000001000042e4                drv_rtc_compare_pending

.text.drv_rtc_compare_get
                0x00000001000042ee        0xc
 .text.drv_rtc_compare_get
                0x00000001000042ee        0xc Output/Release/Obj/PlayOpus/drv_rtc.o
                0x00000001000042ee                drv_rtc_compare_get

.text.drv_rtc_counter_get
                0x00000001000042fa        0x8
 .text.drv_rtc_counter_get
                0x00000001000042fa        0x8 Output/Release/Obj/PlayOpus/drv_rtc.o
                0x00000001000042fa                drv_rtc_counter_get

.text.drv_rtc_irq_trigger
                0x0000000100004304       0x24
 .text.drv_rtc_irq_trigger
                0x0000000100004304       0x24 Output/Release/Obj/PlayOpus/drv_rtc.o
                0x0000000100004304                drv_rtc_irq_trigger

.text.RTC1_IRQHandler
                0x0000000100004328       0x14
 .text.RTC1_IRQHandler
                0x0000000100004328       0x14 Output/Release/Obj/PlayOpus/drv_rtc.o
                0x0000000100004328                RTC1_IRQHandler

.text.HardFault_Handler
                0x000000010000433c       0x34
 .text.HardFault_Handler
                0x000000010000433c       0x34 Output/Release/Obj/PlayOpus/hardfault_handler_gcc.o
                0x000000010000433c                HardFault_Handler

.text.HardFault_process
                0x0000000100004370       0x24
 .text.HardFault_process
                0x0000000100004370       0x24 Output/Release/Obj/PlayOpus/hardfault_implementation.o
                0x0000000100004370                HardFault_process

.text.HardFault_c_handler
                0x0000000100004394      0x104
 .text.HardFault_c_handler
                0x0000000100004394      0x104 Output/Release/Obj/PlayOpus/hardfault_implementation.o
                0x0000000100004394                HardFault_c_handler

.text.assert_nrf_callback
                0x0000000100004498       0x18
 .text.assert_nrf_callback
                0x0000000100004498       0x18 Output/Release/Obj/PlayOpus/nrf_assert.o
                0x0000000100004498                assert_nrf_callback

.text.nrf_atfifo_init
                0x00000001000044b0       0x26
 .text.nrf_atfifo_init
                0x00000001000044b0       0x26 Output/Release/Obj/PlayOpus/nrf_atfifo.o
                0x00000001000044b0                nrf_atfifo_init

.text.nrf_atfifo_item_alloc
                0x00000001000044d6       0x54
 .text.nrf_atfifo_item_alloc
                0x00000001000044d6       0x54 Output/Release/Obj/PlayOpus/nrf_atfifo.o
                0x00000001000044d6                nrf_atfifo_item_alloc

.text.nrf_atfifo_item_put
                0x000000010000452a       0x20
 .text.nrf_atfifo_item_put
                0x000000010000452a       0x20 Output/Release/Obj/PlayOpus/nrf_atfifo.o
                0x000000010000452a                nrf_atfifo_item_put

.text.nrf_atfifo_item_get
                0x000000010000454a       0x56
 .text.nrf_atfifo_item_get
                0x000000010000454a       0x56 Output/Release/Obj/PlayOpus/nrf_atfifo.o
                0x000000010000454a                nrf_atfifo_item_get

.text.nrf_atfifo_item_free
                0x00000001000045a0       0x20
 .text.nrf_atfifo_item_free
                0x00000001000045a0       0x20 Output/Release/Obj/PlayOpus/nrf_atfifo.o
                0x00000001000045a0                nrf_atfifo_item_free

.text.nrf_atomic_u32_fetch_store
                0x00000001000045c0       0x16
 .text.nrf_atomic_u32_fetch_store
                0x00000001000045c0       0x16 Output/Release/Obj/PlayOpus/nrf_atomic.o
                0x00000001000045c0                nrf_atomic_u32_fetch_store

.text.nrf_atomic_u32_or
                0x00000001000045d6       0x18
 .text.nrf_atomic_u32_or
                0x00000001000045d6       0x18 Output/Release/Obj/PlayOpus/nrf_atomic.o
                0x00000001000045d6                nrf_atomic_u32_or

.text.nrf_atomic_u32_fetch_and
                0x00000001000045ee       0x18
 .text.nrf_atomic_u32_fetch_and
                0x00000001000045ee       0x18 Output/Release/Obj/PlayOpus/nrf_atomic.o
                0x00000001000045ee                nrf_atomic_u32_fetch_and

.text.nrf_atomic_u32_add
                0x0000000100004606       0x18
 .text.nrf_atomic_u32_add
                0x0000000100004606       0x18 Output/Release/Obj/PlayOpus/nrf_atomic.o
                0x0000000100004606                nrf_atomic_u32_add

.text.nrf_atomic_u32_sub
                0x000000010000461e       0x18
 .text.nrf_atomic_u32_sub
                0x000000010000461e       0x18 Output/Release/Obj/PlayOpus/nrf_atomic.o
                0x000000010000461e                nrf_atomic_u32_sub

.text.nrf_atomic_u32_sub_hs
                0x0000000100004636       0x1c
 .text.nrf_atomic_u32_sub_hs
                0x0000000100004636       0x1c Output/Release/Obj/PlayOpus/nrf_atomic.o
                0x0000000100004636                nrf_atomic_u32_sub_hs

.text.nrf_atomic_flag_set
                0x0000000100004652        0x6
 .text.nrf_atomic_flag_set
                0x0000000100004652        0x6 Output/Release/Obj/PlayOpus/nrf_atomic.o
                0x0000000100004652                nrf_atomic_flag_set

.text.nrf_atomic_flag_clear_fetch
                0x0000000100004658        0x6
 .text.nrf_atomic_flag_clear_fetch
                0x0000000100004658        0x6 Output/Release/Obj/PlayOpus/nrf_atomic.o
                0x0000000100004658                nrf_atomic_flag_clear_fetch

.text.nrf_balloc_init
                0x0000000100004660       0x7c
 .text.nrf_balloc_init
                0x0000000100004660       0x7c Output/Release/Obj/PlayOpus/nrf_balloc.o
                0x0000000100004660                nrf_balloc_init

.text.nrf_balloc_alloc
                0x00000001000046dc       0x50
 .text.nrf_balloc_alloc
                0x00000001000046dc       0x50 Output/Release/Obj/PlayOpus/nrf_balloc.o
                0x00000001000046dc                nrf_balloc_alloc

.text.nrf_balloc_free
                0x000000010000472c       0x48
 .text.nrf_balloc_free
                0x000000010000472c       0x48 Output/Release/Obj/PlayOpus/nrf_balloc.o
                0x000000010000472c                nrf_balloc_free

.text.block_dev_empty_ioctl
                0x0000000100004774       0x1e
 .text.block_dev_empty_ioctl
                0x0000000100004774       0x1e Output/Release/Obj/PlayOpus/nrf_block_dev_empty.o

.text.block_dev_empty_geometry
                0x0000000100004794       0x18
 .text.block_dev_empty_geometry
                0x0000000100004794       0x18 Output/Release/Obj/PlayOpus/nrf_block_dev_empty.o

.text.block_dev_empty_write_req
                0x00000001000047ac       0x54
 .text.block_dev_empty_write_req
                0x00000001000047ac       0x54 Output/Release/Obj/PlayOpus/nrf_block_dev_empty.o

.text.block_dev_empty_init
                0x0000000100004800       0x3c
 .text.block_dev_empty_init
                0x0000000100004800       0x3c Output/Release/Obj/PlayOpus/nrf_block_dev_empty.o

.text.block_dev_empty_read_req
                0x000000010000483c       0x5c
 .text.block_dev_empty_read_req
                0x000000010000483c       0x5c Output/Release/Obj/PlayOpus/nrf_block_dev_empty.o

.text.block_dev_empty_uninit
                0x0000000100004898       0x40
 .text.block_dev_empty_uninit
                0x0000000100004898       0x40 Output/Release/Obj/PlayOpus/nrf_block_dev_empty.o

.text.block_dev_qspi_geometry
                0x00000001000048d8       0x1c
 .text.block_dev_qspi_geometry
                0x00000001000048d8       0x1c Output/Release/Obj/PlayOpus/nrf_block_dev_qspi.o

.text.block_dev_qspi_uninit
                0x00000001000048f4       0x60
 .text.block_dev_qspi_uninit
                0x00000001000048f4       0x60 Output/Release/Obj/PlayOpus/nrf_block_dev_qspi.o

.text.block_dev_qspi_init
                0x0000000100004954      0x12c
 .text.block_dev_qspi_init
                0x0000000100004954      0x12c Output/Release/Obj/PlayOpus/nrf_block_dev_qspi.o

.text.block_dev_qspi_read_req
                0x0000000100004a80       0x9c
 .text.block_dev_qspi_read_req
                0x0000000100004a80       0x9c Output/Release/Obj/PlayOpus/nrf_block_dev_qspi.o

.text.block_dev_qspi_write_start.isra.0
                0x0000000100004b1c       0x42
 .text.block_dev_qspi_write_start.isra.0
                0x0000000100004b1c       0x42 Output/Release/Obj/PlayOpus/nrf_block_dev_qspi.o

.text.block_dev_qspi_ioctl
                0x0000000100004b60       0x68
 .text.block_dev_qspi_ioctl
                0x0000000100004b60       0x68 Output/Release/Obj/PlayOpus/nrf_block_dev_qspi.o

.text.block_dev_qspi_eunit_write
                0x0000000100004bc8      0x10c
 .text.block_dev_qspi_eunit_write
                0x0000000100004bc8      0x10c Output/Release/Obj/PlayOpus/nrf_block_dev_qspi.o

.text.qspi_handler
                0x0000000100004cd4      0x1a0
 .text.qspi_handler
                0x0000000100004cd4      0x1a0 Output/Release/Obj/PlayOpus/nrf_block_dev_qspi.o

.text.block_dev_qspi_write_req
                0x0000000100004e74       0xc8
 .text.block_dev_qspi_write_req
                0x0000000100004e74       0xc8 Output/Release/Obj/PlayOpus/nrf_block_dev_qspi.o

.text.block_dev_ram_ioctl
                0x0000000100004f3c       0x1e
 .text.block_dev_ram_ioctl
                0x0000000100004f3c       0x1e Output/Release/Obj/PlayOpus/nrf_block_dev_ram.o

.text.block_dev_ram_geometry
                0x0000000100004f5c       0x18
 .text.block_dev_ram_geometry
                0x0000000100004f5c       0x18 Output/Release/Obj/PlayOpus/nrf_block_dev_ram.o

.text.block_dev_ram_init
                0x0000000100004f74       0x40
 .text.block_dev_ram_init
                0x0000000100004f74       0x40 Output/Release/Obj/PlayOpus/nrf_block_dev_ram.o

.text.block_dev_ram_req
                0x0000000100004fb4       0x7c
 .text.block_dev_ram_req
                0x0000000100004fb4       0x7c Output/Release/Obj/PlayOpus/nrf_block_dev_ram.o

.text.block_dev_ram_write_req
                0x0000000100005030        0x6
 .text.block_dev_ram_write_req
                0x0000000100005030        0x6 Output/Release/Obj/PlayOpus/nrf_block_dev_ram.o

.text.block_dev_ram_read_req
                0x0000000100005036        0x6
 .text.block_dev_ram_read_req
                0x0000000100005036        0x6 Output/Release/Obj/PlayOpus/nrf_block_dev_ram.o

.text.block_dev_ram_uninit
                0x000000010000503c       0x40
 .text.block_dev_ram_uninit
                0x000000010000503c       0x40 Output/Release/Obj/PlayOpus/nrf_block_dev_ram.o

.text.nrf_fprintf_buffer_flush
                0x000000010000507c       0x24
 .text.nrf_fprintf_buffer_flush
                0x000000010000507c       0x24 Output/Release/Obj/PlayOpus/nrf_fprintf.o
                0x000000010000507c                nrf_fprintf_buffer_flush

.text.nrf_fprintf
                0x00000001000050a0       0x54
 .text.nrf_fprintf
                0x00000001000050a0       0x54 Output/Release/Obj/PlayOpus/nrf_fprintf.o
                0x00000001000050a0                nrf_fprintf

.text.buffer_add
                0x00000001000050f4       0x2e
 .text.buffer_add
                0x00000001000050f4       0x2e Output/Release/Obj/PlayOpus/nrf_fprintf_format.o

.text.unsigned_print
                0x0000000100005124       0xb4
 .text.unsigned_print
                0x0000000100005124       0xb4 Output/Release/Obj/PlayOpus/nrf_fprintf_format.o

.text.nrf_fprintf_fmt
                0x00000001000051d8      0x2d8
 .text.nrf_fprintf_fmt
                0x00000001000051d8      0x2d8 Output/Release/Obj/PlayOpus/nrf_fprintf_format.o
                0x00000001000051d8                nrf_fprintf_fmt

.text.memobj_op
                0x00000001000054b0       0xa8
 .text.memobj_op
                0x00000001000054b0       0xa8 Output/Release/Obj/PlayOpus/nrf_memobj.o

.text.nrf_memobj_pool_init
                0x0000000100005558        0x4
 .text.nrf_memobj_pool_init
                0x0000000100005558        0x4 Output/Release/Obj/PlayOpus/nrf_memobj.o
                0x0000000100005558                nrf_memobj_pool_init

.text.nrf_memobj_free
                0x000000010000555c       0x2c
 .text.nrf_memobj_free
                0x000000010000555c       0x2c Output/Release/Obj/PlayOpus/nrf_memobj.o
                0x000000010000555c                nrf_memobj_free

.text.nrf_memobj_alloc
                0x0000000100005588       0x5e
 .text.nrf_memobj_alloc
                0x0000000100005588       0x5e Output/Release/Obj/PlayOpus/nrf_memobj.o
                0x0000000100005588                nrf_memobj_alloc

.text.nrf_memobj_get
                0x00000001000055e6        0x8
 .text.nrf_memobj_get
                0x00000001000055e6        0x8 Output/Release/Obj/PlayOpus/nrf_memobj.o
                0x00000001000055e6                nrf_memobj_get

.text.nrf_memobj_put
                0x00000001000055ee       0x1e
 .text.nrf_memobj_put
                0x00000001000055ee       0x1e Output/Release/Obj/PlayOpus/nrf_memobj.o
                0x00000001000055ee                nrf_memobj_put

.text.nrf_memobj_write
                0x000000010000560c       0x28
 .text.nrf_memobj_write
                0x000000010000560c       0x28 Output/Release/Obj/PlayOpus/nrf_memobj.o
                0x000000010000560c                nrf_memobj_write

.text.nrf_memobj_read
                0x0000000100005634       0x28
 .text.nrf_memobj_read
                0x0000000100005634       0x28 Output/Release/Obj/PlayOpus/nrf_memobj.o
                0x0000000100005634                nrf_memobj_read

.text.nrf_ringbuf_init
                0x000000010000565c       0x12
 .text.nrf_ringbuf_init
                0x000000010000565c       0x12 Output/Release/Obj/PlayOpus/nrf_ringbuf.o
                0x000000010000565c                nrf_ringbuf_init

.text.nrf_serial_flash_params_get
                0x0000000100005670       0x1c
 .text.nrf_serial_flash_params_get
                0x0000000100005670       0x1c Output/Release/Obj/PlayOpus/nrf_serial_flash_params.o
                0x0000000100005670                nrf_serial_flash_params_get

.text.nrf_sortlist_add
                0x000000010000568c       0x38
 .text.nrf_sortlist_add
                0x000000010000568c       0x38 Output/Release/Obj/PlayOpus/nrf_sortlist.o
                0x000000010000568c                nrf_sortlist_add

.text.nrf_sortlist_pop
                0x00000001000056c4       0x20
 .text.nrf_sortlist_pop
                0x00000001000056c4       0x20 Output/Release/Obj/PlayOpus/nrf_sortlist.o
                0x00000001000056c4                nrf_sortlist_pop

.text.nrf_sortlist_peek
                0x00000001000056e4       0x18
 .text.nrf_sortlist_peek
                0x00000001000056e4       0x18 Output/Release/Obj/PlayOpus/nrf_sortlist.o
                0x00000001000056e4                nrf_sortlist_peek

.text.nrf_sortlist_remove
                0x00000001000056fc       0x38
 .text.nrf_sortlist_remove
                0x00000001000056fc       0x38 Output/Release/Obj/PlayOpus/nrf_sortlist.o
                0x00000001000056fc                nrf_sortlist_remove

.text.nrf_strerror_find
                0x0000000100005734       0x3c
 .text.nrf_strerror_find
                0x0000000100005734       0x3c Output/Release/Obj/PlayOpus/nrf_strerror.o
                0x0000000100005734                nrf_strerror_find

.text.nrf_strerror_get
                0x0000000100005770       0x14
 .text.nrf_strerror_get
                0x0000000100005770       0x14 Output/Release/Obj/PlayOpus/nrf_strerror.o
                0x0000000100005770                nrf_strerror_get

.text.clock_clk_started_notify
                0x0000000100005784       0x24
 .text.clock_clk_started_notify
                0x0000000100005784       0x24 Output/Release/Obj/PlayOpus/nrf_drv_clock.o

.text.clock_irq_handler
                0x00000001000057a8       0x1c
 .text.clock_irq_handler
                0x00000001000057a8       0x1c Output/Release/Obj/PlayOpus/nrf_drv_clock.o

.text.nrf_drv_clock_init_check
                0x00000001000057c4        0xc
 .text.nrf_drv_clock_init_check
                0x00000001000057c4        0xc Output/Release/Obj/PlayOpus/nrf_drv_clock.o
                0x00000001000057c4                nrf_drv_clock_init_check

.text.nrf_drv_clock_init
                0x00000001000057d0       0x40
 .text.nrf_drv_clock_init
                0x00000001000057d0       0x40 Output/Release/Obj/PlayOpus/nrf_drv_clock.o
                0x00000001000057d0                nrf_drv_clock_init

.text.nrf_drv_clock_lfclk_request
                0x0000000100005810       0x74
 .text.nrf_drv_clock_lfclk_request
                0x0000000100005810       0x74 Output/Release/Obj/PlayOpus/nrf_drv_clock.o
                0x0000000100005810                nrf_drv_clock_lfclk_request

.text.nrf_drv_clock_hfclk_request
                0x0000000100005884       0x78
 .text.nrf_drv_clock_hfclk_request
                0x0000000100005884       0x78 Output/Release/Obj/PlayOpus/nrf_drv_clock.o
                0x0000000100005884                nrf_drv_clock_hfclk_request

.text.nrf_drv_clock_hfclk_release
                0x00000001000058fc       0x48
 .text.nrf_drv_clock_hfclk_release
                0x00000001000058fc       0x48 Output/Release/Obj/PlayOpus/nrf_drv_clock.o
                0x00000001000058fc                nrf_drv_clock_hfclk_release

.text.nrf_drv_power_init
                0x0000000100005944       0x28
 .text.nrf_drv_power_init
                0x0000000100005944       0x28 Output/Release/Obj/PlayOpus/nrf_drv_power.o
                0x0000000100005944                nrf_drv_power_init

.text.nrf_drv_power_usbevt_uninit
                0x000000010000596c        0xe
 .text.nrf_drv_power_usbevt_uninit
                0x000000010000596c        0xe Output/Release/Obj/PlayOpus/nrf_drv_power.o
                0x000000010000596c                nrf_drv_power_usbevt_uninit

.text.nrf_drv_power_usbevt_init
                0x000000010000597a       0x1a
 .text.nrf_drv_power_usbevt_init
                0x000000010000597a       0x1a Output/Release/Obj/PlayOpus/nrf_drv_power.o
                0x000000010000597a                nrf_drv_power_usbevt_init

.text.uarte_evt_handler
                0x0000000100005994       0x34
 .text.uarte_evt_handler
                0x0000000100005994       0x34 Output/Release/Obj/PlayOpus/nrf_drv_uart.o

.text.nrf_drv_uart_init
                0x00000001000059c8       0x98
 .text.nrf_drv_uart_init
                0x00000001000059c8       0x98 Output/Release/Obj/PlayOpus/nrf_drv_uart.o
                0x00000001000059c8                nrf_drv_uart_init

.text.nrfx_atomic_u32_fetch_and
                0x0000000100005a60       0x18
 .text.nrfx_atomic_u32_fetch_and
                0x0000000100005a60       0x18 Output/Release/Obj/PlayOpus/nrfx_atomic.o
                0x0000000100005a60                nrfx_atomic_u32_fetch_and

.text.nrf_clock_event_clear
                0x0000000100005a78       0x14
 .text.nrf_clock_event_clear
                0x0000000100005a78       0x14 Output/Release/Obj/PlayOpus/nrfx_clock.o

.text.nrfx_clock_init
                0x0000000100005a8c       0x28
 .text.nrfx_clock_init
                0x0000000100005a8c       0x28 Output/Release/Obj/PlayOpus/nrfx_clock.o
                0x0000000100005a8c                nrfx_clock_init

.text.nrfx_clock_enable
                0x0000000100005ab4       0x44
 .text.nrfx_clock_enable
                0x0000000100005ab4       0x44 Output/Release/Obj/PlayOpus/nrfx_clock.o
                0x0000000100005ab4                nrfx_clock_enable

.text.nrfx_clock_lfclk_start
                0x0000000100005af8       0x30
 .text.nrfx_clock_lfclk_start
                0x0000000100005af8       0x30 Output/Release/Obj/PlayOpus/nrfx_clock.o
                0x0000000100005af8                nrfx_clock_lfclk_start

.text.nrfx_clock_hfclk_start
                0x0000000100005b28       0x30
 .text.nrfx_clock_hfclk_start
                0x0000000100005b28       0x30 Output/Release/Obj/PlayOpus/nrfx_clock.o
                0x0000000100005b28                nrfx_clock_hfclk_start

.text.nrfx_clock_hfclk_stop
                0x0000000100005b58       0x48
 .text.nrfx_clock_hfclk_stop
                0x0000000100005b58       0x48 Output/Release/Obj/PlayOpus/nrfx_clock.o
                0x0000000100005b58                nrfx_clock_hfclk_stop

.text.nrfx_clock_irq_handler
                0x0000000100005ba0       0x58
 .text.nrfx_clock_irq_handler
                0x0000000100005ba0       0x58 Output/Release/Obj/PlayOpus/nrfx_clock.o
                0x0000000100005ba0                nrfx_clock_irq_handler

.text.nrf_gpiote_event_clear
                0x0000000100005bf8       0x18
 .text.nrf_gpiote_event_clear
                0x0000000100005bf8       0x18 Output/Release/Obj/PlayOpus/nrfx_gpiote.o

.text.nrf_gpio_pin_present_check
                0x0000000100005c10       0x22
 .text.nrf_gpio_pin_present_check
                0x0000000100005c10       0x22 Output/Release/Obj/PlayOpus/nrfx_gpiote.o

.text.channel_free
                0x0000000100005c34       0x1c
 .text.channel_free
                0x0000000100005c34       0x1c Output/Release/Obj/PlayOpus/nrfx_gpiote.o

.text.nrf_gpio_cfg_sense_set
                0x0000000100005c50       0x2e
 .text.nrf_gpio_cfg_sense_set
                0x0000000100005c50       0x2e Output/Release/Obj/PlayOpus/nrfx_gpiote.o

.text.nrfx_gpiote_init
                0x0000000100005c80       0x74
 .text.nrfx_gpiote_init
                0x0000000100005c80       0x74 Output/Release/Obj/PlayOpus/nrfx_gpiote.o
                0x0000000100005c80                nrfx_gpiote_init

.text.nrfx_gpiote_is_init
                0x0000000100005cf4       0x14
 .text.nrfx_gpiote_is_init
                0x0000000100005cf4       0x14 Output/Release/Obj/PlayOpus/nrfx_gpiote.o
                0x0000000100005cf4                nrfx_gpiote_is_init

.text.nrfx_gpiote_in_init
                0x0000000100005d08      0x118
 .text.nrfx_gpiote_in_init
                0x0000000100005d08      0x118 Output/Release/Obj/PlayOpus/nrfx_gpiote.o
                0x0000000100005d08                nrfx_gpiote_in_init

.text.nrfx_gpiote_in_event_enable
                0x0000000100005e20       0xc0
 .text.nrfx_gpiote_in_event_enable
                0x0000000100005e20       0xc0 Output/Release/Obj/PlayOpus/nrfx_gpiote.o
                0x0000000100005e20                nrfx_gpiote_in_event_enable

.text.nrfx_gpiote_in_is_set
                0x0000000100005ee0       0x30
 .text.nrfx_gpiote_in_is_set
                0x0000000100005ee0       0x30 Output/Release/Obj/PlayOpus/nrfx_gpiote.o
                0x0000000100005ee0                nrfx_gpiote_in_is_set

.text.GPIOTE_IRQHandler
                0x0000000100005f10      0x188
 .text.GPIOTE_IRQHandler
                0x0000000100005f10      0x188 Output/Release/Obj/PlayOpus/nrfx_gpiote.o
                0x0000000100005f10                GPIOTE_IRQHandler

.text.nrf_power_event_get_and_clear
                0x0000000100006098       0x20
 .text.nrf_power_event_get_and_clear
                0x0000000100006098       0x20 Output/Release/Obj/PlayOpus/nrfx_power.o

.text.nrfx_power_init
                0x00000001000060b8       0x58
 .text.nrfx_power_init
                0x00000001000060b8       0x58 Output/Release/Obj/PlayOpus/nrfx_power.o
                0x00000001000060b8                nrfx_power_init

.text.nrfx_power_usbevt_init
                0x0000000100006110       0x20
 .text.nrfx_power_usbevt_init
                0x0000000100006110       0x20 Output/Release/Obj/PlayOpus/nrfx_power.o
                0x0000000100006110                nrfx_power_usbevt_init

.text.nrfx_power_usbevt_enable
                0x0000000100006130        0xe
 .text.nrfx_power_usbevt_enable
                0x0000000100006130        0xe Output/Release/Obj/PlayOpus/nrfx_power.o
                0x0000000100006130                nrfx_power_usbevt_enable

.text.nrfx_power_usbevt_disable
                0x000000010000613e        0xe
 .text.nrfx_power_usbevt_disable
                0x000000010000613e        0xe Output/Release/Obj/PlayOpus/nrfx_power.o
                0x000000010000613e                nrfx_power_usbevt_disable

.text.nrfx_power_usbevt_uninit
                0x000000010000614c        0xc
 .text.nrfx_power_usbevt_uninit
                0x000000010000614c        0xc Output/Release/Obj/PlayOpus/nrfx_power.o
                0x000000010000614c                nrfx_power_usbevt_uninit

.text.nrfx_power_irq_handler
                0x0000000100006158       0xf8
 .text.nrfx_power_irq_handler
                0x0000000100006158       0xf8 Output/Release/Obj/PlayOpus/nrfx_power.o
                0x0000000100006158                nrfx_power_irq_handler

.text.POWER_CLOCK_IRQHandler
                0x0000000100006250        0xe
 .text.POWER_CLOCK_IRQHandler
                0x0000000100006250        0xe Output/Release/Obj/PlayOpus/nrfx_power.o
                0x0000000100006250                POWER_CLOCK_IRQHandler

.text.UARTE0_UART0_IRQHandler
                0x0000000100006260       0x20
 .text.UARTE0_UART0_IRQHandler
                0x0000000100006260       0x20 Output/Release/Obj/PlayOpus/nrfx_prs.o
                0x0000000100006260                UARTE0_UART0_IRQHandler

.text.nrfx_prs_acquire
                0x0000000100006280       0x44
 .text.nrfx_prs_acquire
                0x0000000100006280       0x44 Output/Release/Obj/PlayOpus/nrfx_prs.o
                0x0000000100006280                nrfx_prs_acquire

.text.nrfx_prs_release
                0x00000001000062c4       0x28
 .text.nrfx_prs_release
                0x00000001000062c4       0x28 Output/Release/Obj/PlayOpus/nrfx_prs.o
                0x00000001000062c4                nrfx_prs_release

.text.qspi_task_perform
                0x00000001000062ec       0x48
 .text.qspi_task_perform
                0x00000001000062ec       0x48 Output/Release/Obj/PlayOpus/nrfx_qspi.o

.text.nrf_qspi_cinstrdata_get.constprop.0
                0x0000000100006334       0x40
 .text.nrf_qspi_cinstrdata_get.constprop.0
                0x0000000100006334       0x40 Output/Release/Obj/PlayOpus/nrfx_qspi.o

.text.nrf_qspi_cinstrdata_set.constprop.0
                0x0000000100006374       0x64
 .text.nrf_qspi_cinstrdata_set.constprop.0
                0x0000000100006374       0x64 Output/Release/Obj/PlayOpus/nrfx_qspi.o

.text.qspi_ready_wait
                0x00000001000063d8       0x2c
 .text.qspi_ready_wait
                0x00000001000063d8       0x2c Output/Release/Obj/PlayOpus/nrfx_qspi.o

.text.nrfx_qspi_init
                0x0000000100006404      0x128
 .text.nrfx_qspi_init
                0x0000000100006404      0x128 Output/Release/Obj/PlayOpus/nrfx_qspi.o
                0x0000000100006404                nrfx_qspi_init

.text.nrfx_qspi_cinstr_xfer
                0x000000010000652c       0x9c
 .text.nrfx_qspi_cinstr_xfer
                0x000000010000652c       0x9c Output/Release/Obj/PlayOpus/nrfx_qspi.o
                0x000000010000652c                nrfx_qspi_cinstr_xfer

.text.nrfx_qspi_uninit
                0x00000001000065c8       0x74
 .text.nrfx_qspi_uninit
                0x00000001000065c8       0x74 Output/Release/Obj/PlayOpus/nrfx_qspi.o
                0x00000001000065c8                nrfx_qspi_uninit

.text.nrfx_qspi_write
                0x000000010000663c       0x5c
 .text.nrfx_qspi_write
                0x000000010000663c       0x5c Output/Release/Obj/PlayOpus/nrfx_qspi.o
                0x000000010000663c                nrfx_qspi_write

.text.nrfx_qspi_read
                0x0000000100006698       0x5c
 .text.nrfx_qspi_read
                0x0000000100006698       0x5c Output/Release/Obj/PlayOpus/nrfx_qspi.o
                0x0000000100006698                nrfx_qspi_read

.text.nrfx_qspi_erase
                0x00000001000066f4       0x40
 .text.nrfx_qspi_erase
                0x00000001000066f4       0x40 Output/Release/Obj/PlayOpus/nrfx_qspi.o
                0x00000001000066f4                nrfx_qspi_erase

.text.QSPI_IRQHandler
                0x0000000100006734       0x20
 .text.QSPI_IRQHandler
                0x0000000100006734       0x20 Output/Release/Obj/PlayOpus/nrfx_qspi.o
                0x0000000100006734                QSPI_IRQHandler

.text.nrf_gpio_pin_clear
                0x0000000100006754       0x1a
 .text.nrf_gpio_pin_clear
                0x0000000100006754       0x1a Output/Release/Obj/PlayOpus/nrfx_spim.o

.text.nrf_gpio_pin_set
                0x000000010000676e       0x1a
 .text.nrf_gpio_pin_set
                0x000000010000676e       0x1a Output/Release/Obj/PlayOpus/nrfx_spim.o

.text.SPIM0_SPIS0_TWIM0_TWIS0_SPI0_TWI0_IRQHandler
                0x0000000100006788       0x68
 .text.SPIM0_SPIS0_TWIM0_TWIS0_SPI0_TWI0_IRQHandler
                0x0000000100006788       0x68 Output/Release/Obj/PlayOpus/nrfx_spim.o
                0x0000000100006788                SPIM0_SPIS0_TWIM0_TWIS0_SPI0_TWI0_IRQHandler

.text.nrf_uart_event_clear
                0x00000001000067f0       0x10
 .text.nrf_uart_event_clear
                0x00000001000067f0       0x10 Output/Release/Obj/PlayOpus/nrfx_uart.o

.text.tx_byte   0x0000000100006800       0x1e
 .text.tx_byte  0x0000000100006800       0x1e Output/Release/Obj/PlayOpus/nrfx_uart.o

.text.nrf_gpio_cfg_default
                0x000000010000681e       0x38
 .text.nrf_gpio_cfg_default
                0x000000010000681e       0x1c Output/Release/Obj/PlayOpus/nrfx_uart.o
 .text.nrf_gpio_cfg_default
                0x000000010000683a       0x1c Output/Release/Obj/PlayOpus/nrfx_uarte.o

.text.rx_byte   0x0000000100006856       0x2c
 .text.rx_byte  0x0000000100006856       0x2c Output/Release/Obj/PlayOpus/nrfx_uart.o

.text.rx_done_event.constprop.0
                0x0000000100006884       0x40
 .text.rx_done_event.constprop.0
                0x0000000100006884       0x20 Output/Release/Obj/PlayOpus/nrfx_uart.o
 .text.rx_done_event.constprop.0
                0x00000001000068a4       0x20 Output/Release/Obj/PlayOpus/nrfx_uarte.o

.text.nrfx_uart_0_irq_handler
                0x00000001000068c4      0x13c
 .text.nrfx_uart_0_irq_handler
                0x00000001000068c4      0x13c Output/Release/Obj/PlayOpus/nrfx_uart.o
                0x00000001000068c4                nrfx_uart_0_irq_handler

.text.nrfx_uart_init
                0x0000000100006a00      0x1d8
 .text.nrfx_uart_init
                0x0000000100006a00      0x1d8 Output/Release/Obj/PlayOpus/nrfx_uart.o
                0x0000000100006a00                nrfx_uart_init

.text.nrfx_uart_uninit
                0x0000000100006bd8       0xbc
 .text.nrfx_uart_uninit
                0x0000000100006bd8       0xbc Output/Release/Obj/PlayOpus/nrfx_uart.o
                0x0000000100006bd8                nrfx_uart_uninit

.text.nrfx_uart_tx
                0x0000000100006c94       0xe0
 .text.nrfx_uart_tx
                0x0000000100006c94       0xe0 Output/Release/Obj/PlayOpus/nrfx_uart.o
                0x0000000100006c94                nrfx_uart_tx

.text.nrf_uarte_event_clear
                0x0000000100006d74       0x10
 .text.nrf_uarte_event_clear
                0x0000000100006d74       0x10 Output/Release/Obj/PlayOpus/nrfx_uarte.o

.text.nrfx_uarte_0_irq_handler
                0x0000000100006d84      0x118
 .text.nrfx_uarte_0_irq_handler
                0x0000000100006d84      0x118 Output/Release/Obj/PlayOpus/nrfx_uarte.o
                0x0000000100006d84                nrfx_uarte_0_irq_handler

.text.nrfx_uarte_init
                0x0000000100006e9c      0x1f0
 .text.nrfx_uarte_init
                0x0000000100006e9c      0x1f0 Output/Release/Obj/PlayOpus/nrfx_uarte.o
                0x0000000100006e9c                nrfx_uarte_init

.text.nrfx_uarte_uninit
                0x000000010000708c      0x108
 .text.nrfx_uarte_uninit
                0x000000010000708c      0x108 Output/Release/Obj/PlayOpus/nrfx_uarte.o
                0x000000010000708c                nrfx_uarte_uninit

.text.nrfx_uarte_tx
                0x0000000100007194       0xec
 .text.nrfx_uarte_tx
                0x0000000100007194       0xec Output/Release/Obj/PlayOpus/nrfx_uarte.o
                0x0000000100007194                nrfx_uarte_tx

.text.nrf52_errata_166
                0x0000000100007280       0x14
 .text.nrf52_errata_166
                0x0000000100007280       0x14 Output/Release/Obj/PlayOpus/nrfx_usbd.o

.text.nrf52_errata_187
                0x0000000100007294       0x2c
 .text.nrf52_errata_187
                0x0000000100007294       0x2c Output/Release/Obj/PlayOpus/nrfx_usbd.o

.text.usbd_dma_pending_clear
                0x00000001000072c0       0x20
 .text.usbd_dma_pending_clear
                0x00000001000072c0       0x20 Output/Release/Obj/PlayOpus/nrfx_usbd.o

.text.ev_usbreset_handler
                0x00000001000072e0       0x34
 .text.ev_usbreset_handler
                0x00000001000072e0       0x34 Output/Release/Obj/PlayOpus/nrfx_usbd.o

.text.ev_started_handler
                0x0000000100007314        0x2
 .text.ev_started_handler
                0x0000000100007314        0x2 Output/Release/Obj/PlayOpus/nrfx_usbd.o

.text.nrfx_usbd_consumer
                0x0000000100007318       0x64
 .text.nrfx_usbd_consumer
                0x0000000100007318       0x64 Output/Release/Obj/PlayOpus/nrfx_usbd.o
                0x0000000100007318                nrfx_usbd_consumer

.text.nrfx_usbd_feeder_ram
                0x000000010000737c       0x44
 .text.nrfx_usbd_feeder_ram
                0x000000010000737c       0x44 Output/Release/Obj/PlayOpus/nrfx_usbd.o
                0x000000010000737c                nrfx_usbd_feeder_ram

.text.nrfx_usbd_feeder_ram_zlp
                0x00000001000073c0       0x4c
 .text.nrfx_usbd_feeder_ram_zlp
                0x00000001000073c0       0x4c Output/Release/Obj/PlayOpus/nrfx_usbd.o
                0x00000001000073c0                nrfx_usbd_feeder_ram_zlp

.text.ep_state_access
                0x000000010000740c       0x34
 .text.ep_state_access
                0x000000010000740c       0x34 Output/Release/Obj/PlayOpus/nrfx_usbd.o

.text.ep2bit    0x0000000100007440       0x28
 .text.ep2bit   0x0000000100007440       0x28 Output/Release/Obj/PlayOpus/nrfx_usbd.o

.text.nrfx_usbd_ep_to_endevent
                0x0000000100007468       0x34
 .text.nrfx_usbd_ep_to_endevent
                0x0000000100007468       0x34 Output/Release/Obj/PlayOpus/nrfx_usbd.o

.text.nrf_usbd_ep_enable_check
                0x000000010000749c       0x38
 .text.nrf_usbd_ep_enable_check
                0x000000010000749c       0x38 Output/Release/Obj/PlayOpus/nrfx_usbd.o

.text.nrfx_usbd_ep_to_int
                0x00000001000074d4       0x38
 .text.nrfx_usbd_ep_to_int
                0x00000001000074d4       0x38 Output/Release/Obj/PlayOpus/nrfx_usbd.o

.text.nrfx_usbd_feeder_flash
                0x000000010000750c       0x60
 .text.nrfx_usbd_feeder_flash
                0x000000010000750c       0x60 Output/Release/Obj/PlayOpus/nrfx_usbd.o
                0x000000010000750c                nrfx_usbd_feeder_flash

.text.nrfx_usbd_feeder_flash_zlp
                0x000000010000756c       0x68
 .text.nrfx_usbd_feeder_flash_zlp
                0x000000010000756c       0x68 Output/Release/Obj/PlayOpus/nrfx_usbd.o
                0x000000010000756c                nrfx_usbd_feeder_flash_zlp

.text.usbd_errata_187_211_begin
                0x00000001000075d4       0x34
 .text.usbd_errata_187_211_begin
                0x00000001000075d4       0x34 Output/Release/Obj/PlayOpus/nrfx_usbd.o

.text.usbd_errata_187_211_end
                0x0000000100007608       0x34
 .text.usbd_errata_187_211_end
                0x0000000100007608       0x34 Output/Release/Obj/PlayOpus/nrfx_usbd.o

.text.ep_to_hal.part.0
                0x000000010000763c       0x10
 .text.ep_to_hal.part.0
                0x000000010000763c       0x10 Output/Release/Obj/PlayOpus/nrfx_usbd.o

.text.nrf_usbd_epin_dma_handler
                0x000000010000764c       0x68
 .text.nrf_usbd_epin_dma_handler
                0x000000010000764c       0x68 Output/Release/Obj/PlayOpus/nrfx_usbd.o

.text.ev_dma_epin7_handler
                0x00000001000076b4        0x6
 .text.ev_dma_epin7_handler
                0x00000001000076b4        0x6 Output/Release/Obj/PlayOpus/nrfx_usbd.o

.text.ev_dma_epin6_handler
                0x00000001000076ba        0x6
 .text.ev_dma_epin6_handler
                0x00000001000076ba        0x6 Output/Release/Obj/PlayOpus/nrfx_usbd.o

.text.ev_dma_epin5_handler
                0x00000001000076c0        0x6
 .text.ev_dma_epin5_handler
                0x00000001000076c0        0x6 Output/Release/Obj/PlayOpus/nrfx_usbd.o

.text.ev_dma_epin4_handler
                0x00000001000076c6        0x6
 .text.ev_dma_epin4_handler
                0x00000001000076c6        0x6 Output/Release/Obj/PlayOpus/nrfx_usbd.o

.text.ev_dma_epin3_handler
                0x00000001000076cc        0x6
 .text.ev_dma_epin3_handler
                0x00000001000076cc        0x6 Output/Release/Obj/PlayOpus/nrfx_usbd.o

.text.ev_dma_epin2_handler
                0x00000001000076d2        0x6
 .text.ev_dma_epin2_handler
                0x00000001000076d2        0x6 Output/Release/Obj/PlayOpus/nrfx_usbd.o

.text.ev_dma_epin1_handler
                0x00000001000076d8        0x6
 .text.ev_dma_epin1_handler
                0x00000001000076d8        0x6 Output/Release/Obj/PlayOpus/nrfx_usbd.o

.text.nrf_usbd_ep0in_dma_handler
                0x00000001000076e0       0x30
 .text.nrf_usbd_ep0in_dma_handler
                0x00000001000076e0       0x30 Output/Release/Obj/PlayOpus/nrfx_usbd.o

.text.ev_dma_epin0_handler
                0x0000000100007710        0x4
 .text.ev_dma_epin0_handler
                0x0000000100007710        0x4 Output/Release/Obj/PlayOpus/nrfx_usbd.o

.text.usbd_ep_data_handler
                0x0000000100007714       0x8c
 .text.usbd_ep_data_handler
                0x0000000100007714       0x8c Output/Release/Obj/PlayOpus/nrfx_usbd.o

.text.ev_setup_data_handler
                0x00000001000077a0       0x1c
 .text.ev_setup_data_handler
                0x00000001000077a0       0x1c Output/Release/Obj/PlayOpus/nrfx_usbd.o

.text.ev_sof_handler
                0x00000001000077bc       0x44
 .text.ev_sof_handler
                0x00000001000077bc       0x44 Output/Release/Obj/PlayOpus/nrfx_usbd.o

.text.ev_dma_epout8_handler
                0x0000000100007800       0x48
 .text.ev_dma_epout8_handler
                0x0000000100007800       0x48 Output/Release/Obj/PlayOpus/nrfx_usbd.o

.text.ev_dma_epin8_handler
                0x0000000100007848       0x54
 .text.ev_dma_epin8_handler
                0x0000000100007848       0x54 Output/Release/Obj/PlayOpus/nrfx_usbd.o

.text.ev_usbevent_handler
                0x000000010000789c       0xc0
 .text.ev_usbevent_handler
                0x000000010000789c       0xc0 Output/Release/Obj/PlayOpus/nrfx_usbd.o

.text.nrfx_usbd_uninit
                0x000000010000795c       0x2c
 .text.nrfx_usbd_uninit
                0x000000010000795c       0x2c Output/Release/Obj/PlayOpus/nrfx_usbd.o
                0x000000010000795c                nrfx_usbd_uninit

.text.nrfx_usbd_enable
                0x0000000100007988      0x138
 .text.nrfx_usbd_enable
                0x0000000100007988      0x138 Output/Release/Obj/PlayOpus/nrfx_usbd.o
                0x0000000100007988                nrfx_usbd_enable

.text.nrfx_usbd_start
                0x0000000100007ac0       0x64
 .text.nrfx_usbd_start
                0x0000000100007ac0       0x64 Output/Release/Obj/PlayOpus/nrfx_usbd.o
                0x0000000100007ac0                nrfx_usbd_start

.text.nrfx_usbd_is_initialized
                0x0000000100007b24       0x10
 .text.nrfx_usbd_is_initialized
                0x0000000100007b24       0x10 Output/Release/Obj/PlayOpus/nrfx_usbd.o
                0x0000000100007b24                nrfx_usbd_is_initialized

.text.nrfx_usbd_is_enabled
                0x0000000100007b34       0x14
 .text.nrfx_usbd_is_enabled
                0x0000000100007b34       0x14 Output/Release/Obj/PlayOpus/nrfx_usbd.o
                0x0000000100007b34                nrfx_usbd_is_enabled

.text.nrfx_usbd_is_started
                0x0000000100007b48       0x1c
 .text.nrfx_usbd_is_started
                0x0000000100007b48       0x1c Output/Release/Obj/PlayOpus/nrfx_usbd.o
                0x0000000100007b48                nrfx_usbd_is_started

.text.nrfx_usbd_wakeup_req
                0x0000000100007b64       0x60
 .text.nrfx_usbd_wakeup_req
                0x0000000100007b64       0x60 Output/Release/Obj/PlayOpus/nrfx_usbd.o
                0x0000000100007b64                nrfx_usbd_wakeup_req

.text.nrfx_usbd_suspend_irq_config
                0x0000000100007bc4       0x14
 .text.nrfx_usbd_suspend_irq_config
                0x0000000100007bc4       0x14 Output/Release/Obj/PlayOpus/nrfx_usbd.o
                0x0000000100007bc4                nrfx_usbd_suspend_irq_config

.text.nrfx_usbd_active_irq_config
                0x0000000100007bd8       0x14
 .text.nrfx_usbd_active_irq_config
                0x0000000100007bd8       0x14 Output/Release/Obj/PlayOpus/nrfx_usbd.o
                0x0000000100007bd8                nrfx_usbd_active_irq_config

.text.nrfx_usbd_force_bus_wakeup
                0x0000000100007bec        0xc
 .text.nrfx_usbd_force_bus_wakeup
                0x0000000100007bec        0xc Output/Release/Obj/PlayOpus/nrfx_usbd.o
                0x0000000100007bec                nrfx_usbd_force_bus_wakeup

.text.nrfx_usbd_ep_max_packet_size_set
                0x0000000100007bf8       0x60
 .text.nrfx_usbd_ep_max_packet_size_set
                0x0000000100007bf8       0x60 Output/Release/Obj/PlayOpus/nrfx_usbd.o
                0x0000000100007bf8                nrfx_usbd_ep_max_packet_size_set

.text.nrfx_usbd_init
                0x0000000100007c58       0x90
 .text.nrfx_usbd_init
                0x0000000100007c58       0x90 Output/Release/Obj/PlayOpus/nrfx_usbd.o
                0x0000000100007c58                nrfx_usbd_init

.text.nrfx_usbd_ep_max_packet_size_get
                0x0000000100007ce8        0xa
 .text.nrfx_usbd_ep_max_packet_size_get
                0x0000000100007ce8        0xa Output/Release/Obj/PlayOpus/nrfx_usbd.o
                0x0000000100007ce8                nrfx_usbd_ep_max_packet_size_get

.text.nrfx_usbd_ep_enable_check
                0x0000000100007cf2       0x1a
 .text.nrfx_usbd_ep_enable_check
                0x0000000100007cf2       0x1a Output/Release/Obj/PlayOpus/nrfx_usbd.o
                0x0000000100007cf2                nrfx_usbd_ep_enable_check

.text.nrfx_usbd_ep_transfer
                0x0000000100007d0c      0x110
 .text.nrfx_usbd_ep_transfer
                0x0000000100007d0c      0x110 Output/Release/Obj/PlayOpus/nrfx_usbd.o
                0x0000000100007d0c                nrfx_usbd_ep_transfer

.text.nrfx_usbd_ep_handled_transfer
                0x0000000100007e1c       0x94
 .text.nrfx_usbd_ep_handled_transfer
                0x0000000100007e1c       0x94 Output/Release/Obj/PlayOpus/nrfx_usbd.o
                0x0000000100007e1c                nrfx_usbd_ep_handled_transfer

.text.nrfx_usbd_feeder_buffer_get
                0x0000000100007eb0        0x8
 .text.nrfx_usbd_feeder_buffer_get
                0x0000000100007eb0        0x8 Output/Release/Obj/PlayOpus/nrfx_usbd.o
                0x0000000100007eb0                nrfx_usbd_feeder_buffer_get

.text.nrfx_usbd_ep_status_get
                0x0000000100007eb8       0x28
 .text.nrfx_usbd_ep_status_get
                0x0000000100007eb8       0x28 Output/Release/Obj/PlayOpus/nrfx_usbd.o
                0x0000000100007eb8                nrfx_usbd_ep_status_get

.text.nrfx_usbd_epout_size_get
                0x0000000100007ee0       0x50
 .text.nrfx_usbd_epout_size_get
                0x0000000100007ee0       0x50 Output/Release/Obj/PlayOpus/nrfx_usbd.o
                0x0000000100007ee0                nrfx_usbd_epout_size_get

.text.usbd_dmareq_process
                0x0000000100007f30      0x1d8
 .text.usbd_dmareq_process
                0x0000000100007f30      0x1d8 Output/Release/Obj/PlayOpus/nrfx_usbd.o

.text.ev_epdata_handler
                0x0000000100008108       0x54
 .text.ev_epdata_handler
                0x0000000100008108       0x54 Output/Release/Obj/PlayOpus/nrfx_usbd.o

.text.nrf_usbd_epout_dma_handler
                0x000000010000815c       0x6c
 .text.nrf_usbd_epout_dma_handler
                0x000000010000815c       0x6c Output/Release/Obj/PlayOpus/nrfx_usbd.o

.text.ev_dma_epout7_handler
                0x00000001000081c8        0x6
 .text.ev_dma_epout7_handler
                0x00000001000081c8        0x6 Output/Release/Obj/PlayOpus/nrfx_usbd.o

.text.ev_dma_epout6_handler
                0x00000001000081ce        0x6
 .text.ev_dma_epout6_handler
                0x00000001000081ce        0x6 Output/Release/Obj/PlayOpus/nrfx_usbd.o

.text.ev_dma_epout5_handler
                0x00000001000081d4        0x6
 .text.ev_dma_epout5_handler
                0x00000001000081d4        0x6 Output/Release/Obj/PlayOpus/nrfx_usbd.o

.text.ev_dma_epout4_handler
                0x00000001000081da        0x6
 .text.ev_dma_epout4_handler
                0x00000001000081da        0x6 Output/Release/Obj/PlayOpus/nrfx_usbd.o

.text.ev_dma_epout3_handler
                0x00000001000081e0        0x6
 .text.ev_dma_epout3_handler
                0x00000001000081e0        0x6 Output/Release/Obj/PlayOpus/nrfx_usbd.o

.text.ev_dma_epout2_handler
                0x00000001000081e6        0x6
 .text.ev_dma_epout2_handler
                0x00000001000081e6        0x6 Output/Release/Obj/PlayOpus/nrfx_usbd.o

.text.ev_dma_epout1_handler
                0x00000001000081ec        0x6
 .text.ev_dma_epout1_handler
                0x00000001000081ec        0x6 Output/Release/Obj/PlayOpus/nrfx_usbd.o

.text.nrfx_usbd_ep_stall
                0x00000001000081f4       0x3c
 .text.nrfx_usbd_ep_stall
                0x00000001000081f4       0x3c Output/Release/Obj/PlayOpus/nrfx_usbd.o
                0x00000001000081f4                nrfx_usbd_ep_stall

.text.nrfx_usbd_ep_stall_check
                0x0000000100008230       0x40
 .text.nrfx_usbd_ep_stall_check
                0x0000000100008230       0x40 Output/Release/Obj/PlayOpus/nrfx_usbd.o
                0x0000000100008230                nrfx_usbd_ep_stall_check

.text.nrfx_usbd_ep_dtoggle_clear
                0x0000000100008270       0x48
 .text.nrfx_usbd_ep_dtoggle_clear
                0x0000000100008270       0x48 Output/Release/Obj/PlayOpus/nrfx_usbd.o
                0x0000000100008270                nrfx_usbd_ep_dtoggle_clear

.text.nrfx_usbd_setup_get
                0x00000001000082b8       0x4c
 .text.nrfx_usbd_setup_get
                0x00000001000082b8       0x4c Output/Release/Obj/PlayOpus/nrfx_usbd.o
                0x00000001000082b8                nrfx_usbd_setup_get

.text.nrfx_usbd_setup_data_clear
                0x0000000100008304       0x14
 .text.nrfx_usbd_setup_data_clear
                0x0000000100008304       0x14 Output/Release/Obj/PlayOpus/nrfx_usbd.o
                0x0000000100008304                nrfx_usbd_setup_data_clear

.text.ev_dma_epout0_handler
                0x0000000100008318       0x50
 .text.ev_dma_epout0_handler
                0x0000000100008318       0x50 Output/Release/Obj/PlayOpus/nrfx_usbd.o

.text.nrfx_usbd_setup_clear
                0x0000000100008368       0x14
 .text.nrfx_usbd_setup_clear
                0x0000000100008368       0x14 Output/Release/Obj/PlayOpus/nrfx_usbd.o
                0x0000000100008368                nrfx_usbd_setup_clear

.text.nrfx_usbd_setup_stall
                0x000000010000837c       0x14
 .text.nrfx_usbd_setup_stall
                0x000000010000837c       0x14 Output/Release/Obj/PlayOpus/nrfx_usbd.o
                0x000000010000837c                nrfx_usbd_setup_stall

.text.nrfx_usbd_last_setup_dir_get
                0x0000000100008390        0xc
 .text.nrfx_usbd_last_setup_dir_get
                0x0000000100008390        0xc Output/Release/Obj/PlayOpus/nrfx_usbd.o
                0x0000000100008390                nrfx_usbd_last_setup_dir_get

.text.nrfx_usbd_transfer_out_drop
                0x000000010000839c       0x74
 .text.nrfx_usbd_transfer_out_drop
                0x000000010000839c       0x74 Output/Release/Obj/PlayOpus/nrfx_usbd.o
                0x000000010000839c                nrfx_usbd_transfer_out_drop

.text.usbd_ep_abort